record_type|state_code|station_id|travel_dir|travel_lane|year_record|f_system|num_lanes|sample_type_volume|num_lanes_volume|method_volume|sample_type_class|num_lanes_class|method_class|algorithm_volume|num_classes|sample_type_truck|num_lanes_truck|method_truck|calibration|data_retrieval|type_sensor_1|type_sensor_2|primary_purpose|lrs_id|lrs_point|latitude|longitude|shrp_id|prev_station_id|year_established|year_discontinued|county_code|is_sample|sample_id|nhs|posted_route_signing|posted_signed_route|con_route_signing|con_signed_route|station_location
S|02|000116|3|1|23|3U|2|T|2|3|H|2|0| |15| |0|0| |2|A| |P|02281016X000|   304|61123170|149843460|    |      |99|00|020|N|133500000282|Y|0|00000000|0|        |O'Malley Rd @ Independence Dr (Volume             
S|02|000116|3|2|23|3U|2|T|2|3|H|2|0| |15| |0|0| |2|A| |P|02281016X000|   304|61123170|149843460|    |      |99|00|020|N|133500000282|Y|0|00000000|0|        |O'Malley Rd @ Independence Dr (Volume             
S|02|000122|5|1|23|1U|4|T|4|3| |0|0| |13| |0|0| |2|A| |P|02281126X000|    15|61202060|149867660|    |      |99|00|020|N|130000012725|Y|0|00000000|0|        |Seward Hwy MP 126 @ Ingra/Gambell (Vo             
S|02|000122|5|3|23|1U|4|T|4|3| |0|0| |13| |0|0| |2|A| |P|02281126X000|    15|61202060|149867660|    |      |99|00|020|N|130000012725|Y|0|00000000|0|        |Seward Hwy MP 126 @ Ingra/Gambell (Vo             
S|02|000103|3|1|23|3U|2|T|2|3|H|2|3|G|13|T|2|0| |2|B|L|P|02281107X000|  5537|61180770|149753120|    |      |03|00|020|N|            |Y|0|00000000|0|        |Tudor Rd- Between Patterson St and Ki             
S|02|000134|3|1|23|4R|1|T|1|3| |0|0| |13| |0|0| |2|A| |P|07421001X000|   139|60790510|161771310|    |      |99|00|050|N|YGZEMYPMWPZH|N|0|00000000|0|        |Chief Eddie Hoffman Hwy @ Bethel (Vol             
S|02|000108|1|3|23|1R|4|T|4|3| |0|0| |13| |0|0| |2|A| |P|01060000I000|  9289|61284160|149606690|    |      |99|00|020|N|135000006318|Y|0|00000000|0|        |Glenn Hwy MP 10.75 @ Scalehouse (Volu             
S|02|000134|7|1|23|4R|1|T|1|3| |0|0| |13| |0|0| |2|A| |P|07421001X000|   139|60790510|161771310|    |      |99|00|050|N|YGZEMYPMWPZH|N|0|00000000|0|        |Chief Eddie Hoffman Hwy @ Bethel (Vol             
S|02|000108|5|1|23|1R|4|T|4|3| |0|0| |13| |0|0| |2|A| |P|01060000I000|  9289|61284160|149606690|    |      |99|00|020|N|135000006318|Y|0|00000000|0|        |Glenn Hwy MP 10.75 @ Scalehouse (Volu             
S|02|000151|7|1|23|3U|3|T|3|3|H|3|3|G|15| |0|0| |2|P|L|P|001547500000|  4474|61195237|149861109|    |      |92|00|001|Y|155000000000|Y|0|00000000|0|00000000|NORTHERN LIGHTS BLVD - EAST OF LATOUCHE STREET - W
S|02|000109|7|1|23|3U|2|T|2|3|H|2|0| |15| |0|0| |2|A| |P|02281107X000|  4155|61180930|149798800|    |      |99|00|020|N|4E2F000F26EA|Y|0|00000000|0|        |Tudor Rd @ Tudor Center Dr. (Volume,              
S|02|000183|1|1|23|1R|1|T|1|3|H|1|0| |15| |0|0| |2|A| |P|01000000X000| 42712|60527060|150680500|    |      |99|00|122|N|CA6D4B319EF2|Y|0|00000000|0|        |Sterling Hwy MP 79.25 @ Kenai Keys (V             
S|02|000101|1|1|23|1R|1|T|1|3|H|1|0| |15| |0|0| |2|A| |P|01140000I000| 82005|62351350|150251910|    |      |99|00|170|N|170000008007|Y|0|00000000|0|        |Parks Hwy MP 117.25 @ Chulitna (Volum             
S|02|000117|5|1|23|3U|3|T|3|3| |0|0| |13| |0|0| |2|A| |P|02281321X000|  2193|61204090|149887110|    |      |99|00|020|N|134341000192|Y|0|00000000|0|        |C Street @ Chester Creek (Volume)                 
S|02|000271|5|1|23|3U|1|T|1|3|H|1|3|G|13|T|1|0| |2|P|L|P|02281133X000|   317|61227980|149890680|    |      |01|00|020|N|301A04C4D6A9|Y|0|00000000|0|        |Ocean Dock Road between railroad trac             
S|02|000121|3|1|23|3U|3|T|3|3|H|3|0| |15| |0|0| |2|A| |P|02281232X000|  1533|61141990|149901020|    |      |99|00|020|N|133700001263|Y|0|00000000|0|        |Dimond Blvd @ Arctic Blvd (Volume, Cl             
S|02|000276|7|1|23|1U|2|T|2|3|H|2|3|G|14| |0|0| |2|P|L|P|001700000000|  4646|61571404|149374453|    |      |07|00|170|Y|170000000137|Y|3|00000003|0|        |PARKS HIGHWAY AT BROADVIEW AVE                    
S|02|000102|1|1|23|1R|2|T|2|3| |0|0| |13| |0|0| |2|A| |P|01060000I000| 58013|61732750|148779690|    |      |99|00|170|N|135000053556|Y|0|00000000|0|        |Glenn Hwy MP 65.5 @ Kings River (Volu             
S|02|000121|3|2|23|3U|3|T|3|3|H|3|0| |15| |0|0| |2|A| |P|02281232X000|  1533|61141990|149901020|    |      |99|00|020|N|133700001263|Y|0|00000000|0|        |Dimond Blvd @ Arctic Blvd (Volume, Cl             
S|02|000108|5|2|23|1R|4|T|4|3| |0|0| |13| |0|0| |2|A| |P|01060000I000|  9289|61284160|149606690|    |      |99|00|020|N|135000006318|Y|0|00000000|0|        |Glenn Hwy MP 10.75 @ Scalehouse (Volu             
S|02|000107|3|1|23|1R|1|T|1|3|H|1|0| |15| |0|0| |2|A| |P|01000000X000| 51433|60511510|150906980|    |      |99|00|122|N|5A4066B825C2|Y|0|00000000|0|        |Sterling Hwy MP 88.5 CCS (Volume, Cla             
S|02|000103|3|2|23|3U|2|T|2|3|H|2|3|G|13|T|2|0| |2|B|L|P|02281107X000|  5537|61180770|149753120|    |      |03|00|020|N|            |Y|0|00000000|0|        |Tudor Rd- Between Patterson St and Ki             
S|02|000102|5|1|23|1R|2|T|2|3| |0|0| |13| |0|0| |2|A| |P|01060000I000| 58013|61732750|148779690|    |      |99|00|170|N|135000053556|Y|0|00000000|0|        |Glenn Hwy MP 65.5 @ Kings River (Volu             
S|02|000115|3|1|23|4R|1|T|1|3|H|1|0| |15| |0|0| |2|A| |P|01021005X000|  2851|60795870|148910260|    |      |99|00|020|N|132300000000|Y|0|00000000|0|        |Portage Glacier Rd MP 3 (Volume, Clas             
S|02|000102|1|2|23|1R|2|T|2|3| |0|0| |13| |0|0| |2|A| |P|01060000I000| 58013|61732750|148779690|    |      |99|00|170|N|135000053556|Y|0|00000000|0|        |Glenn Hwy MP 65.5 @ Kings River (Volu             
S|02|000107|7|1|23|1R|1|T|1|3|H|1|0| |15| |0|0| |2|A| |P|01000000X000| 51433|60511510|150906980|    |      |99|00|122|N|5A4066B825C2|Y|0|00000000|0|        |Sterling Hwy MP 88.5 CCS (Volume, Cla             
S|02|000102|5|2|23|1R|2|T|2|3| |0|0| |13| |0|0| |2|A| |P|01060000I000| 58013|61732750|148779690|    |      |99|00|170|N|135000053556|Y|0|00000000|0|        |Glenn Hwy MP 65.5 @ Kings River (Volu             
S|02|000103|7|1|23|3U|2|T|2|3|H|2|3|G|13|T|2|0| |2|B|L|P|02281107X000|  5537|61180770|149753120|    |      |03|00|020|N|            |Y|0|00000000|0|        |Tudor Rd- Between Patterson St and Ki             
S|02|000101|5|1|23|1R|1|T|1|3|H|1|0| |15| |0|0| |2|A| |P|01140000I000| 82005|62351350|150251910|    |      |99|00|170|N|170000008007|Y|0|00000000|0|        |Parks Hwy MP 117.25 @ Chulitna (Volum             
S|02|000105|1|1|23|3R|1|T|1|3| |0|0| |13| |0|0| |2|A| |P|01000000X000|114637|59804090|151837810|    |      |99|00|122|N|110000002290|Y|0|00000000|0|        |Sterling Hwy MP 154.9 @ Anchor Point              
S|02|000111|5|1|23|3R|1|T|1|3|H|1|0| |15| |0|0| |2|A| |P|01000000X000|134344|59631480|151492970|    |      |99|00|122|N|110000000000|Y|0|00000000|0|        |Sterling Hwy MP 175 @ Homer Spit (Vol             
S|02|000106|3|1|23|3U|1|T|1|3|H|1|0| |15| |0|0| |2|A| |P|02381092X000|  2965|61599530|149229250|    |      |99|00|170|N|BADB9D7F0120|Y|0|00000000|0|        |Palmer Wasilla Hwy @ Trunk Rd (Volume             
S|02|000108|1|4|23|1R|4|T|4|3| |0|0| |13| |0|0| |2|A| |P|01060000I000|  9289|61284160|149606690|    |      |99|00|020|N|135000006318|Y|0|00000000|0|        |Glenn Hwy MP 10.75 @ Scalehouse (Volu             
S|02|000126|1|2|23|3U|4|T|4|3|H|4|0| |15| |0|0| |2|A| |P|02281216I000|  4315|61166110|149914630|    |      |99|00|020|N|000105440000|Y|0|00000000|0|        |Minnesota Dr @ International Airport              
S|02|000104|1|1|23|1R|1|T|1|3|H|1|0| |15| |0|0| |2|A| |P|01020000X000|115846|61076360|149829440|    |      |99|00|020|N|130000116075|Y|0|00000000|0|        |Seward Hwy MP 117.5 @ Potter Marsh (V             
S|02|000121|7|2|23|3U|3|T|3|3|H|3|0| |15| |0|0| |2|A| |P|02281232X000|  1533|61141990|149901020|    |      |99|00|020|N|133700001263|Y|0|00000000|0|        |Dimond Blvd @ Arctic Blvd (Volume, Cl             
S|02|000103|7|2|23|3U|2|T|2|3|H|2|3|G|13|T|2|0| |2|B|L|P|02281107X000|  5537|61180770|149753120|    |      |03|00|020|N|            |Y|0|00000000|0|        |Tudor Rd- Between Patterson St and Ki             
S|02|000113|7|1|23|4R|1|T|1|3| |0|0| |13| |0|0| |2|A| |P|02061072X000|   379|59650790|151517890|    |      |99|00|122|N|110300000000|N|0|00000000|0|        |East End Rd @ Homer (Volume, Speed)               
S|02|000117|5|3|23|3U|3|T|3|3| |0|0| |13| |0|0| |2|A| |P|02281321X000|  2193|61204090|149887110|    |      |99|00|020|N|134341000192|Y|0|00000000|0|        |C Street @ Chester Creek (Volume)                 
S|02|000113|3|1|23|4R|1|T|1|3| |0|0| |13| |0|0| |2|A| |P|02061072X000|   379|59650790|151517890|    |      |99|00|122|N|110300000000|N|0|00000000|0|        |East End Rd @ Homer (Volume, Speed)               
S|02|000111|1|1|23|3R|1|T|1|3|H|1|0| |15| |0|0| |2|A| |P|01000000X000|134344|59631480|151492970|    |      |99|00|122|N|110000000000|Y|0|00000000|0|        |Sterling Hwy MP 175 @ Homer Spit (Vol             
S|02|000104|5|1|23|1R|1|T|1|3|H|1|0| |15| |0|0| |2|A| |P|01020000X000|115846|61076360|149829440|    |      |99|00|020|N|130000116075|Y|0|00000000|0|        |Seward Hwy MP 117.5 @ Potter Marsh (V             
S|02|000112|1|2|23|3U|2|T|2|3|H|2|0| |15| |0|0| |2|A| |P|02281130X000|  3811|61153360|149833900|    |      |99|00|020|N|134140000002|Y|0|00000000|0|        |Lake Otis Parkway @ 74th Ave (Volume,             
S|02|000276|7|2|23|1U|2|T|2|3|H|2|3|G|14| |0|0| |2|P|L|P|001700000000|  4646|61571404|149374453|    |      |07|00|170|Y|170000000137|Y|3|00000003|0|        |PARKS HIGHWAY AT BROADVIEW AVE                    
S|02|000119|3|2|23|3U|2|T|2|3| |0|0| |13| |0|0| |2|A| |P|02281163X000|  6728|61195430|149929360|    |      |99|00|020|N|134750006731|Y|0|00000000|0|        |Northern Lights Blvd @ Forest Park Dr             
S|02|000118|7|2|23|3U|2|T|2|3|H|2|0| |15| |0|0| |2|A| |P|02281235X000|  3206|61173750|149873670|    |      |99|00|020|N|133800000034|Y|0|00000000|0|        |International Airport Rd @ Fairbanks              
S|02|000106|7|1|23|3U|1|T|1|3|H|1|0| |15| |0|0| |2|A| |P|02381092X000|  2965|61599530|149229250|    |      |99|00|170|N|BADB9D7F0120|Y|0|00000000|0|        |Palmer Wasilla Hwy @ Trunk Rd (Volume             
S|02|000117|5|2|23|3U|3|T|3|3| |0|0| |13| |0|0| |2|A| |P|02281321X000|  2193|61204090|149887110|    |      |99|00|020|N|134341000192|Y|0|00000000|0|        |C Street @ Chester Creek (Volume)                 
S|02|000118|3|1|23|3U|2|T|2|3|H|2|0| |15| |0|0| |2|A| |P|02281235X000|  3206|61173750|149873670|    |      |99|00|020|N|133800000034|Y|0|00000000|0|        |International Airport Rd @ Fairbanks              
S|02|000108|1|2|23|1R|4|T|4|3| |0|0| |13| |0|0| |2|A| |P|01060000I000|  9289|61284160|149606690|    |      |99|00|020|N|135000006318|Y|0|00000000|0|        |Glenn Hwy MP 10.75 @ Scalehouse (Volu             
S|02|000115|7|1|23|4R|1|T|1|3|H|1|0| |15| |0|0| |2|A| |P|01021005X000|  2851|60795870|148910260|    |      |99|00|020|N|132300000000|Y|0|00000000|0|        |Portage Glacier Rd MP 3 (Volume, Clas             
S|02|000281|1|1|23|4U|2|T|2|3| |0|0| |13| |0|0| |2|A| |P|02301006X000|  2852|61296750|149540980|    |      |99|00|020|N|            |N|0|00000000|0|        |Eagle River Loop @ Briggs Bridge (Vol             
S|02|000114|1|1|23|4U|1|T|1|3|H|1|3|G|14| |0|0| |2|P|L|P|000680000000|  6525|57772825|152470214|    |      |89|00|150|Y|068500000145|Y|0|00000000|0|        |REZANOF DRIVE - WEST OF GIBSON                    
S|02|000305|1|1|23|1R|3|T|3|3|H|1|3|G|14|T|1|5|A|2|E|P|P|001350000000|  8385|61277843|149630855|    |      |03|00|020|Y|135000006336|Y|3|00000001|0|        |Glenn Hwy northbound lane appr                    
S|02|000119|7|2|23|3U|2|T|2|3| |0|0| |13| |0|0| |2|A| |P|02281163X000|  6728|61195430|149929360|    |      |99|00|020|N|134750006731|Y|0|00000000|0|        |Northern Lights Blvd @ Forest Park Dr             
S|02|000117|1|1|23|3U|3|T|3|3|H|3|0| |15| |0|0| |2|A| |P|02281101X000|  1518|61202280|149883280|    |      |99|00|020|N|134342001234|Y|0|00000000|0|        |A Street @ Chester Creek (Volume, Cla             
S|02|000105|5|1|23|3R|1|T|1|3| |0|0| |13| |0|0| |2|A| |P|01000000X000|114637|59804090|151837810|    |      |99|00|122|N|110000002290|Y|0|00000000|0|        |Sterling Hwy MP 154.9 @ Anchor Point              
S|02|000152|3|1|23|4U|1|T|1|3| |0|0| |15| |0|0| |2|L| |P|001552250000|  1560|61510638|149546087|    |      |92|00|001|Y|155000000000|N|0|00000000|0|00000000|EAGLE RIVER ROAD AT CARIBOU STREET (WAVETRONIX) - 
S|02|000122|1|4|23|1U|4|T|4|3| |0|0| |13| |0|0| |2|A| |P|02281126X000|    15|61202060|149867660|    |      |99|00|020|N|130000012725|Y|0|00000000|0|        |Seward Hwy MP 126 @ Ingra/Gambell (Vo             
S|02|000108|5|3|23|1R|4|T|4|3| |0|0| |13| |0|0| |2|A| |P|01060000I000|  9289|61284160|149606690|    |      |99|00|020|N|135000006318|Y|0|00000000|0|        |Glenn Hwy MP 10.75 @ Scalehouse (Volu             
S|02|000445|5|3|23|3U|3|T|3|3| |0|0| |13| |0|0| |2|A| |P|02281216I000|  2550|61149480|149907150|    |      |99|00|020|N|            |Y|0|00000000|0|        |Minnesota Dr CCS @ 76th (Volume)                  
S|02|000129|5|1|23|5U|1|T|1|3|H|1|0| |15| |0|0| |2|A| |P|02281229X000|   429|61147600|149981840|    |      |99|00|020|N|133700001577|N|0|00000000|0|        |Sand Lake Rd @ 80th (Volume, Class, S             
S|02|000117|1|3|23|3U|3|T|3|3|H|3|0| |15| |0|0| |2|A| |P|02281101X000|  1518|61202280|149883280|    |      |99|00|020|N|134342001234|Y|0|00000000|0|        |A Street @ Chester Creek (Volume, Cla             
S|02|000122|1|1|23|1U|4|T|4|3| |0|0| |13| |0|0| |2|A| |P|02281126X000|    15|61202060|149867660|    |      |99|00|020|N|130000012725|Y|0|00000000|0|        |Seward Hwy MP 126 @ Ingra/Gambell (Vo             
S|02|000154|7|1|23|4R|1|T|1|3|H|1|3|G|15| |0|0| |2|P|L|P|000800000000|  1080|60791653|161770415|    |      |92|00|001|Y|080000000000|N|0|00000000|0|00000000|CHIEF EDDIE HOFFMAN HWY - N OF 1ST AVE ACCESS RD -
S|02|000126|5|3|23|3U|4|T|4|3|H|4|0| |15| |0|0| |2|A| |P|02281216I000|  4315|61166110|149914630|    |      |99|00|020|N|000105440000|Y|0|00000000|0|        |Minnesota Dr @ International Airport              
S|02|000126|1|4|23|3U|4|T|4|3|H|4|0| |15| |0|0| |2|A| |P|02281216I000|  4315|61166110|149914630|    |      |99|00|020|N|000105440000|Y|0|00000000|0|        |Minnesota Dr @ International Airport              
S|02|000512|5|1|23|1R|1|T|1|3| |0|0| |13| |0|0| |2|L|N|P|001700000000|267670|64528925|149070930|    |      |87|00|290|Y|170000261132|Y|3|00000003|0|        |PARKS HIGHWAY AT NENANA (SB)                      
S|02|000131|3|3|23|3U|3|T|3|3|H|3|0| |15| |0|0| |2|A| |P|02281163X000|  4159|61195180|149854250|    |      |99|00|020|N|134750000372|Y|0|00000000|0|        |Northern Lights Blvd @ Rogers Park El             
S|02|000125|3|3|23|1U|4|T|4|3| |0|0| |13| |0|0| |2|A| |P|01060000I000|   410|61219120|149814910|    |      |99|00|020|N|130000012924|Y|0|00000000|0|        |Glenn Hwy MP 1.5 @ Bragaw (Volume, Sp             
S|02|000125|7|1|23|1U|3|T|3|3| |0|0| |13| |0|0| |2|A| |P|01060000I000|   410|61219120|149814910|    |      |99|00|020|N|130000012924|Y|0|00000000|0|        |Glenn Hwy MP 1.5 @ Bragaw (Volume, Sp             
S|02|000126|5|4|23|3U|4|T|4|3|H|4|0| |15| |0|0| |2|A| |P|02281216I000|  4315|61166110|149914630|    |      |99|00|020|N|000105440000|Y|0|00000000|0|        |Minnesota Dr @ International Airport              
S|02|000237|5|3|23|3U|4|T|4|3|H|4|0| |15| |0|0| |2|A| |P|02281216I000|  7015|61204560|149911380|    |      |99|00|020|N|860954D74B96|Y|0|00000000|0|        |Minnesota Dr @ Chester Creek (Volume,             
S|02|000110|1|1|23|7R|1|T|1|3|H|1|0| |15| |0|0| |2|A| |P|001140000I00|    18|61772160|150068460|    |      |99|00|170|N|            |N|0|00000000|0|        |Parks Hwy MP 71.9 @ Willow (Volume, C             
S|02|000112|1|1|23|3U|2|T|2|3|H|2|0| |15| |0|0| |2|A| |P|02281130X000|  3811|61153360|149833900|    |      |99|00|020|N|134140000002|Y|0|00000000|0|        |Lake Otis Parkway @ 74th Ave (Volume,             
S|02|000116|7|1|23|3U|2|T|2|3|H|2|0| |15| |0|0| |2|A| |P|02281016X000|   304|61123170|149843460|    |      |99|00|020|N|133500000282|Y|0|00000000|0|        |O'Malley Rd @ Independence Dr (Volume             
S|02|000114|5|1|23|4U|1|T|1|3|H|1|3|G|14| |0|0| |2|P|L|P|000680000000|  6525|57772825|152470214|    |      |89|00|150|Y|068500000145|Y|0|00000000|0|        |REZANOF DRIVE - WEST OF GIBSON                    
S|02|000108|5|4|23|1R|4|T|4|3| |0|0| |13| |0|0| |2|A| |P|01060000I000|  9289|61284160|149606690|    |      |99|00|020|N|135000006318|Y|0|00000000|0|        |Glenn Hwy MP 10.75 @ Scalehouse (Volu             
S|02|000119|3|1|23|3U|2|T|2|3| |0|0| |13| |0|0| |2|A| |P|02281163X000|  6728|61195430|149929360|    |      |99|00|020|N|134750006731|Y|0|00000000|0|        |Northern Lights Blvd @ Forest Park Dr             
S|02|000118|3|2|23|3U|2|T|2|3|H|2|0| |15| |0|0| |2|A| |P|02281235X000|  3206|61173750|149873670|    |      |99|00|020|N|133800000034|Y|0|00000000|0|        |International Airport Rd @ Fairbanks              
S|02|000125|3|1|23|1U|4|T|4|3| |0|0| |13| |0|0| |2|A| |P|01060000I000|   410|61219120|149814910|    |      |99|00|020|N|130000012924|Y|0|00000000|0|        |Glenn Hwy MP 1.5 @ Bragaw (Volume, Sp             
S|02|000183|5|1|23|1R|1|T|1|3|H|1|0| |15| |0|0| |2|A| |P|01000000X000| 42712|60527060|150680500|    |      |99|00|122|N|CA6D4B319EF2|Y|0|00000000|0|        |Sterling Hwy MP 79.25 @ Kenai Keys (V             
S|02|000132|3|1|23|4U|1|T|1|3|H|1|0| |15| |0|0| |2|A| |P|02301061X000|  1355|61310740|149555810|    |      |99|00|020|N|135225000207|N|0|00000000|0|        |Eagle River Rd @ Baffin St (Volume, C             
S|02|000116|7|2|23|3U|2|T|2|3|H|2|0| |15| |0|0| |2|A| |P|02281016X000|   304|61123170|149843460|    |      |99|00|020|N|133500000282|Y|0|00000000|0|        |O'Malley Rd @ Independence Dr (Volume             
S|02|000514|3|1|23|1U|2|T|2|3|H|2|3|G|15| |0|0| |2|L|N|P|01100000I000|360477|64815500|147634000|    |      |85|00|090|Y|190000359849|Y|0|00000001|0|        |Richardson Hwy @ Big Bend (MP 359) (C             
S|02|000144|5|1|23|1U|1|T|1|3| |0|0| |13| |0|0| |2|A| |P|01060000I000| 34167|61555470|149173270|    |      |99|00|170|N|B12E1E707EDD|Y|0|00000000|0|        |Glenn Hwy MP 38.5 @ Kepler (Volume, S             
S|02|000127|3|1|23|3R|2|T|2|3|H|2|0| |15| |0|0| |2|A| |P|02141077X000|  7162|60567070|151150380|    |      |99|00|122|N|117600000624|Y|0|00000000|0|        |Kenai Spur Hwy MP 7.5 (Volume, Class,             
S|02|000131|3|1|23|3U|3|T|3|3|H|3|0| |15| |0|0| |2|A| |P|02281163X000|  4159|61195180|149854250|    |      |99|00|020|N|134750000372|Y|0|00000000|0|        |Northern Lights Blvd @ Rogers Park El             
S|02|000242|1|1|23|4U|1|T|1|3|H|1|0| |15| |0|0| |2|A| |P|02281326X000|  3807|61151130|149892390|    |      |99|00|020|N|            |N|0|00000000|0|        |Arctic Blvd @ 76th (Volume, Class, Sp             
S|02|000121|7|3|23|3U|3|T|3|3|H|3|0| |15| |0|0| |2|A| |P|02281232X000|  1533|61141990|149901020|    |      |99|00|020|N|133700001263|Y|0|00000000|0|        |Dimond Blvd @ Arctic Blvd (Volume, Cl             
S|02|000121|3|3|23|3U|3|T|3|3|H|3|0| |15| |0|0| |2|A| |P|02281232X000|  1533|61141990|149901020|    |      |99|00|020|N|133700001263|Y|0|00000000|0|        |Dimond Blvd @ Arctic Blvd (Volume, Cl             
S|02|000109|3|2|23|3U|2|T|2|3|H|2|0| |15| |0|0| |2|A| |P|02281107X000|  4155|61180930|149798800|    |      |99|00|020|N|4E2F000F26EA|Y|0|00000000|0|        |Tudor Rd @ Tudor Center Dr. (Volume,              
S|02|000119|7|1|23|3U|2|T|2|3| |0|0| |13| |0|0| |2|A| |P|02281163X000|  6728|61195430|149929360|    |      |99|00|020|N|134750006731|Y|0|00000000|0|        |Northern Lights Blvd @ Forest Park Dr             
S|02|000118|7|1|23|3U|2|T|2|3|H|2|0| |15| |0|0| |2|A| |P|02281235X000|  3206|61173750|149873670|    |      |99|00|020|N|133800000034|Y|0|00000000|0|        |International Airport Rd @ Fairbanks              
S|02|000125|3|2|23|1U|4|T|4|3| |0|0| |13| |0|0| |2|A| |P|01060000I000|   410|61219120|149814910|    |      |99|00|020|N|130000012924|Y|0|00000000|0|        |Glenn Hwy MP 1.5 @ Bragaw (Volume, Sp             
S|02|000220|1|2|23|1R|2|T|2|3|H|2|0| |15| |0|0| |2|A| |P|01060000I000| 27372|61469400|149287010|    |      |99|00|020|N|130000015404|Y|0|00000000|0|        |Glenn Hwy MP 29 @ Eklutna Flats (Volu             
S|02|000238|1|2|23|3U|2|T|2|3|H|2|0| |15| |0|0| |2|A| |P|02281251X000|  3964|61133440|149863720|    |      |99|00|020|N|            |Y|0|00000000|0|        |Old Seward Hwy @ Sundown Ct (Volume,              
S|02|000125|3|4|23|1U|4|T|4|3| |0|0| |13| |0|0| |2|A| |P|01060000I000|   410|61219120|149814910|    |      |99|00|020|N|130000012924|Y|0|00000000|0|        |Glenn Hwy MP 1.5 @ Bragaw (Volume, Sp             
S|02|000126|5|1|23|3U|4|T|4|3|H|4|0| |15| |0|0| |2|A| |P|02281216I000|  4315|61166110|149914630|    |      |99|00|020|N|000105440000|Y|0|00000000|0|        |Minnesota Dr @ International Airport              
S|02|000514|7|1|23|1U|2|T|2|3|H|2|3|G|15| |0|0| |2|L|N|P|01100000I000|360477|64815500|147634000|    |      |85|00|090|Y|190000359849|Y|0|00000001|0|        |Richardson Hwy @ Big Bend (MP 359) (C             
S|02|000180|1|1|23|3R|1|T|1|3| |0|0| |13| |0|0| |2|A| |P|01020000X000| 31671|60501490|149422120|    |      |99|00|122|N|130000002915|Y|0|00000000|0|        |Seward Hwy MP 32.5 @ Moose Pass at Tr             
S|02|000131|7|2|23|3U|3|T|3|3|H|3|0| |15| |0|0| |2|A| |P|02281163X000|  4159|61195180|149854250|    |      |99|00|020|N|134750000372|Y|0|00000000|0|        |Northern Lights Blvd @ Rogers Park El             
S|02|000131|3|2|23|3U|3|T|3|3|H|3|0| |15| |0|0| |2|A| |P|02281163X000|  4159|61195180|149854250|    |      |99|00|020|N|134750000372|Y|0|00000000|0|        |Northern Lights Blvd @ Rogers Park El             
S|02|000272|7|1|23|4U|1|T|1|3|H|1|0| |15| |0|0| |2|A| |P|02141074X000| 20968|60473090|151111700|    |      |99|00|122|N|            |N|0|00000000|0|        |Kalifornsky Beach Rd MP 21.25 (Volume             
S|02|000125|7|3|23|1U|3|T|3|3| |0|0| |13| |0|0| |2|A| |P|01060000I000|   410|61219120|149814910|    |      |99|00|020|N|130000012924|Y|0|00000000|0|        |Glenn Hwy MP 1.5 @ Bragaw (Volume, Sp             
S|02|000143|1|2|23|1U|3|T|3|3|H|3|0| |15| |0|0| |2|A| |P|01020000X000|121594|61153930|149855200|    |      |99|00|020|N|130000012301|Y|0|00000000|0|        |Seward Hwy MP 123 @ Lore (Volume, Cla             
S|02|000110|5|1|23|7R|1|T|1|3|H|1|0| |15| |0|0| |2|A| |P|001140000I00|    18|61772160|150068460|    |      |99|00|170|N|            |N|0|00000000|0|        |Parks Hwy MP 71.9 @ Willow (Volume, C             
S|02|000189|7|1|23|3R|1|T|1|3|H|1|0| |15| |0|0| |2|A| |P|01000000X000|132177|59641920|151539930|    |      |99|00|122|N|YKKYDBOWLEZX|Y|0|00000000|0|        |Sterling Hwy MP 173 @ Homer Bypass (V             
S|02|000128|5|1|23|1R|1|T|1|3| |0|0| |13| |0|0| |2|A| |P|01020000X000| 77822|60818020|148977550|    |      |99|00|020|N|130000007916|Y|0|00000000|0|        |Seward Hwy MP 78.75 @ Placer River (V             
S|02|000276|1|1|23|1U|2|T|2|3|H|2|0| |15| |0|0| |2|A| |P|01140000I000|  4648|61571110|149374560|    |      |99|00|170|N|170000000137|Y|0|00000000|0|        |Parks Hwy MP 39.9 @ Broadview Ave (Vo             
S|02|000132|7|1|23|4U|1|T|1|3|H|1|0| |15| |0|0| |2|A| |P|02301061X000|  1355|61310740|149555810|    |      |99|00|020|N|135225000207|N|0|00000000|0|        |Eagle River Rd @ Baffin St (Volume, C             
S|02|000273|1|1|23|1R|1|T|1|3|H|1|0| |15| |0|0| |2|A| |P|01000000X000|  6633|60495540|149697100|    |      |99|00|122|N|110000013056|Y|0|00000000|0|        |Sterling Hwy MP 43.5 @ Cooper Landing             
S|02|000306|1|1|23|1R|3|T|3|3|H|3|3|G|13|T|3|0| |2|E|P|P|01060000I000|  8693|61280520|149623130|    |      |18|00|020|N|135000006318|Y|0|00000001|0|        |Glenn Highway WIM                                 
S|02|000504|5|2|23|3U|2|T|2|3|H|2|0| |15| |0|0| |2|P|L|P|01240000I000|   471|64841400|147705000|    |      |77|00|090|Y|152000000352|Y|0|00000002|0|        |Steese Expy @ Chena River Bridge (CCS             
S|02|000112|5|2|23|3U|2|T|2|3|H|2|0| |15| |0|0| |2|A| |P|02281130X000|  3811|61153360|149833900|    |      |99|00|020|N|134140000002|Y|0|00000000|0|        |Lake Otis Parkway @ 74th Ave (Volume,             
S|02|000131|7|1|23|3U|3|T|3|3|H|3|0| |15| |0|0| |2|A| |P|02281163X000|  4159|61195180|149854250|    |      |99|00|020|N|134750000372|Y|0|00000000|0|        |Northern Lights Blvd @ Rogers Park El             
S|02|000122|1|2|23|1U|4|T|4|3| |0|0| |13| |0|0| |2|A| |P|02281126X000|    15|61202060|149867660|    |      |99|00|020|N|130000012725|Y|0|00000000|0|        |Seward Hwy MP 126 @ Ingra/Gambell (Vo             
S|02|000299|5|1|23|5R|1|T|1|3| |0|0| |13| |0|0| |2|A| |P|02381089X000|  8460|61709960|149231080|    |      |99|00|170|N|            |N|0|00000000|0|        |Hatcher Pass Road @ Little Su Bridge              
S|02|000306|1|3|23|1R|3|T|3|3|H|3|3|G|13|T|3|0| |2|E|P|P|01060000I000|  8693|61280520|149623130|    |      |18|00|020|N|135000006318|Y|0|00000001|0|        |Glenn Highway WIM                                 
S|02|000444|5|1|23|1R|1|T|1|3|H|1|3|G|13|T|1|0| |2|B|P|P|01060000I000| 45905|61671300|149070900|    |      |11|00|170|N|001350017999|Y|0|00000001|0|        |Glenn Hwy near MP 53                              
S|02|000507|3|1|23|4U|2|T|2|3| |0|0| |13| |0|0| |2|P|L|P|02581128X000|   536|64852100|147709000|    |      |59|00|090|Y|150100000009|N|0|00000000|0|        |College Rd @ Costco (CCS)                         
S|02|000117|1|2|23|3U|3|T|3|3|H|3|0| |15| |0|0| |2|A| |P|02281101X000|  1518|61202280|149883280|    |      |99|00|020|N|134342001234|Y|0|00000000|0|        |A Street @ Chester Creek (Volume, Cla             
S|02|000179|1|1|23|4R|1|T|1|3|H|1|0| |15| |0|0| |2|A| |P|02141069X000|  3001|60521690|151206520|    |      |99|00|122|N|117626000129|N|0|00000000|0|        |Bridge Access Rd @ Kenai River Crossi             
S|02|000306|5|1|23|1R|4|T|4|3|H|4|3|G|13|T|4|0| |2|E|P|P|01060000I000|  8693|61280520|149623130|    |      |18|00|020|N|135000006318|Y|0|00000001|0|        |Glenn Highway WIM                                 
S|02|000516|1|2|23|1U|2|T|2|3|H|2|0| |15| |0|0| |2|L|N|P|01140000I000|318770|64842400|147850000|    |      |77|00|090|N|170000318796|Y|0|00000003|0|        |Parks Hwy @ Chena River Bridge (CCS)(             
S|02|000343|3|2|23|3U|2|T|2|3| |0|0| |13| |0|0| |2|A| |P|02281107X000|  5540|61180950|149753130|    |      |99|00|020|N|            |Y|0|00000000|0|        |Tudor Rd CCS @ Patterson (Volume)                 
S|02|000126|5|2|23|3U|4|T|4|3|H|4|0| |15| |0|0| |2|A| |P|02281216I000|  4315|61166110|149914630|    |      |99|00|020|N|000105440000|Y|0|00000000|0|        |Minnesota Dr @ International Airport              
S|02|000517|7|2|23|1U|2|T|2|3|H|2|3|G|14| |0|0| |2|P|L|P|001700000000|322333|64821867|147756616|    |      |88|00|090|Y|170000032233|Y|3|00000003|0|        |PARKS HIGHWAY AT LATHROP STREE                    
S|02|000121|7|1|23|3U|3|T|3|3|H|3|0| |15| |0|0| |2|A| |P|02281232X000|  1533|61141990|149901020|    |      |99|00|020|N|133700001263|Y|0|00000000|0|        |Dimond Blvd @ Arctic Blvd (Volume, Cl             
S|02|000189|3|1|23|3R|1|T|1|3|H|1|0| |15| |0|0| |2|A| |P|01000000X000|132177|59641920|151539930|    |      |99|00|122|N|YKKYDBOWLEZX|Y|0|00000000|0|        |Sterling Hwy MP 173 @ Homer Bypass (V             
S|02|000527|3|1|23|4U|2|T|2|3|H|2|3|G|15| |0|0| |2|L|N|P|02581128X000|  3702|64857400|147801000|    |      |74|00|090|Y|150100003238|N|0|00000000|0|        |College Rd East Of Hayes Ave (CCS)                
S|02|000271|1|1|23|3U|1|T|1|3|H|1|3|G|13|T|1|0| |2|P|L|P|02281133X000|   317|61227980|149890680|    |      |01|00|020|N|301A04C4D6A9|Y|0|00000000|0|        |Ocean Dock Road between railroad trac             
S|02|000343|7|1|23|3U|2|T|2|3| |0|0| |13| |0|0| |2|A| |P|02281107X000|  5540|61180950|149753130|    |      |99|00|020|N|            |Y|0|00000000|0|        |Tudor Rd CCS @ Patterson (Volume)                 
S|02|000126|1|3|23|3U|4|T|4|3|H|4|0| |15| |0|0| |2|A| |P|02281216I000|  4315|61166110|149914630|    |      |99|00|020|N|000105440000|Y|0|00000000|0|        |Minnesota Dr @ International Airport              
S|02|000273|5|1|23|1R|2|T|2|3|H|2|0| |15| |0|0| |2|A| |P|01000000X000|  6633|60495540|149697100|    |      |99|00|122|N|110000013056|Y|0|00000000|0|        |Sterling Hwy MP 43.5 @ Cooper Landing             
S|02|000122|1|3|23|1U|4|T|4|3| |0|0| |13| |0|0| |2|A| |P|02281126X000|    15|61202060|149867660|    |      |99|00|020|N|130000012725|Y|0|00000000|0|        |Seward Hwy MP 126 @ Ingra/Gambell (Vo             
S|02|000230|3|2|23|3U|2|T|2|3|H|2|0| |15| |0|0| |2|A| |P|02281273X000|   829|61209910|149814320|    |      |99|00|020|N|            |Y|0|00000000|0|        |Debarr Rd @ Northway Dr (Volume, Clas             
S|02|000529|1|1|23|4U|1|T|1|3| |0|0| |13| |0|0| |2|L|N|P|001888000000| 10565|64767239|147344942|    |      |81|00|090|Y|188800000660|N|0|00000000|0|        |EAST END BADGER LOOP ROAD (NB)                    
S|02|000127|3|2|23|3R|2|T|2|3|H|2|0| |15| |0|0| |2|A| |P|02141077X000|  7162|60567070|151150380|    |      |99|00|122|N|117600000624|Y|0|00000000|0|        |Kenai Spur Hwy MP 7.5 (Volume, Class,             
S|02|000343|7|2|23|3U|2|T|2|3| |0|0| |13| |0|0| |2|A| |P|02281107X000|  5540|61180950|149753130|    |      |99|00|020|N|            |Y|0|00000000|0|        |Tudor Rd CCS @ Patterson (Volume)                 
S|02|000445|5|2|23|3U|3|T|3|3| |0|0| |13| |0|0| |2|A| |P|02281216I000|  2550|61149480|149907150|    |      |99|00|020|N|            |Y|0|00000000|0|        |Minnesota Dr CCS @ 76th (Volume)                  
S|02|000444|1|1|23|1R|1|T|1|3|H|1|3|G|13|T|1|0| |2|B|P|P|01060000I000| 45905|61671300|149070900|    |      |11|00|170|N|001350017999|Y|0|00000001|0|        |Glenn Hwy near MP 53                              
S|02|000128|1|1|23|1R|1|T|1|3| |0|0| |13| |0|0| |2|A| |P|01020000X000| 77822|60818020|148977550|    |      |99|00|020|N|130000007916|Y|0|00000000|0|        |Seward Hwy MP 78.75 @ Placer River (V             
S|02|000122|5|4|23|1U|4|T|4|3| |0|0| |13| |0|0| |2|A| |P|02281126X000|    15|61202060|149867660|    |      |99|00|020|N|130000012725|Y|0|00000000|0|        |Seward Hwy MP 126 @ Ingra/Gambell (Vo             
S|02|000530|7|1|23|3U|2|T|2|3|H|2|0| |15| |0|0| |2|L|N|P|02581179I000|  2707|64836800|147798000|    |      |85|00|090|N|0C5A5EDFE213|Y|0|00000000|0|        |Airport Way East Of University Ave (C             
S|02|000343|3|1|23|3U|2|T|2|3| |0|0| |13| |0|0| |2|A| |P|02281107X000|  5540|61180950|149753130|    |      |99|00|020|N|            |Y|0|00000000|0|        |Tudor Rd CCS @ Patterson (Volume)                 
S|02|000443|5|1|23|1R|1|T|1|3|H|1|3|G|13|T|1|0| |2|E|P|P|01000000X000| 51465|60511310|150907880|    |      |11|00|122|N|5A4066B825C2|Y|0|00000001|0|        |Sterling Highway between Lake Terrace             
S|02|000506|3|1|23|4R|1|T|1|3|H|1|3|G|15| |0|0| |2|L|N|P|01240000I000| 11163|64959810|147615970|    |      |79|00|090|Y|152000011139|N|0|00000006|0|        |Steese Hwy North Of Fox (CCS)(MP 11)              
S|02|000506|7|1|23|4R|1|T|1|3|H|1|3|G|15| |0|0| |2|L|N|P|01240000I000| 11163|64959810|147615970|    |      |79|00|090|Y|152000011139|N|0|00000006|0|        |Steese Hwy North Of Fox (CCS)(MP 11)              
S|02|000281|5|1|23|4U|2|T|2|3| |0|0| |13| |0|0| |2|A| |P|02301006X000|  2852|61296750|149540980|    |      |99|00|020|N|            |N|0|00000000|0|        |Eagle River Loop @ Briggs Bridge (Vol             
S|02|000220|5|1|23|1R|2|T|2|3|H|2|0| |15| |0|0| |2|A| |P|01060000I000| 27372|61469400|149287010|    |      |99|00|020|N|130000015404|Y|0|00000000|0|        |Glenn Hwy MP 29 @ Eklutna Flats (Volu             
S|02|000220|5|2|23|1R|2|T|2|3|H|2|0| |15| |0|0| |2|A| |P|01060000I000| 27372|61469400|149287010|    |      |99|00|020|N|130000015404|Y|0|00000000|0|        |Glenn Hwy MP 29 @ Eklutna Flats (Volu             
S|02|000276|5|2|23|1U|2|T|2|3|H|2|0| |15| |0|0| |2|A| |P|01140000I000|  4648|61571110|149374560|    |      |99|00|170|N|170000000137|Y|0|00000000|0|        |Parks Hwy MP 39.9 @ Broadview Ave (Vo             
S|02|000143|5|1|23|1U|3|T|3|3|H|3|0| |15| |0|0| |2|A| |P|01020000X000|121594|61153930|149855200|    |      |99|00|020|N|130000012301|Y|0|00000000|0|        |Seward Hwy MP 123 @ Lore (Volume, Cla             
S|02|000503|3|1|23|1R|1|T|1|3| |0|0| |13| |0|0| |2|L|N|P|01160000X000| 33971|62962200|141632000|    |      |88|00|240|Y|1EBB36E8FA19|Y|0|00000002|0|        |Alaska Hwy @ Gardiner Creek (MP 1256)             
S|02|000504|1|2|23|3U|2|T|2|3|H|2|0| |15| |0|0| |2|P|L|P|01240000I000|   471|64841400|147705000|    |      |77|00|090|Y|152000000352|Y|0|00000002|0|        |Steese Expy @ Chena River Bridge (CCS             
S|02|000127|7|1|23|3R|2|T|2|3|H|2|0| |15| |0|0| |2|A| |P|02141077X000|  7162|60567070|151150380|    |      |99|00|122|N|117600000624|Y|0|00000000|0|        |Kenai Spur Hwy MP 7.5 (Volume, Class,             
S|02|000518|3|2|23|3U|2|T|2|3| |0|0| |13| |0|0| |2|L|N|P|02581179I000|  1462|64836800|147755000|    |      |73|00|090|N|2887DEF8EDCC|Y|0|00000000|0|        |Airport Way West Of Lathrop St (CCS)              
S|02|000237|5|2|23|3U|4|T|4|3|H|4|0| |15| |0|0| |2|A| |P|02281216I000|  7015|61204560|149911380|    |      |99|00|020|N|860954D74B96|Y|0|00000000|0|        |Minnesota Dr @ Chester Creek (Volume,             
S|02|000306|5|3|23|1R|4|T|4|3|H|4|3|G|13|T|4|0| |2|E|P|P|01060000I000|  8693|61280520|149623130|    |      |18|00|020|N|135000006318|Y|0|00000001|0|        |Glenn Highway WIM                                 
S|02|000553|3|1|23|1R|1|T|1|3|H|1|3|G|15| |0|0| |2|P|L|P|01080000X000|118472|63282100|143022000|    |      |05|00|240|Y|230000009867|Y|0|00000001|0|        |Tok Cutoff @ MP 119 (CCS)                         
S|02|000131|7|3|23|3U|3|T|3|3|H|3|0| |15| |0|0| |2|A| |P|02281163X000|  4159|61195180|149854250|    |      |99|00|020|N|134750000372|Y|0|00000000|0|        |Northern Lights Blvd @ Rogers Park El             
S|02|000238|1|1|23|3U|2|T|2|3|H|2|0| |15| |0|0| |2|A| |P|02281251X000|  3964|61133440|149863720|    |      |99|00|020|N|            |Y|0|00000000|0|        |Old Seward Hwy @ Sundown Ct (Volume,              
S|02|000518|7|1|23|3U|2|T|2|3| |0|0| |13| |0|0| |2|L|N|P|02581179I000|  1462|64836800|147755000|    |      |73|00|090|N|2887DEF8EDCC|Y|0|00000000|0|        |Airport Way West Of Lathrop St (CCS)              
S|02|000511|3|1|23|5R|1|T|1|3| |0|0| |13| |0|0| |2|P|L|P|01040000X000|    78|61708720|145160100|    |      |19|00|066|Y|ABKQAUTIZMMQ|N|0|00198000|0|        |Edgerton Hwy East Of Richardson Hwy               
S|02|000306|5|2|23|1R|4|T|4|3|H|4|3|G|13|T|4|0| |2|E|P|P|01060000I000|  8693|61280520|149623130|    |      |18|00|020|N|135000006318|Y|0|00000001|0|        |Glenn Highway WIM                                 
S|02|000230|3|1|23|3U|2|T|2|3|H|2|0| |15| |0|0| |2|A| |P|02281273X000|   829|61209910|149814320|    |      |99|00|020|N|            |Y|0|00000000|0|        |Debarr Rd @ Northway Dr (Volume, Clas             
S|02|000123|1|1|23|1R|1|T|1|3| |0|0| |13| |0|0| |2|A| |P|01060000I000| 44640|61671250|149070860|    |      |99|00|170|N|001350017999|Y|0|00000000|0|        |Glenn Hwy MP 53 CCS  (Volume)                     
S|02|000445|1|2|23|3U|2|T|2|3| |0|0| |13| |0|0| |2|A| |P|02281216I000|  2550|61149480|149907150|    |      |99|00|020|N|            |Y|0|00000000|0|        |Minnesota Dr CCS @ 76th (Volume)                  
S|02|000511|7|1|23|5R|1|T|1|3| |0|0| |13| |0|0| |2|P|L|P|01040000X000|    78|61708720|145160100|    |      |19|00|066|Y|ABKQAUTIZMMQ|N|0|00198000|0|        |Edgerton Hwy East Of Richardson Hwy               
S|02|000520|1|1|23|4R|2|T|2|3|H|2|3|G|15| |0|0| |2|L|N|P|02581106X000|   462|64874700|147675000|    |      |70|00|090|Y|7CD6FE79D419|N|0|00000000|0|        |Farmers Loop Rd West Of Steese Expy (             
S|02|000514|3|2|23|1U|2|T|2|3|H|2|3|G|15| |0|0| |2|L|N|P|01100000I000|360477|64815500|147634000|    |      |85|00|090|Y|190000359849|Y|0|00000001|0|        |Richardson Hwy @ Big Bend (MP 359) (C             
S|02|000445|1|1|23|3U|2|T|2|3| |0|0| |13| |0|0| |2|A| |P|02281216I000|  2550|61149480|149907150|    |      |99|00|020|N|            |Y|0|00000000|0|        |Minnesota Dr CCS @ 76th (Volume)                  
S|02|000520|5|1|23|4R|2|T|2|3|H|2|3|G|15| |0|0| |2|L|N|P|02581106X000|   462|64874700|147675000|    |      |70|00|090|Y|7CD6FE79D419|N|0|00000000|0|        |Farmers Loop Rd West Of Steese Expy (             
S|02|000123|5|1|23|1R|1|T|1|3| |0|0| |13| |0|0| |2|A| |P|01060000I000| 44640|61671250|149070860|    |      |99|00|170|N|001350017999|Y|0|00000000|0|        |Glenn Hwy MP 53 CCS  (Volume)                     
S|02|000507|7|1|23|4U|2|T|2|3| |0|0| |13| |0|0| |2|P|L|P|02581128X000|   536|64852100|147709000|    |      |59|00|090|Y|150100000009|N|0|00000000|0|        |College Rd @ Costco (CCS)                         
S|02|000512|1|1|23|1R|1|T|1|3| |0|0| |13| |0|0| |2|L|N|P|001700000000|267670|64528925|149070930|    |      |87|00|290|Y|170000261132|Y|3|00000003|0|        |PARKS HIGHWAY AT NENANA (NB)                      
S|02|000523|1|2|23|4U|2|T|2|3|H|2|3|G|15| |0|0| |2|P|L|P|02581180X000|   684|64840700|147779000|    |      |74|00|090|Y|150125000158|N|0|00000000|0|        |Peger Rd @ Chena River Bridge (CCS)               
S|02|000520|5|2|23|4R|2|T|2|3|H|2|3|G|15| |0|0| |2|L|N|P|02581106X000|   462|64874700|147675000|    |      |70|00|090|Y|7CD6FE79D419|N|0|00000000|0|        |Farmers Loop Rd West Of Steese Expy (             
S|02|000504|1|1|23|3U|2|T|2|3|H|2|0| |15| |0|0| |2|P|L|P|01240000I000|   471|64841400|147705000|    |      |77|00|090|Y|152000000352|Y|0|00000002|0|        |Steese Expy @ Chena River Bridge (CCS             
S|02|000522|1|2|23|3U|2|T|2|3|H|2|0| |15| |0|0| |2|L|N|P|02581185X000|  4041|64841400|147813000|    |      |74|00|090|Y|175800000000|Y|0|00000000|0|        |University Ave @ Chena River Bridge (             
S|02|000127|7|2|23|3R|2|T|2|3|H|2|0| |15| |0|0| |2|A| |P|02141077X000|  7162|60567070|151150380|    |      |99|00|122|N|117600000624|Y|0|00000000|0|        |Kenai Spur Hwy MP 7.5 (Volume, Class,             
S|02|000514|7|2|23|1U|2|T|2|3|H|2|3|G|15| |0|0| |2|L|N|P|01100000I000|360477|64815500|147634000|    |      |85|00|090|Y|190000359849|Y|0|00000001|0|        |Richardson Hwy @ Big Bend (MP 359) (C             
S|02|000513|1|1|23|1R|1|T|1|3| |0|0| |13| |0|0| |2|L|N|P|01060000I000|132239|61981700|146841000|    |      |90|00|066|Y|130000024056|Y|0|00000001|0|        |Glenn Hwy @ Nelchina Maintenance Stat             
S|02|000522|5|2|23|3U|2|T|2|3|H|2|0| |15| |0|0| |2|L|N|P|02581185X000|  4041|64841400|147813000|    |      |74|00|090|Y|175800000000|Y|0|00000000|0|        |University Ave @ Chena River Bridge (             
S|02|000532|3|2|23|3U|2|T|2|3| |0|0| |13| |0|0| |2|L|N|P|001772000000|    87|64849231|147809647|    |      |93|00|090|Y|177200000221|Y|0|00000000|0|        |JOHANSEN EXPRESSWAY EAST OF UN                    
S|02|000528|3|1|23|1U|2|T|2|3| |0|0| |13| |0|0| |2|P|L|P|01100000I000|347978|64731100|147272000|    |      |81|00|090|Y|4ED8E1EE9522|Y|0|00000002|0|        |Richardson Hwy @ Moose Creek (MP 346)             
S|02|000510|5|1|23|3R|1|T|1|3| |0|0| |13| |0|0| |2|L|N|P|01220000X000|    65|64978350|147634610|    |      |79|00|090|N|150000001112|Y|0|00000002|0|        |Elliott Hwy North of Fox (CCS) (MP 1)             
S|02|000523|1|1|23|4U|2|T|2|3|H|2|3|G|15| |0|0| |2|P|L|P|02581180X000|   684|64840700|147779000|    |      |74|00|090|Y|150125000158|N|0|00000000|0|        |Peger Rd @ Chena River Bridge (CCS)               
S|02|000143|1|3|23|1U|3|T|3|3|H|3|0| |15| |0|0| |2|A| |P|01020000X000|121594|61153930|149855200|    |      |99|00|020|N|130000012301|Y|0|00000000|0|        |Seward Hwy MP 123 @ Lore (Volume, Cla             
S|02|000673|1|1|23|1R|1|T|1|3|H|1|3|G|15| |0|0| |2|L|N|P|01140000I000|174240|63388600|148904000|    |      |14|00|068|Y|170000015083|Y|0|00000003|0|        |Parks Hwy South Of Denali Hwy (MP 210             
S|02|000546|7|1|23|1R|1|T|1|3|H|1|3|G|15| |0|0| |2|P|L|P|01100000I000|309249|64315930|146692440|    |      |64|00|090|Y|180000024082|Y|0|00190000|0|        |Richardson Hwy @ Birch Lake Maintenan             
S|02|000515|1|1|23|1R|1|T|1|3|H|1|0| |15| |0|0| |2|P|L|P|01140000I000|312300|64833000|148015000|    |      |66|00|090|Y|170000030716|Y|0|00000003|0|        |Parks Hwy @ Ester (CCS)(MP 350)                   
S|02|000143|5|3|23|1U|3|T|3|3|H|3|0| |15| |0|0| |2|A| |P|01020000X000|121594|61153930|149855200|    |      |99|00|020|N|130000012301|Y|0|00000000|0|        |Seward Hwy MP 123 @ Lore (Volume, Cla             
S|02|000518|7|2|23|3U|2|T|2|3| |0|0| |13| |0|0| |2|L|N|P|02581179I000|  1462|64836800|147755000|    |      |73|00|090|N|2887DEF8EDCC|Y|0|00000000|0|        |Airport Way West Of Lathrop St (CCS)              
S|02|000270|5|1|23|3U|3|T|3|3|H|3|3|G|13|T|3|0| |2|E|P|P|02281216I000|  3107|61149370|149907830|    |      |01|00|020|N|            |Y|0|00000000|0|        |Minnesota Drive south of Internationa             
S|02|000273|5|2|23|1R|2|T|2|3|H|2|0| |15| |0|0| |2|A| |P|01000000X000|  6633|60495540|149697100|    |      |99|00|122|N|110000013056|Y|0|00000000|0|        |Sterling Hwy MP 43.5 @ Cooper Landing             
S|02|000517|3|2|23|1U|2|T|2|3|H|2|3|G|14| |0|0| |2|P|L|P|001700000000|322333|64821867|147756616|    |      |88|00|090|Y|170000032233|Y|3|00000003|0|        |PARKS HIGHWAY AT LATHROP STREE                    
S|02|000550|1|1|23|4R|1|T|1|3| |0|0| |13| |0|0| |2|P|L|P|001900000000|221047|63415488|145748385|    |      |10|00|240|Y|190000021166|Y|3|00000004|0|        |RICH HWY @ TRIMS MAINT STATION                    
S|02|000519|5|1|23|3R|1|T|1|3|H|1|3|G|15| |0|0| |2|P|L|P|01100000I000|   349|61132220|146342590|    |      |75|00|063|Y|190000000224|Y|0|00000004|0|        |Richardson Hwy @ Valdez (CCS)(MP 1)               
S|02|000152|7|1|23|4U|1|T|1|3| |0|0| |15| |0|0| |2|L| |P|001552250000|  1560|61510638|149546087|    |      |92|00|001|Y|155000000000|N|0|00000000|0|00000000|EAGLE RIVER ROAD AT CARIBOU STREET (WAVETRONIX) - 
S|02|000513|5|1|23|1R|1|T|1|3| |0|0| |13| |0|0| |2|L|N|P|01060000I000|132239|61981700|146841000|    |      |90|00|066|Y|130000024056|Y|0|00000001|0|        |Glenn Hwy @ Nelchina Maintenance Stat             
S|02|000270|5|2|23|3U|3|T|3|3|H|3|3|G|13|T|3|0| |2|E|P|P|02281216I000|  3107|61149370|149907830|    |      |01|00|020|N|            |Y|0|00000000|0|        |Minnesota Drive south of Internationa             
S|02|000143|5|2|23|1U|3|T|3|3|H|3|0| |15| |0|0| |2|A| |P|01020000X000|121594|61153930|149855200|    |      |99|00|020|N|130000012301|Y|0|00000000|0|        |Seward Hwy MP 123 @ Lore (Volume, Cla             
S|02|000809|5|1|23|3R|1|T|1|3|H|1|3|G|14| |0|0| |2|P|L|P|002980000000|  1576|59242413|135484338|    |      |08|00|100|Y|298000000525|Y|3|00000007|0|        |HAINES HWY BTW SAWMILL & AIRPO                    
S|02|000530|3|1|23|3U|2|T|2|3|H|2|0| |15| |0|0| |2|L|N|P|02581179I000|  2707|64836800|147798000|    |      |85|00|090|N|0C5A5EDFE213|Y|0|00000000|0|        |Airport Way East Of University Ave (C             
S|02|000531|5|1|23|4U|2|T|2|3| |0|0| |13| |0|0| |2|L|N|P|02561040X000|   219|64810500|147573000|    |      |04|00|090|Y|           0|N|0|00000000|0|        |Badger Rd South Of Old Richardson Hwy             
S|02|000272|3|1|23|4U|1|T|1|3|H|1|0| |15| |0|0| |2|A| |P|02141074X000| 20968|60473090|151111700|    |      |99|00|122|N|            |N|0|00000000|0|        |Kalifornsky Beach Rd MP 21.25 (Volume             
S|02|000531|1|1|23|4U|3|T|3|3| |0|0| |13| |0|0| |2|L|N|P|02561040X000|   219|64810500|147573000|    |      |04|00|090|Y|           0|N|0|00000000|0|        |Badger Rd South Of Old Richardson Hwy             
S|02|000179|5|1|23|4R|1|T|1|3|H|1|0| |15| |0|0| |2|A| |P|02141069X000|  3001|60521690|151206520|    |      |99|00|122|N|117626000129|N|0|00000000|0|        |Bridge Access Rd @ Kenai River Crossi             
S|02|000676|5|2|23|5U|2|T|2|3| |0|0| |13| |0|0| |2|L|N|P|02581144X000|    50|64850570|147829520|    |      |15|00|090|Y|175870000000|N|0|00000000|0|        |Fairbanks St North Of Geist Rd (CCS)              
S|02|000144|1|1|23|1U|1|T|1|3| |0|0| |13| |0|0| |2|A| |P|01060000I000| 34167|61555470|149173270|    |      |99|00|170|N|B12E1E707EDD|Y|0|00000000|0|        |Glenn Hwy MP 38.5 @ Kepler (Volume, S             
S|02|113930|1|1|23|1U|3|T|3|3| |0|0| |13| |0|0| |2|A| |P|01020000X000|124246|61189730|149867010|    |      |99|00|020|N|130000012585|Y|0|00000000|0|        |Seward Hwy MP 125 Combo NB/SB @ Moose             
S|02|000527|7|1|23|4U|2|T|2|3|H|2|3|G|15| |0|0| |2|L|N|P|02581128X000|  3702|64857400|147801000|    |      |74|00|090|Y|150100003238|N|0|00000000|0|        |College Rd East Of Hayes Ave (CCS)                
S|02|000517|3|1|23|1U|2|T|2|3|H|2|3|G|14| |0|0| |2|P|L|P|001700000000|322333|64821867|147756616|    |      |88|00|090|Y|170000032233|Y|3|00000003|0|        |PARKS HIGHWAY AT LATHROP STREE                    
S|02|000676|5|1|23|5U|2|T|2|3| |0|0| |13| |0|0| |2|L|N|P|02581144X000|    50|64850570|147829520|    |      |15|00|090|Y|175870000000|N|0|00000000|0|        |Fairbanks St North Of Geist Rd (CCS)              
S|02|000230|7|2|23|3U|2|T|2|3|H|2|0| |15| |0|0| |2|A| |P|02281273X000|   829|61209910|149814320|    |      |99|00|020|N|            |Y|0|00000000|0|        |Debarr Rd @ Northway Dr (Volume, Clas             
S|02|000519|1|1|23|3R|1|T|1|3|H|1|3|G|15| |0|0| |2|P|L|P|01100000I000|   349|61132220|146342590|    |      |75|00|063|Y|190000000224|Y|0|00000004|0|        |Richardson Hwy @ Valdez (CCS)(MP 1)               
S|02|000151|3|1|23|3U|3|T|3|3|H|3|3|G|15| |0|0| |2|P|L|P|001547500000|  4474|61195237|149861109|    |      |92|00|001|Y|155000000000|Y|0|00000000|0|00000000|NORTHERN LIGHTS BLVD - EAST OF LATOUCHE STREET - E
S|02|134340|7|1|23|3U|2|T|2|3|H|2|0| |15| |0|0| |2|A| |P|02281324X000|  4899|61159380|149917980|    |      |99|00|020|N|            |Y|0|00000000|0|        |Raspberry Rd @ Northwood St (Volume,              
S|02|000529|5|1|23|4U|1|T|1|3| |0|0| |13| |0|0| |2|L|N|P|001888000000| 10565|64767239|147344942|    |      |81|00|090|Y|188800000660|N|0|00000000|0|        |EAST END BADGER LOOP ROAD (SB)                    
S|02|000553|7|1|23|1R|1|T|1|3|H|1|3|G|15| |0|0| |2|P|L|P|01080000X000|118472|63282100|143022000|    |      |05|00|240|Y|230000009867|Y|0|00000001|0|        |Tok Cutoff @ MP 119 (CCS)                         
S|02|000556|5|1|23|3R|1|T|1|3|H|1|3|G|15| |0|0| |2|P|L|P|01240000I000| 10534|64952300|147622000|    |      |06|00|090|Y|150000000953|Y|0|00000002|0|        |Steese Hwy South Of Fox (CCS)(MP 10)              
S|02|000525|5|1|23|4U|1|T|1|3|H|1|0| |15| |0|0| |2|L|N|P|02581157X000|  1155|64846900|147708000|    |      |73|00|090|Y|0BFEB9ED3788|N|0|00000000|0|        |Old Steese Hwy North Of Wendell Bridg             
S|02|000522|5|1|23|3U|2|T|2|3|H|2|0| |15| |0|0| |2|L|N|P|02581185X000|  4041|64841400|147813000|    |      |74|00|090|Y|175800000000|Y|0|00000000|0|        |University Ave @ Chena River Bridge (             
S|02|000942|3|1|23|4U|1|T|1|3| |0|0| |13| |0|0| |2|L|N|P|002954640000|      |57049359|135349160|    |      |04|00|220|N|            |Y|0|00000000|0|        |HARBOR DRIVE BTW SEWARD AVE &                     
S|02|000516|1|1|23|1U|2|T|2|3|H|2|0| |15| |0|0| |2|L|N|P|01140000I000|318770|64842400|147850000|    |      |77|00|090|N|170000318796|Y|0|00000003|0|        |Parks Hwy @ Chena River Bridge (CCS)(             
S|02|000521|1|1|23|5U|1|T|1|3|H|1|3|G|14| |0|0| |2|P|L|P|001888130000|  2193|64844070|147410339|    |      |81|00|090|Y|188813002290|N|0|00000000|0|        |NORDALE ROAD* CHENA BRIDGE (NB                    
S|02|000238|5|1|23|3U|2|T|2|3|H|2|0| |15| |0|0| |2|A| |P|02281251X000|  3964|61133440|149863720|    |      |99|00|020|N|            |Y|0|00000000|0|        |Old Seward Hwy @ Sundown Ct (Volume,              
S|02|000802|7|1|23|5R|1|T|1|3| |0|0| |13| |0|0| |2|L|N|P|002920000000|  6576|55550459|133096771|    |      |92|00|198|Y|B808028B8744|N|0|00000000|0|        |CRAIG/KLAWOCK/HOLLIS HWY BTW K                    
S|02|000281|1|2|23|4U|2|T|2|3| |0|0| |13| |0|0| |2|A| |P|02301006X000|  2852|61296750|149540980|    |      |99|00|020|N|            |N|0|00000000|0|        |Eagle River Loop @ Briggs Bridge (Vol             
S|02|000276|3|2|23|1U|2|T|2|3|H|2|3|G|14| |0|0| |2|P|L|P|001700000000|  4646|61571404|149374453|    |      |07|00|170|Y|170000000137|Y|3|00000003|0|        |PARKS HIGHWAY AT BROADVIEW AVE                    
S|02|160708|1|1|23|5R|1|T|1|3|N|0|0|G|14|N|0|0| |2|L| |P|000000296401|     0|58404106|134584573|    |      |19|00|110|N|            |N|9|4441120X|9|  296401|Back Loop - Near Mendenhall River Bridge 16070809 
S|02|000531|5|2|23|4U|2|T|2|3| |0|0| |13| |0|0| |2|L|N|P|02561040X000|   219|64810500|147573000|    |      |04|00|090|Y|           0|N|0|00000000|0|        |Badger Rd South Of Old Richardson Hwy             
S|02|000803|5|1|23|5R|1|T|1|3| |0|0| |13| |0|0| |2|L|N|P|002933000000|   771|56460244|132379257|    |      |92|00|275|Y|293300000580|N|0|00000000|0|        |WRANGELL PTR: ZIMOVIA HWY BTW                     
S|02|000806|5|2|23|3U|2|T|2|3| |0|0| |13| |0|0| |2|L|N|P|  2960000000|      |58321306|134456026|    |      |10|00|110|N|    2.96E+11|N|3|       7|0|        |EGAN BTW TWIN LKS DR & GLACIER                    
S|02|000938|5|1|23|4U|1|T|1|3| |0|0| |13| |0|0| |2|L|N|P|002914000000|  3081|55334755|131627436|    |      |03|00|130|N|            |N|3|00000007|0|        |SOUTH TONGASS @ CEMETERY ROAD                     
S|02|000521|5|1|23|5U|1|T|1|3|H|1|3|G|14| |0|0| |2|P|L|P|001888130000|  2193|64844070|147410339|    |      |81|00|090|Y|188813002290|N|0|00000000|0|        |NORDALE ROAD* CHENA BRIDGE (SB                    
S|02|000524|1|1|23|4U|2|T|2|3|H|2|3|G|15| |0|0| |2|L|P|P|02581181X000|  3266|64843770|147721430|    |      |73|00|090|Y|176300000153|N|0|00000000|0|        |Cushman St @ Chena River Bridge (CCS)             
S|02|113530|5|1|23|1U|3|T|3|3| |0|0| |13| |0|0| |2|A| |P|01020000D000|   833|61189880|149867710|    |      |99|00|020|N|            |Y|0|00000000|0|        |Seward Hwy MP 125 SB @ Mooses Tooth (             
S|02|000522|1|1|23|3U|2|T|2|3|H|2|0| |15| |0|0| |2|L|N|P|02581185X000|  4041|64841400|147813000|    |      |74|00|090|Y|175800000000|Y|0|00000000|0|        |University Ave @ Chena River Bridge (             
S|02|000242|5|1|23|4U|1|T|1|3|H|1|0| |15| |0|0| |2|A| |P|02281326X000|  3807|61151130|149892390|    |      |99|00|020|N|            |N|0|00000000|0|        |Arctic Blvd @ 76th (Volume, Class, Sp             
S|02|000804|1|1|23|5R|1|T|1|3| |0|0| |13| |0|0| |2|L|N|P|002940000000|  2451|56776455|132964964|    |      |92|00|195|Y|9D2B970EFC3F|Y|3|00000007|0|        |MITKOF HWY PTR* S JCT SCOW BAY                    
S|02|000237|1|1|23|3U|2|T|2|3|H|2|0| |15| |0|0| |2|A| |P|02281216I000|  7015|61204560|149911380|    |      |99|00|020|N|860954D74B96|Y|0|00000000|0|        |Minnesota Dr @ Chester Creek (Volume,             
S|02|161809|3|1|23|7R|1|T|1|3|H|1|3|G|14|N|0|0| |2|L|P|P|000000291553|     0|55409713|131720079|    |      |19|00|130|N|            |N|9|4041036X|9|  291553|Revilla Rd 16180936                               
S|02|000805|5|1|23|4U|1|T|1|3| |0|0| |13| |0|0| |2|L|N|P|002960000000| 15758|58387834|134744263|    |      |08|00|110|Y|UYILVTJQDIYN|N|3|00000007|0|        |GLACIER HWY BTW N LENA & AUKE                     
S|02|000532|7|1|23|3U|2|T|2|3| |0|0| |13| |0|0| |2|L|N|P|001772000000|    87|64849231|147809647|    |      |93|00|090|Y|177200000221|Y|0|00000000|0|        |JOHANSEN EXPRESSWAY EAST OF UN                    
S|02|170005|1|1|23|3U|1|T|1|3| |0|0| |13| |0|0| |2|A| |P|02381037X000|  4433|61549120|149541510|    |      |99|00|170|N|170044004087|Y|0|00000000|0|        |Knik Goose Bay Rd MP 4.5 @ Clapp (Vol             
S|02|000276|5|1|23|1U|2|T|2|3|H|2|0| |15| |0|0| |2|A| |P|01140000I000|  4648|61571110|149374560|    |      |99|00|170|N|170000000137|Y|0|00000000|0|        |Parks Hwy MP 39.9 @ Broadview Ave (Vo             
S|02|000675|3|1|23|3U|2|T|2|3| |0|0| |13| |0|0| |2|L|N|P|02581068X000|   985|64849210|147846050|    |      |14|00|090|Y|175800001760|Y|0|00000000|0|        |Geist Rd West Of Thompson Dr (CCS)                
S|02|000238|5|2|23|3U|2|T|2|3|H|2|0| |15| |0|0| |2|A| |P|02281251X000|  3964|61133440|149863720|    |      |99|00|020|N|            |Y|0|00000000|0|        |Old Seward Hwy @ Sundown Ct (Volume,              
S|02|000806|1|2|23|3U|2|T|2|3| |0|0| |13| |0|0| |2|L|N|P|  2960000000|      |58321306|134456026|    |      |10|00|110|N|    2.96E+11|N|3|       7|0|        |EGAN BTW TWIN LKS DR & GLACIER                    
S|02|171350|1|1|23|1U|2|T|2|3| |0|0| |13| |0|0| |2|A| |P|01140000I000|    99|61554470|149247480|    |      |99|00|170|N|1FE6AC735811|Y|0|00000000|0|        |Parks Hwy MP 35 @ Parks/Glenn Interch             
S|02|134340|3|2|23|3U|3|T|3|3|H|3|0| |15| |0|0| |2|A| |P|02281324X000|  4899|61159380|149917980|    |      |99|00|020|N|            |Y|0|00000000|0|        |Raspberry Rd @ Northwood St (Volume,              
S|02|000530|7|2|23|3U|2|T|2|3|H|2|0| |15| |0|0| |2|L|N|P|02581179I000|  2707|64836800|147798000|    |      |85|00|090|N|0C5A5EDFE213|Y|0|00000000|0|        |Airport Way East Of University Ave (C             
S|02|000546|3|1|23|1R|1|T|1|3|H|1|3|G|15| |0|0| |2|P|L|P|01100000I000|309249|64315930|146692440|    |      |64|00|090|Y|180000024082|Y|0|00190000|0|        |Richardson Hwy @ Birch Lake Maintenan             
S|02|000524|1|2|23|4U|2|T|2|3|H|2|3|G|15| |0|0| |2|L|P|P|02581181X000|  3266|64843770|147721430|    |      |73|00|090|Y|176300000153|N|0|00000000|0|        |Cushman St @ Chena River Bridge (CCS)             
S|02|000516|5|2|23|1U|2|T|2|3|H|2|0| |15| |0|0| |2|L|N|P|01140000I000|318770|64842400|147850000|    |      |77|00|090|N|170000318796|Y|0|00000003|0|        |Parks Hwy @ Chena River Bridge (CCS)(             
S|02|000299|1|1|23|5R|1|T|1|3| |0|0| |13| |0|0| |2|A| |P|02381089X000|  8460|61709960|149231080|    |      |99|00|170|N|            |N|0|00000000|0|        |Hatcher Pass Road @ Little Su Bridge              
S|02|000281|5|2|23|4U|2|T|2|3| |0|0| |13| |0|0| |2|A| |P|02301006X000|  2852|61296750|149540980|    |      |99|00|020|N|            |N|0|00000000|0|        |Eagle River Loop @ Briggs Bridge (Vol             
S|02|000505|5|1|23|1R|1|T|1|3|H|1|0| |15| |0|0| |2|P|L|P|01100000I000|121398|62159200|145463000|    |      |59|00|066|Y|BCA7BC3D1D10|Y|0|00000001|0|        |Richardson Hwy North of Glennallen (M             
S|02|000666|3|1|23|6U|1|T|1|3|H|1|3|G|15| |0|0| |2|P|L|P|02561000X000|  3209|64776850|147349380|    |      |19|00|090|N|188500002642|N|0|00188500|0|        |Plack Rd East Of Badger Rd                        
S|02|000554|5|1|23|3R|1|T|1|3|H|1|3|G|14| |0|0| |2|P|L|P|001900000000| 65814|61442310|145111594|    |      |10|00|261|Y|190000060316|Y|3|00000004|0|        |RICH HWY @ ERNESTINE MAINT STA                    
S|02|170040|1|1|23|1U|2|T|2|3|H|2|0| |15| |0|0| |2|A| |P|01140000I000|  9085|61579360|149504130|    |      |99|00|170|N|            |Y|0|00000000|0|        |Parks Hwy MP 44.25 @  Church Rd (Volu             
S|02|000806|1|3|23|3U|2|T|2|3| |0|0| |13| |0|0| |2|L| |P|  2960000000|      |58321306|134456026|    |      |10|00|000|N|    2.96E+11|N|3|       7|0|       0|EGAN BTW TWIN LKS DR & GLACIER AVE @ 3 MILEPOST EG
S|02|000520|1|2|23|4R|2|T|2|3|H|2|3|G|15| |0|0| |2|L|N|P|02581106X000|   462|64874700|147675000|    |      |70|00|090|Y|7CD6FE79D419|N|0|00000000|0|        |Farmers Loop Rd West Of Steese Expy (             
S|02|000306|5|4|23|1R|4|T|4|3|H|4|3|G|13|T|4|0| |2|E|P|P|01060000I000|  8693|61280520|149623130|    |      |18|00|020|N|135000006318|Y|0|00000001|0|        |Glenn Highway WIM                                 
S|02|000507|7|2|23|4U|2|T|2|3| |0|0| |13| |0|0| |2|P|L|P|02581128X000|   536|64852100|147709000|    |      |59|00|090|Y|150100000009|N|0|00000000|0|        |College Rd @ Costco (CCS)                         
S|02|000673|5|1|23|1R|1|T|1|3|H|1|3|G|15| |0|0| |2|L|N|P|01140000I000|174240|63388600|148904000|    |      |14|00|068|Y|170000015083|Y|0|00000003|0|        |Parks Hwy South Of Denali Hwy (MP 210             
S|02|000108|1|1|23|1R|4|T|4|3| |0|0| |13| |0|0| |2|A| |P|01060000I000|  9289|61284160|149606690|    |      |99|00|020|N|135000006318|Y|0|00000000|0|        |Glenn Hwy MP 10.75 @ Scalehouse (Volu             
S|02|000674|5|1|23|5R|1|T|1|3| |0|0| |13| |0|0| |2|L|N|P|09141003X000|   505|64511660|165392940|    |      |14|00|180|Y|160000057114|N|0|00000000|0|        |Nome-Teller Hwy North Of Little Creek             
S|02|000555|3|1|23|1R|1|T|1|3| |0|0| |13| |0|0| |2|P|L|P|01160000X000| 85874|63326500|142856000|    |      |05|00|240|Y|180000008745|Y|0|00000002|0|        |Alaska Hwy WIM @ MP 1310 (CCS)                    
S|02|000531|1|3|23|4U|3|T|3|3| |0|0| |13| |0|0| |2|L|N|P|02561040X000|   219|64810500|147573000|    |      |04|00|090|Y|           0|N|0|00000000|0|        |Badger Rd South Of Old Richardson Hwy             
S|02|000523|5|2|23|4U|2|T|2|3|H|2|3|G|15| |0|0| |2|P|L|P|02581180X000|   684|64840700|147779000|    |      |74|00|090|Y|150125000158|N|0|00000000|0|        |Peger Rd @ Chena River Bridge (CCS)               
S|02|000530|3|2|23|3U|2|T|2|3|H|2|0| |15| |0|0| |2|L|N|P|02581179I000|  2707|64836800|147798000|    |      |85|00|090|N|0C5A5EDFE213|Y|0|00000000|0|        |Airport Way East Of University Ave (C             
S|02|000679|7|1|23|1R|1|T|1|3|H|1|3|G|15| |0|0| |2|L|N|P|01160000X000| 77589|63311230|142602160|    |      |14|00|240|Y|C94AA416B1C7|Y|0|00000002|0|        |Alaska Hwy East Of Tetlin Jct (MP 130             
S|02|000505|1|1|23|1R|1|T|1|3|H|1|0| |15| |0|0| |2|P|L|P|01100000I000|121398|62159200|145463000|    |      |59|00|066|Y|BCA7BC3D1D10|Y|0|00000001|0|        |Richardson Hwy North of Glennallen (M             
S|02|000526|7|2|23|3U|2|T|2|3|H|2|3|G|14| |0|0| |2|P|L|P|001757000000|   121|64835476|147709886|    |      |78|00|090|Y|170000032467|Y|0|00000000|0|        |AIRPORT WAY BETWEEN STEESE EXP                    
S|02|000270|1|1|23|3U|2|T|2|3|H|2|3|G|13|T|2|0| |2|E|P|P|02281216I000|  3107|61149370|149907830|    |      |01|00|020|N|            |Y|0|00000000|0|        |Minnesota Drive south of Internationa             
S|02|177200|7|1|23|3U|2|T|2|3| |0|0| |13| |0|0| |2|P|X|P|02581113I000|    94|64849240|147809440|    |      |16|00|090|Y|177200000221|Y|0|00000000|0|        |Johansen Expy East of University Ave              
S|02|000942|7|1|23|4U|1|T|1|3| |0|0| |13| |0|0| |2|L|N|P|002954640000|      |57049359|135349160|    |      |04|00|220|N|            |Y|0|00000000|0|        |HARBOR DRIVE BTW SEWARD AVE &                     
S|02|177200|3|3|23|3U|3|T|3|3| |0|0| |13| |0|0| |2|P|X|P|02581113I000|    94|64849240|147809440|    |      |16|00|090|Y|177200000221|Y|0|00000000|0|        |Johansen Expy East of University Ave              
S|02|000674|1|1|23|5R|1|T|1|3| |0|0| |13| |0|0| |2|L|N|P|09141003X000|   505|64511660|165392940|    |      |14|00|180|Y|160000057114|N|0|00000000|0|        |Nome-Teller Hwy North Of Little Creek             
S|02|170700|7|1|23|4U|1|T|1|3| |0|0| |13| |0|0| |2|A| |P|02381095X000|  2344|61609640|149188760|    |      |99|00|170|N|            |N|0|00000000|0|        |Bogard Rd @ 49th State St (Volume, Sp             
S|02|000675|3|2|23|3U|2|T|2|3| |0|0| |13| |0|0| |2|L|N|P|02581068X000|   985|64849210|147846050|    |      |14|00|090|Y|175800001760|Y|0|00000000|0|        |Geist Rd West Of Thompson Dr (CCS)                
S|02|000808|5|1|23|4U|1|T|1|3| |0|0| |13| |0|0| |2|L|N|P|002954000000|      |57056926|135344992|    |      |98|00|220|Y|296400006070|Y|0|00000000|0|        |HALIBUT PT RD BTW KATLIAN & MA                    
S|02|000805|1|1|23|4U|1|T|1|3| |0|0| |13| |0|0| |2|L|N|P|002960000000| 15758|58387834|134744263|    |      |08|00|110|Y|UYILVTJQDIYN|N|3|00000007|0|        |GLACIER HWY BTW N LENA & AUKE                     
S|02|000531|1|2|23|4U|3|T|3|3| |0|0| |13| |0|0| |2|L|N|P|02561040X000|   219|64810500|147573000|    |      |04|00|090|Y|           0|N|0|00000000|0|        |Badger Rd South Of Old Richardson Hwy             
S|02|000507|3|2|23|4U|2|T|2|3| |0|0| |13| |0|0| |2|P|L|P|02581128X000|   536|64852100|147709000|    |      |59|00|090|Y|150100000009|N|0|00000000|0|        |College Rd @ Costco (CCS)                         
S|02|000528|3|2|23|1U|2|T|2|3| |0|0| |13| |0|0| |2|P|L|P|01100000I000|347978|64731100|147272000|    |      |81|00|090|Y|4ED8E1EE9522|Y|0|00000002|0|        |Richardson Hwy @ Moose Creek (MP 346)             
S|02|000528|7|1|23|1U|2|T|2|3| |0|0| |13| |0|0| |2|P|L|P|01100000I000|347978|64731100|147272000|    |      |81|00|090|Y|4ED8E1EE9522|Y|0|00000002|0|        |Richardson Hwy @ Moose Creek (MP 346)             
S|02|000270|5|3|23|3U|3|T|3|3|H|3|3|G|13|T|3|0| |2|E|P|P|02281216I000|  3107|61149370|149907830|    |      |01|00|020|N|            |Y|0|00000000|0|        |Minnesota Drive south of Internationa             
S|02|113130|1|3|23|1U|3|T|3|3| |0|0| |13| |0|0| |2|A| |P|01020000X000|124246|61189700|149866500|    |      |99|00|020|N|130000012585|Y|0|00000000|0|        |Seward Hwy MP 125 NB @ Mooses Tooth (             
S|02|319880|1|2|23|4U|2|T|2|3|H|2|3|G|15| |0|0| |2|P|L|P|02561040X000|   455|64813770|147570850|    |      |19|00|090|N|            |N|0|00188800|0|        |Badger Rd North Of Old Richardson Hwy             
S|02|000677|5|1|23|1R|1|T|1|3| |0|0| |13| |0|0| |2|L|N|P|01140000I000|209489|63822500|148989000|    |      |14|00|068|Y|170000207275|Y|0|00000003|0|        |Parks Hwy @ MP 245 (CCS)                          
S|02|559650|5|2|23|1U|2|T|2|3|H|2|0| |15| |0|0| |2|A| |P|01140000I000|   992|61581470|149610120|    |      |99|00|170|N|            |Y|0|00000000|0|        |Parks Hwy MP 48 @ Vine Rd (Volume, Cl             
S|02|000803|1|1|23|5R|1|T|1|3| |0|0| |13| |0|0| |2|L|N|P|002933000000|   771|56460244|132379257|    |      |92|00|275|Y|293300000580|N|0|00000000|0|        |WRANGELL PTR: ZIMOVIA HWY BTW                     
S|02|000937|5|1|23|4U|1|T|1|3|H|1|3|G|14| |0|0| |2|P|L|P|002915000000|  1330|55368019|131716219|    |      |03|00|130|N|            |N|3|00000007|0|        |NORTH TONGASS PTR @ ROSES CABO                    
S|02|000555|7|1|23|1R|1|T|1|3| |0|0| |13| |0|0| |2|P|L|P|01160000X000| 85874|63326500|142856000|    |      |05|00|240|Y|180000008745|Y|0|00000002|0|        |Alaska Hwy WIM @ MP 1310 (CCS)                    
S|02|000532|3|1|23|3U|2|T|2|3| |0|0| |13| |0|0| |2|L|N|P|001772000000|    87|64849231|147809647|    |      |93|00|090|Y|177200000221|Y|0|00000000|0|        |JOHANSEN EXPRESSWAY EAST OF UN                    
S|02|000554|1|1|23|3R|1|T|1|3|H|1|3|G|14| |0|0| |2|P|L|P|001900000000| 65814|61442310|145111594|    |      |10|00|261|Y|190000060316|Y|3|00000004|0|        |RICH HWY @ ERNESTINE MAINT STA                    
S|02|000515|5|1|23|1R|1|T|1|3|H|1|0| |15| |0|0| |2|P|L|P|01140000I000|312300|64833000|148015000|    |      |66|00|090|Y|170000030716|Y|0|00000003|0|        |Parks Hwy @ Ester (CCS)(MP 350)                   
S|02|000528|7|2|23|1U|2|T|2|3| |0|0| |13| |0|0| |2|P|L|P|01100000I000|347978|64731100|147272000|    |      |81|00|090|Y|4ED8E1EE9522|Y|0|00000002|0|        |Richardson Hwy @ Moose Creek (MP 346)             
S|02|160000|3|1|23|7R|1|T|1|3|H|1|3|G|14|N|0|0| |2|L|P|P|      293311|      |56474887|132367342|    |      |19|00|275|N|            |N|9|4261000X|9|        |Spear Road Wrangell 16000001                      
S|02|000306|1|2|23|1R|3|T|3|3|H|3|3|G|13|T|3|0| |2|E|P|P|01060000I000|  8693|61280520|149623130|    |      |18|00|020|N|135000006318|Y|0|00000001|0|        |Glenn Highway WIM                                 
S|02|000443|1|1|23|1R|1|T|1|3|H|1|3|G|13|T|1|0| |2|E|P|P|01000000X000| 51465|60511310|150907880|    |      |11|00|122|N|5A4066B825C2|Y|0|00000001|0|        |Sterling Highway between Lake Terrace             
S|02|000934|6|1|23|3R|1|T|1|3|H|1|3|G|15|T|1|0| |2|Q|L|P|02041009X000|  1022|59477650|135294560|    |      |22|00|230|Y|MDLZFCPOEDKG|Y|0|00000098|0|        |Skagway - Klondike Highway WIM test               
S|02|111400|1|1|23|5R|1|T|1|3| |0|0| |13| |0|0| |2|P|N|P|05241007X000|   399|60536770|145763260|    |      |14|00|063|Y|211400000000|N|0|00000010|0|        |Point Whitshed South Of Copper River              
S|02|000678|1|1|23|1R|1|T|1|3|H|1|3|G|15| |0|0| |2|L|N|P|01140000I000|266520|64528900|149071000|    |      |14|00|290|Y|88989DD72039|Y|0|00000003|0|        |Parks Hwy South Of Nenana (Class) (CC             
S|02|170040|5|2|23|1U|2|T|2|3|H|2|0| |15| |0|0| |2|A| |P|01140000I000|  9085|61579360|149504130|    |      |99|00|170|N|            |Y|0|00000000|0|        |Parks Hwy MP 44.25 @  Church Rd (Volu             
S|02|000550|5|1|23|4R|1|T|1|3| |0|0| |13| |0|0| |2|P|L|P|001900000000|221047|63415488|145748385|    |      |10|00|240|Y|190000021166|Y|3|00000004|0|        |RICH HWY @ TRIMS MAINT STATION                    
S|02|000574|5|1|23|1R|1|T|1|3|H|1|3|G|13|T|1|0| |2|B|P|P|01160000X000| 85869|63326460|142856220|    |      |05|00|240|N|180000008745|Y|0|00000002|0|        |Alaska Highway at Milepost 1310                   
S|02|000806|1|1|23|3U|2|T|2|3| |0|0| |13| |0|0| |2|L|N|P|  2960000000|      |58321306|134456026|    |      |10|00|110|N|    2.96E+11|N|3|       7|0|        |EGAN BTW TWIN LKS DR & GLACIER                    
S|02|000526|3|1|23|3U|2|T|2|3|H|2|3|G|14| |0|0| |2|P|L|P|001757000000|   121|64835476|147709886|    |      |78|00|090|Y|170000032467|Y|0|00000000|0|        |AIRPORT WAY BETWEEN STEESE EXP                    
S|02|000572|1|1|23|3R|1|T|1|3|H|1|3|G|13|T|1|0| |2|B|P|P|01240000I000| 10548|64952350|147622060|    |      |06|00|090|Y|150000000953|Y|0|00000002|0|        |Steese Highway WIM ( FOX)                         
S|02|559650|5|1|23|1U|2|T|2|3|H|2|0| |15| |0|0| |2|A| |P|01140000I000|   992|61581470|149610120|    |      |99|00|170|N|            |Y|0|00000000|0|        |Parks Hwy MP 48 @ Vine Rd (Volume, Cl             
S|02|000445|5|1|23|3U|3|T|3|3| |0|0| |13| |0|0| |2|A| |P|02281216I000|  2550|61149480|149907150|    |      |99|00|020|N|            |Y|0|00000000|0|        |Minnesota Dr CCS @ 76th (Volume)                  
S|02|170040|1|2|23|1U|2|T|2|3|H|2|0| |15| |0|0| |2|A| |P|01140000I000|  9085|61579360|149504130|    |      |99|00|170|N|            |Y|0|00000000|0|        |Parks Hwy MP 44.25 @  Church Rd (Volu             
S|02|113130|1|2|23|1U|3|T|3|3| |0|0| |13| |0|0| |2|A| |P|01020000X000|124246|61189700|149866500|    |      |99|00|020|N|130000012585|Y|0|00000000|0|        |Seward Hwy MP 125 NB @ Mooses Tooth (             
S|02|000678|5|1|23|1R|1|T|1|3|H|1|3|G|15| |0|0| |2|L|N|P|01140000I000|266520|64528900|149071000|    |      |14|00|290|Y|88989DD72039|Y|0|00000003|0|        |Parks Hwy South Of Nenana (Class) (CC             
S|02|177200|7|2|23|3U|2|T|2|3| |0|0| |13| |0|0| |2|P|X|P|02581113I000|    94|64849240|147809440|    |      |16|00|090|Y|177200000221|Y|0|00000000|0|        |Johansen Expy East of University Ave              
S|02|000675|7|2|23|3U|2|T|2|3| |0|0| |13| |0|0| |2|L|N|P|02581068X000|   985|64849210|147846050|    |      |14|00|090|Y|175800001760|Y|0|00000000|0|        |Geist Rd West Of Thompson Dr (CCS)                
S|02|000672|5|1|23|4U|3|T|3|3| |0|0| |13| |0|0| |2|L|N|P|02581029X000|   131|64844440|147723480|    |      |13|00|090|N|            |N|0|00000000|0|        |Barnette St @ Chena River Bridge (CCS             
S|02|000806|5|1|23|3U|2|T|2|3| |0|0| |13| |0|0| |2|L|N|P|  2960000000|      |58321306|134456026|    |      |10|00|110|N|    2.96E+11|N|3|       7|0|        |EGAN BTW TWIN LKS DR & GLACIER                    
S|02|000807|5|1|23|4U|1|T|1|3|N|1|0| |13|N|0|0| |2|L|N|P|  2965000000|      |58390305|134583430|    |      |91|00|110|N|   2.965E+11|N|0|       0|0|        |RIVERSIDE PTR CEMETARY ACCESS 16070807            
S|02|000572|5|1|23|3R|1|T|1|3|H|1|3|G|13|T|1|0| |2|B|P|P|01240000I000| 10548|64952350|147622060|    |      |06|00|090|Y|150000000953|Y|0|00000002|0|        |Steese Highway WIM ( FOX)                         
S|02|000666|7|1|23|6U|1|T|1|3|H|1|3|G|15| |0|0| |2|P|L|P|02561000X000|  3209|64776850|147349380|    |      |19|00|090|N|188500002642|N|0|00188500|0|        |Plack Rd East Of Badger Rd                        
S|02|000503|7|1|23|1R|1|T|1|3| |0|0| |13| |0|0| |2|L|N|P|01160000X000| 33971|62962200|141632000|    |      |88|00|240|Y|1EBB36E8FA19|Y|0|00000002|0|        |Alaska Hwy @ Gardiner Creek (MP 1256)             
S|02|322600|1|1|23|4R|1|T|1|3|H|1|3|G|15| |0|0| |2|P|L|P|01100000I000|266718|64007970|145733250|    |      |19|00|240|Y|84B360DF48EE|Y|0|00190000|0|        |Richardson Hwy @ Jarvis Creek Bridge(             
S|02|000808|1|2|23|4U|1|T|1|3| |0|0| |13| |0|0| |2|L|N|P|002954000000|      |57056926|135344992|    |      |98|00|220|Y|296400006070|Y|0|00000000|0|        |HALIBUT PT RD BTW KATLIAN & MA                    
S|02|000677|1|1|23|1R|1|T|1|3| |0|0| |13| |0|0| |2|L|N|P|01140000I000|209489|63822500|148989000|    |      |14|00|068|Y|170000207275|Y|0|00000003|0|        |Parks Hwy @ MP 245 (CCS)                          
S|02|000672|5|2|23|4U|3|T|3|3| |0|0| |13| |0|0| |2|L|N|P|02581029X000|   131|64844440|147723480|    |      |13|00|090|N|            |N|0|00000000|0|        |Barnette St @ Chena River Bridge (CCS             
S|02|000804|5|1|23|5R|1|T|1|3| |0|0| |13| |0|0| |2|L|N|P|002940000000|  2451|56776455|132964964|    |      |92|00|195|Y|9D2B970EFC3F|Y|3|00000007|0|        |MITKOF HWY* S JCT SCOW BAY LOO                    
S|02|000680|3|1|23|1R|1|T|1|3|H|1|3|G|15| |0|0| |2|L|N|P|01160000X000|196486|64030900|145707000|    |      |14|00|240|N|40A459B4A0C9|Y|0|00000002|0|        |Alaska Hwy East Of Delta Jct (MP 1421             
S|02|000680|7|1|23|1R|1|T|1|3|H|1|3|G|15| |0|0| |2|L|N|P|01160000X000|196486|64030900|145707000|    |      |14|00|240|N|40A459B4A0C9|Y|0|00000002|0|        |Alaska Hwy East Of Delta Jct (MP 1421             
S|02|000517|7|1|23|1U|2|T|2|3|H|2|3|G|14| |0|0| |2|P|L|P|001700000000|322333|64821867|147756616|    |      |88|00|090|Y|170000032233|Y|3|00000003|0|        |PARKS HIGHWAY AT LATHROP STREE                    
S|02|370111|5|1|23|3R|1|T|1|3|H|1|3|G|14|N|0|0| |2|P|L|P|000000150000|282990|67273336|150170115|    |      |19|00|290|Y|WCVBFDZTKFUT|Y|0|  150000|9|        |Dalton Hwy @ Coldfoot (MP 175) 13100175           
S|02|316650|7|1|23|1R|1|T|1|3|H|1|3|G|15| |0|0| |2|P|L|P|01160000X000|101708|63362200|143360000|    |      |19|00|240|Y|9D5E4733AD27|Y|0|00180000|0|        |Alaska Hwy Northwest Of New Tanacross             
S|02|000681|5|1|23|4U|1|T|1|3|H|1|3|G|15| |0|0| |2|L|N|P|02561040X000| 10528|64772170|147353370|    |      |14|00|090|Y|188800000660|N|0|00000000|0|        |Badger Rd West Of Beulah Ct (CCS)                 
S|02|000896|1|1|23|3U|2|T|2|3|H|2|3|G|14| |0|0| |1|P|L|P|  2960000000|      |58358602|134532023|    |      |99|00|110|N|            |N|3|       7|0|        |EGAN BTW YANDUKIN & SUNNY PT A                    
S|02|000676|1|1|23|5U|1|T|1|3| |0|0| |13| |0|0| |2|L|N|P|02581144X000|    50|64850570|147829520|    |      |15|00|090|Y|175870000000|N|0|00000000|0|        |Fairbanks St North Of Geist Rd (CCS)              
S|02|111400|5|1|23|5R|1|T|1|3| |0|0| |13| |0|0| |2|P|N|P|05241007X000|   399|60536770|145763260|    |      |14|00|063|Y|211400000000|N|0|00000010|0|        |Point Whitshed South Of Copper River              
S|02|000896|1|2|23|3U|2|T|2|3|H|2|3|G|14| |0|0| |1|P|L|P|  2960000000|      |58358602|134532023|    |      |99|00|110|N|            |N|3|       7|0|        |EGAN BTW YANDUKIN & SUNNY PT A                    
S|02|000525|1|1|23|4U|1|T|1|3|H|1|0| |15| |0|0| |2|L|N|P|02581157X000|  1155|64846900|147708000|    |      |73|00|090|Y|0BFEB9ED3788|N|0|00000000|0|        |Old Steese Hwy North Of Wendell Bridg             
S|02|000527|7|2|23|4U|2|T|2|3|H|2|3|G|15| |0|0| |2|L|N|P|02581128X000|  3702|64857400|147801000|    |      |74|00|090|Y|150100003238|N|0|00000000|0|        |College Rd East Of Hayes Ave (CCS)                
S|02|000935|5|1|23|3R|1|T|1|3|H|1|3|G|14| |0|0| |2|P|L|P|002995000000|   837|59477732|135294421|    |      |01|00|230|Y|MDLZFCPOEDKG|Y|3|00000098|0|        |KLONDIKE HWY BTW DYEA & SANITO                    
S|02|000945|3|1|23|5U|1|T|1|3| |0|0| |13| |0|0| |2|L|N|P|002914330000|   539|55351260|131668774|    |      |04|00|130|N|            |N|0|00000000|0|        |THIRD AVENUE EXTENSION - KETCH                    
S|02|113530|5|3|23|1U|3|T|3|3| |0|0| |13| |0|0| |2|A| |P|01020000D000|   833|61189880|149867710|    |      |99|00|020|N|            |Y|0|00000000|0|        |Seward Hwy MP 125 SB @ Mooses Tooth (             
S|02|000679|3|1|23|1R|1|T|1|3|H|1|3|G|15| |0|0| |2|L|N|P|01160000X000| 77589|63311230|142602160|    |      |14|00|240|Y|C94AA416B1C7|Y|0|00000002|0|        |Alaska Hwy East Of Tetlin Jct (MP 130             
S|02|161800|7|1|23|6U|1|T|1|3|H|1|3|G|14|N|0|0| |2|L|P|P|      291567|      |55471659|131808242|    |      |19|00|130|N|            |N|9|4041081X|9|  291567|North Point Higgins 16180935                      
S|02|000918|1|1|23|5U|1|T|1|3| |0|0| |13| |0|0| |2|L|N|P|002961100000|  1070|58290015|134421634|    |      |04|00|110|Y|296110005410|N|0|00000000|0|        |DOUGLAS HIGHWAY AT JOHN STREET                    
S|02|000574|1|1|23|1R|1|T|1|3|H|1|3|G|13|T|1|0| |2|B|P|P|01160000X000| 85869|63326460|142856220|    |      |05|00|240|N|180000008745|Y|0|00000002|0|        |Alaska Highway at Milepost 1310                   
S|02|133724|7|1|23|4U|1|T|1|3|H|1|0| |15| |0|0| |2|A| |P|02281038X000|  1930|61137630|149810850|    |      |99|00|020|N|            |N|0|00000000|0|        |Abbott Road @ Elmore St (Volume, Clas             
S|02|370111|1|1|23|3R|1|T|1|3|H|1|3|G|14|N|0|0| |2|P|L|P|000000150000|282990|67273336|150170115|    |      |19|00|290|Y|WCVBFDZTKFUT|Y|0|  150000|9|        |Dalton Hwy @ Coldfoot (MP 175) 13100175           
S|02|161809|7|1|23|7R|1|T|1|3|H|1|3|G|14|N|0|0| |2|L|P|P|000000291553|     0|55409713|131720079|    |      |19|00|130|N|            |N|9|4041036X|9|  291553|Revilla Rd 16180936                               
S|02|000809|1|1|23|3R|1|T|1|3|H|1|3|G|14| |0|0| |2|P|L|P|002980000000|  1576|59242413|135484338|    |      |08|00|100|Y|298000000525|Y|3|00000007|0|        |HAINES HWY BTW SAWMILL & AIRPO                    
S|02|000918|5|1|23|5U|1|T|1|3| |0|0| |13| |0|0| |2|L|N|P|002961100000|  1070|58290015|134421634|    |      |04|00|110|Y|296110005410|N|0|00000000|0|        |DOUGLAS HIGHWAY AT JOHN STREET                    
S|02|000672|5|3|23|4U|3|T|3|3| |0|0| |13| |0|0| |2|L|N|P|02581029X000|   131|64844440|147723480|    |      |13|00|090|N|            |N|0|00000000|0|        |Barnette St @ Chena River Bridge (CCS             
S|02|134340|3|1|23|3U|3|T|3|3|H|3|0| |15| |0|0| |2|A| |P|02281324X000|  4899|61159380|149917980|    |      |99|00|020|N|            |Y|0|00000000|0|        |Raspberry Rd @ Northwood St (Volume,              
S|02|134340|7|2|23|3U|2|T|2|3|H|2|0| |15| |0|0| |2|A| |P|02281324X000|  4899|61159380|149917980|    |      |99|00|020|N|            |Y|0|00000000|0|        |Raspberry Rd @ Northwood St (Volume,              
S|02|170004|1|1|23|3U|1|T|1|3| |0|0| |13| |0|0| |2|A| |P|02381037X000|  2241|61558930|149480190|    |      |99|00|170|N|170044001198|Y|0|00000000|0|        |Knik Goose Bay Rd MP 2.25 @ Iditarod              
S|02|000945|7|1|23|5U|1|T|1|3| |0|0| |13| |0|0| |2|L|N|P|002914330000|   539|55351260|131668774|    |      |04|00|130|N|            |N|0|00000000|0|        |THIRD AVENUE EXTENSION - KETCH                    
S|02|000675|7|1|23|3U|2|T|2|3| |0|0| |13| |0|0| |2|L|N|P|02581068X000|   985|64849210|147846050|    |      |14|00|090|Y|175800001760|Y|0|00000000|0|        |Geist Rd West Of Thompson Dr (CCS)                
S|02|141000|1|1|23|1R|1|T|1|3| |0|0| |13| |0|0| |2|A| |P|01020000X000| 45292|60640440|149500640|    |      |99|00|122|N|130000003922|Y|0|00000000|0|        |Seward Hwy MP 45 @ Summit Lake (Volum             
S|02|141000|5|1|23|1R|1|T|1|3| |0|0| |13| |0|0| |2|A| |P|01020000X000| 45292|60640440|149500640|    |      |99|00|122|N|130000003922|Y|0|00000000|0|        |Seward Hwy MP 45 @ Summit Lake (Volum             
S|02|559650|1|1|23|1U|2|T|2|3|H|2|0| |15| |0|0| |2|A| |P|01140000I000|   992|61581470|149610120|    |      |99|00|170|N|            |Y|0|00000000|0|        |Parks Hwy MP 48 @ Vine Rd (Volume, Cl             
S|02|000896|5|1|23|3U|2|T|2|3|H|2|3|G|14| |0|0| |1|P|L|P|  2960000000|      |58358602|134532023|    |      |99|00|110|N|            |N|3|       7|0|        |EGAN BTW YANDUKIN & SUNNY PT A                    
S|02|113130|1|1|23|1U|3|T|3|3| |0|0| |13| |0|0| |2|A| |P|01020000X000|124246|61189700|149866500|    |      |99|00|020|N|130000012585|Y|0|00000000|0|        |Seward Hwy MP 125 NB @ Mooses Tooth (             
S|02|000808|1|1|23|4U|1|T|1|3| |0|0| |13| |0|0| |2|L|N|P|002954000000|      |57056926|135344992|    |      |98|00|220|Y|296400006070|Y|0|00000000|0|        |HALIBUT PT RD BTW KATLIAN & MA                    
S|02|312900|7|1|23|6U|1|T|1|3|H|1|3|G|15| |0|0| |2|P|L|P|02581083X000|   229|64837710|147804830|    |      |19|00|090|N|175276000345|N|0|00175726|0|        |Geraghty Ave West Of Washington Dr                
S|02|160708|5|1|23|5R|1|T|1|3|N|0|0|G|14|N|0|0| |2|L| |P|000000296401|     0|58404106|134584573|    |      |19|00|110|N|            |N|9|4441120X|9|  296401|Back Loop - Near Mendenhall River Bridge 16070809 
S|02|170004|5|1|23|3U|1|T|1|3| |0|0| |13| |0|0| |2|A| |P|02381037X000|  2241|61558930|149480190|    |      |99|00|170|N|170044001198|Y|0|00000000|0|        |Knik Goose Bay Rd MP 2.25 @ Iditarod              
S|02|171350|5|1|23|1U|2|T|2|3| |0|0| |13| |0|0| |2|A| |P|01140000I000|    99|61554470|149247480|    |      |99|00|170|N|1FE6AC735811|Y|0|00000000|0|        |Parks Hwy MP 35 @ Parks/Glenn Interch             
S|02|000896|5|2|23|3U|2|T|2|3|H|2|3|G|14| |0|0| |1|P|L|P|  2960000000|      |58358602|134532023|    |      |99|00|110|N|            |N|3|       7|0|        |EGAN BTW YANDUKIN & SUNNY PT A                    
S|02|319880|5|1|23|4U|2|T|2|3|H|2|3|G|15| |0|0| |2|P|L|P|02561040X000|   455|64813770|147570850|    |      |19|00|090|N|            |N|0|00188800|0|        |Badger Rd North Of Old Richardson Hwy             
S|02|113930|1|3|23|1U|3|T|3|3| |0|0| |13| |0|0| |2|A| |P|01020000X000|124246|61189730|149867010|    |      |99|00|020|N|130000012585|Y|0|00000000|0|        |Seward Hwy MP 125 Combo NB/SB @ Moose             
S|02|321980|5|1|23|4R|1|T|1|3|H|1|3|G|15| |0|0| |2|P|L|P|01100000I000|188208|63025600|145495000|    |      |19|00|066|Y|190000187382|Y|0|00190000|0|        |Richardson Hwy South Of Denali Hwy(MP             
S|02|170700|3|1|23|4U|1|T|1|3| |0|0| |13| |0|0| |2|A| |P|02381095X000|  2344|61609640|149188760|    |      |99|00|170|N|            |N|0|00000000|0|        |Bogard Rd @ 49th State St (Volume, Sp             
S|02|113530|5|2|23|1U|3|T|3|3| |0|0| |13| |0|0| |2|A| |P|01020000D000|   833|61189880|149867710|    |      |99|00|020|N|            |Y|0|00000000|0|        |Seward Hwy MP 125 SB @ Mooses Tooth (             
S|02|113930|5|1|23|1U|3|T|3|3| |0|0| |13| |0|0| |2|A| |P|01020000X000|124246|61189730|149867010|    |      |99|00|020|N|130000012585|Y|0|00000000|0|        |Seward Hwy MP 125 Combo NB/SB @ Moose             
S|02|319880|5|2|23|4U|2|T|2|3|H|2|3|G|15| |0|0| |2|P|L|P|02561040X000|   455|64813770|147570850|    |      |19|00|090|N|            |N|0|00188800|0|        |Badger Rd North Of Old Richardson Hwy             
S|02|131200|7|1|23|5U|1|T|1|3|H|1|3|G|15| |0|0| |2|P|L|P|02581146X000|   326|64848490|147731820|    |      |18|00|090|N|176350000000|N|0|00176350|0|        |Phillips Field Rd West of Driveway St             
S|02|133724|3|1|23|4U|1|T|1|3|H|1|0| |15| |0|0| |2|A| |P|02281038X000|  1930|61137630|149810850|    |      |99|00|020|N|            |N|0|00000000|0|        |Abbott Road @ Elmore St (Volume, Clas             
S|02|160000|7|1|23|7R|1|T|1|3|H|1|3|G|14|N|0|0| |2|L|P|P|      293311|      |56474887|132367342|    |      |19|00|275|N|            |N|9|4261000X|9|        |Spear Road Wrangell 16000001                      
S|02|000936|3|1|23|4U|1|T|1|3| |0|0| |13| |0|0| |2|L|N|P|002955000000|   723|57051827|135317277|    |      |03|00|220|Y|296445000041|N|0|00000000|0|        |SAWMILL CREEK RD @ INDIAN RIVE                    
S|02|559650|1|2|23|1U|2|T|2|3|H|2|0| |15| |0|0| |2|A| |P|01140000I000|   992|61581470|149610120|    |      |99|00|170|N|            |Y|0|00000000|0|        |Parks Hwy MP 48 @ Vine Rd (Volume, Cl             
S|02|000937|1|1|23|4U|1|T|1|3|H|1|3|G|14| |0|0| |2|P|L|P|002915000000|  1330|55368019|131716219|    |      |03|00|130|N|            |N|3|00000007|0|        |NORTH TONGASS PTR @ ROSES CABO                    
S|02|113930|1|2|23|1U|3|T|3|3| |0|0| |13| |0|0| |2|A| |P|01020000X000|124246|61189730|149867010|    |      |99|00|020|N|130000012585|Y|0|00000000|0|        |Seward Hwy MP 125 Combo NB/SB @ Moose             
S|02|113930|5|2|23|1U|3|T|3|3| |0|0| |13| |0|0| |2|A| |P|01020000X000|124246|61189730|149867010|    |      |99|00|020|N|130000012585|Y|0|00000000|0|        |Seward Hwy MP 125 Combo NB/SB @ Moose             
S|02|134340|3|3|23|3U|3|T|3|3|H|3|0| |15| |0|0| |2|A| |P|02281324X000|  4899|61159380|149917980|    |      |99|00|020|N|            |Y|0|00000000|0|        |Raspberry Rd @ Northwood St (Volume,              
S|02|141001|1|1|23|1R|1|T|1|3| |0|0| |13| |0|0| |2|W| |P|01020000X000| 98945|60961150|149429950|    |      |21|00|020|N|            |Y|0|00000001|0|        |Seward Hwy MP 100 @ Bird (Volume, Spe             
S|02|171350|1|2|23|1U|2|T|2|3| |0|0| |13| |0|0| |2|A| |P|01140000I000|    99|61554470|149247480|    |      |99|00|170|N|1FE6AC735811|Y|0|00000000|0|        |Parks Hwy MP 35 @ Parks/Glenn Interch             
S|02|000125|7|2|23|1U|3|T|3|3| |0|0| |13| |0|0| |2|A| |P|01060000I000|   410|61219120|149814910|    |      |99|00|020|N|130000012924|Y|0|00000000|0|        |Glenn Hwy MP 1.5 @ Bragaw (Volume, Sp             
S|02|000237|5|1|23|3U|4|T|4|3|H|4|0| |15| |0|0| |2|A| |P|02281216I000|  7015|61204560|149911380|    |      |99|00|020|N|860954D74B96|Y|0|00000000|0|        |Minnesota Dr @ Chester Creek (Volume,             
S|02|000305|1|3|23|1R|3|T|3|3|H|1|3|G|14|T|1|5|A|2|E|P|P|001350000000|  8385|61277843|149630855|    |      |03|00|020|Y|135000006336|Y|3|00000001|0|        |Glenn Hwy northbound lane appr                    
S|02|000510|1|1|23|3R|1|T|1|3| |0|0| |13| |0|0| |2|L|N|P|01220000X000|    65|64978350|147634610|    |      |79|00|090|N|150000001112|Y|0|00000002|0|        |Elliott Hwy North of Fox (CCS) (MP 1)             
S|02|000516|5|1|23|1U|2|T|2|3|H|2|0| |15| |0|0| |2|L|N|P|01140000I000|318770|64842400|147850000|    |      |77|00|090|N|170000318796|Y|0|00000003|0|        |Parks Hwy @ Chena River Bridge (CCS)(             
S|02|000526|7|1|23|3U|2|T|2|3|H|2|3|G|14| |0|0| |2|P|L|P|001757000000|   121|64835476|147709886|    |      |78|00|090|Y|170000032467|Y|0|00000000|0|        |AIRPORT WAY BETWEEN STEESE EXP                    
S|02|000527|3|2|23|4U|2|T|2|3|H|2|3|G|15| |0|0| |2|L|N|P|02581128X000|  3702|64857400|147801000|    |      |74|00|090|Y|150100003238|N|0|00000000|0|        |College Rd East Of Hayes Ave (CCS)                
S|02|000556|1|1|23|3R|1|T|1|3|H|1|3|G|15| |0|0| |2|P|L|P|01240000I000| 10534|64952300|147622000|    |      |06|00|090|Y|150000000953|Y|0|00000002|0|        |Steese Hwy South Of Fox (CCS)(MP 10)              
S|02|000807|1|1|23|4U|1|T|1|3|N|1|0| |13|N|0|0| |2|L|N|P|  2965000000|      |58390305|134583430|    |      |91|00|110|N|   2.965E+11|N|0|       0|0|        |RIVERSIDE PTR CEMETARY ACCESS 16070807            
S|02|000808|5|2|23|4U|1|T|1|3| |0|0| |13| |0|0| |2|L|N|P|002954000000|      |57056926|135344992|    |      |98|00|220|Y|296400006070|Y|0|00000000|0|        |HALIBUT PT RD BTW KATLIAN & MA                    
S|02|000935|1|1|23|3R|1|T|1|3|H|1|3|G|14| |0|0| |2|P|L|P|002995000000|   837|59477732|135294421|    |      |01|00|230|Y|MDLZFCPOEDKG|Y|3|00000098|0|        |KLONDIKE HWY BTW DYEA & SANITO                    
S|02|141001|5|1|23|1R|1|T|1|3| |0|0| |13| |0|0| |2|W| |P|01020000X000| 98945|60961150|149429950|    |      |21|00|020|N|            |Y|0|00000001|0|        |Seward Hwy MP 100 @ Bird (Volume, Spe             
S|02|161800|3|1|23|6U|1|T|1|3|H|1|3|G|14|N|0|0| |2|L|P|P|      291567|      |55471659|131808242|    |      |19|00|130|N|            |N|9|4041081X|9|  291567|North Point Higgins 16180935                      
S|02|170005|5|1|23|3U|1|T|1|3| |0|0| |13| |0|0| |2|A| |P|02381037X000|  4433|61549120|149541510|    |      |99|00|170|N|170044004087|Y|0|00000000|0|        |Knik Goose Bay Rd MP 4.5 @ Clapp (Vol             
S|02|171350|5|2|23|1U|2|T|2|3| |0|0| |13| |0|0| |2|A| |P|01140000I000|    99|61554470|149247480|    |      |99|00|170|N|1FE6AC735811|Y|0|00000000|0|        |Parks Hwy MP 35 @ Parks/Glenn Interch             
S|02|177200|3|1|23|3U|3|T|3|3| |0|0| |13| |0|0| |2|P|X|P|02581113I000|    94|64849240|147809440|    |      |16|00|090|Y|177200000221|Y|0|00000000|0|        |Johansen Expy East of University Ave              
S|02|319880|1|1|23|4U|2|T|2|3|H|2|3|G|15| |0|0| |2|P|L|P|02561040X000|   455|64813770|147570850|    |      |19|00|090|N|            |N|0|00188800|0|        |Badger Rd North Of Old Richardson Hwy             
S|02|321980|1|1|23|4R|1|T|1|3|H|1|3|G|15| |0|0| |2|P|L|P|01100000I000|188208|63025600|145495000|    |      |19|00|066|Y|190000187382|Y|0|00190000|0|        |Richardson Hwy South Of Denali Hwy(MP             
S|02|000109|3|1|23|3U|2|T|2|3|H|2|0| |15| |0|0| |2|A| |P|02281107X000|  4155|61180930|149798800|    |      |99|00|020|N|4E2F000F26EA|Y|0|00000000|0|        |Tudor Rd @ Tudor Center Dr. (Volume,              
S|02|000109|7|2|23|3U|2|T|2|3|H|2|0| |15| |0|0| |2|A| |P|02281107X000|  4155|61180930|149798800|    |      |99|00|020|N|4E2F000F26EA|Y|0|00000000|0|        |Tudor Rd @ Tudor Center Dr. (Volume,              
S|02|000112|5|1|23|3U|2|T|2|3|H|2|0| |15| |0|0| |2|A| |P|02281130X000|  3811|61153360|149833900|    |      |99|00|020|N|134140000002|Y|0|00000000|0|        |Lake Otis Parkway @ 74th Ave (Volume,             
S|02|000122|5|2|23|1U|4|T|4|3| |0|0| |13| |0|0| |2|A| |P|02281126X000|    15|61202060|149867660|    |      |99|00|020|N|130000012725|Y|0|00000000|0|        |Seward Hwy MP 126 @ Ingra/Gambell (Vo             
S|02|000126|1|1|23|3U|4|T|4|3|H|4|0| |15| |0|0| |2|A| |P|02281216I000|  4315|61166110|149914630|    |      |99|00|020|N|000105440000|Y|0|00000000|0|        |Minnesota Dr @ International Airport              
S|02|000129|1|1|23|5U|1|T|1|3|H|1|0| |15| |0|0| |2|A| |P|02281229X000|   429|61147600|149981840|    |      |99|00|020|N|133700001577|N|0|00000000|0|        |Sand Lake Rd @ 80th (Volume, Class, S             
S|02|000143|1|1|23|1U|3|T|3|3|H|3|0| |15| |0|0| |2|A| |P|01020000X000|121594|61153930|149855200|    |      |99|00|020|N|130000012301|Y|0|00000000|0|        |Seward Hwy MP 123 @ Lore (Volume, Cla             
S|02|000154|3|1|23|4R|1|T|1|3|H|1|3|G|15| |0|0| |2|P|L|P|000800000000|  1080|60791653|161770415|    |      |92|00|001|Y|080000000000|N|0|00000000|0|00000000|CHIEF EDDIE HOFFMAN HWY - N OF 1ST AVE ACCESS RD -
S|02|000180|5|1|23|3R|1|T|1|3| |0|0| |13| |0|0| |2|A| |P|01020000X000| 31671|60501490|149422120|    |      |99|00|122|N|130000002915|Y|0|00000000|0|        |Seward Hwy MP 32.5 @ Moose Pass at Tr             
S|02|000220|1|1|23|1R|2|T|2|3|H|2|0| |15| |0|0| |2|A| |P|01060000I000| 27372|61469400|149287010|    |      |99|00|020|N|130000015404|Y|0|00000000|0|        |Glenn Hwy MP 29 @ Eklutna Flats (Volu             
S|02|000230|7|1|23|3U|2|T|2|3|H|2|0| |15| |0|0| |2|A| |P|02281273X000|   829|61209910|149814320|    |      |99|00|020|N|            |Y|0|00000000|0|        |Debarr Rd @ Northway Dr (Volume, Clas             
S|02|000237|1|2|23|3U|2|T|2|3|H|2|0| |15| |0|0| |2|A| |P|02281216I000|  7015|61204560|149911380|    |      |99|00|020|N|860954D74B96|Y|0|00000000|0|        |Minnesota Dr @ Chester Creek (Volume,             
S|02|000237|5|4|23|3U|4|T|4|3|H|4|0| |15| |0|0| |2|A| |P|02281216I000|  7015|61204560|149911380|    |      |99|00|020|N|860954D74B96|Y|0|00000000|0|        |Minnesota Dr @ Chester Creek (Volume,             
S|02|000270|1|2|23|3U|2|T|2|3|H|2|3|G|13|T|2|0| |2|E|P|P|02281216I000|  3107|61149370|149907830|    |      |01|00|020|N|            |Y|0|00000000|0|        |Minnesota Drive south of Internationa             
S|02|000276|1|2|23|1U|2|T|2|3|H|2|0| |15| |0|0| |2|A| |P|01140000I000|  4648|61571110|149374560|    |      |99|00|170|N|170000000137|Y|0|00000000|0|        |Parks Hwy MP 39.9 @ Broadview Ave (Vo             
S|02|000276|3|1|23|1U|2|T|2|3|H|2|3|G|14| |0|0| |2|P|L|P|001700000000|  4646|61571404|149374453|    |      |07|00|170|Y|170000000137|Y|3|00000003|0|        |PARKS HIGHWAY AT BROADVIEW AVE                    
S|02|000305|1|2|23|1R|3|T|3|3|H|1|3|G|14|T|1|5|A|2|E|P|P|001350000000|  8385|61277843|149630855|    |      |03|00|020|Y|135000006336|Y|3|00000001|0|        |Glenn Hwy northbound lane appr                    
S|02|000504|5|1|23|3U|2|T|2|3|H|2|0| |15| |0|0| |2|P|L|P|01240000I000|   471|64841400|147705000|    |      |77|00|090|Y|152000000352|Y|0|00000002|0|        |Steese Expy @ Chena River Bridge (CCS             
S|02|000518|3|1|23|3U|2|T|2|3| |0|0| |13| |0|0| |2|L|N|P|02581179I000|  1462|64836800|147755000|    |      |73|00|090|N|2887DEF8EDCC|Y|0|00000000|0|        |Airport Way West Of Lathrop St (CCS)              
S|02|000523|5|1|23|4U|2|T|2|3|H|2|3|G|15| |0|0| |2|P|L|P|02581180X000|   684|64840700|147779000|    |      |74|00|090|Y|150125000158|N|0|00000000|0|        |Peger Rd @ Chena River Bridge (CCS)               
S|02|000526|3|2|23|3U|2|T|2|3|H|2|3|G|14| |0|0| |2|P|L|P|001757000000|   121|64835476|147709886|    |      |78|00|090|Y|170000032467|Y|0|00000000|0|        |AIRPORT WAY BETWEEN STEESE EXP                    
S|02|000532|7|2|23|3U|2|T|2|3| |0|0| |13| |0|0| |2|L|N|P|001772000000|    87|64849231|147809647|    |      |93|00|090|Y|177200000221|Y|0|00000000|0|        |JOHANSEN EXPRESSWAY EAST OF UN                    
S|02|000681|1|1|23|4U|1|T|1|3|H|1|3|G|15| |0|0| |2|L|N|P|02561040X000| 10528|64772170|147353370|    |      |14|00|090|Y|188800000660|N|0|00000000|0|        |Badger Rd West Of Beulah Ct (CCS)                 
S|02|000802|3|1|23|5R|1|T|1|3| |0|0| |13| |0|0| |2|L|N|P|002920000000|  6576|55550459|133096771|    |      |92|00|198|Y|B808028B8744|N|0|00000000|0|        |CRAIG/KLAWOCK/HOLLIS HWY BTW K                    
S|02|000936|7|1|23|4U|1|T|1|3| |0|0| |13| |0|0| |2|L|N|P|002955000000|   723|57051827|135317277|    |      |03|00|220|Y|296445000041|N|0|00000000|0|        |SAWMILL CREEK RD @ INDIAN RIVE                    
S|02|000938|1|1|23|4U|1|T|1|3| |0|0| |13| |0|0| |2|L|N|P|002914000000|  3081|55334755|131627436|    |      |03|00|130|N|            |N|3|00000007|0|        |SOUTH TONGASS @ CEMETERY ROAD                     
S|02|113930|5|3|23|1U|3|T|3|3| |0|0| |13| |0|0| |2|A| |P|01020000X000|124246|61189730|149867010|    |      |99|00|020|N|130000012585|Y|0|00000000|0|        |Seward Hwy MP 125 Combo NB/SB @ Moose             
S|02|131200|3|1|23|5U|1|T|1|3|H|1|3|G|15| |0|0| |2|P|L|P|02581146X000|   326|64848490|147731820|    |      |18|00|090|N|176350000000|N|0|00176350|0|        |Phillips Field Rd West of Driveway St             
S|02|170040|5|1|23|1U|2|T|2|3|H|2|0| |15| |0|0| |2|A| |P|01140000I000|  9085|61579360|149504130|    |      |99|00|170|N|            |Y|0|00000000|0|        |Parks Hwy MP 44.25 @  Church Rd (Volu             
S|02|177200|3|2|23|3U|3|T|3|3| |0|0| |13| |0|0| |2|P|X|P|02581113I000|    94|64849240|147809440|    |      |16|00|090|Y|177200000221|Y|0|00000000|0|        |Johansen Expy East of University Ave              
S|02|304270|3|1|23|6U|1|T|1|3|H|1|0| |15| |0|0| |2|A| |P|00000X000   |      |64887800|147627000|    |      |23|00|122|N|5A4066B825C2|N|0|       0|0|        |Chena Hot springs road                            
S|02|304270|7|1|23|6U|1|T|1|3|H|1|0| |15| |0|0| |2|A| |P|00000X000   |      |64887800|147627000|    |      |23|00|122|N|5A4066B825C2|N|0|       0|0|        |Chena Hot springs road                            
S|02|312900|3|1|23|6U|1|T|1|3|H|1|3|G|15| |0|0| |2|P|L|P|02581083X000|   229|64837710|147804830|    |      |19|00|090|N|175276000345|N|0|00175726|0|        |Geraghty Ave West Of Washington Dr                
S|02|316650|3|1|23|1R|1|T|1|3|H|1|3|G|15| |0|0| |2|P|L|P|01160000X000|101708|63362200|143360000|    |      |19|00|240|Y|9D5E4733AD27|Y|0|00180000|0|        |Alaska Hwy Northwest Of New Tanacross             
S|02|322600|5|1|23|4R|1|T|1|3|H|1|3|G|15| |0|0| |2|P|L|P|01100000I000|266718|64007970|145733250|    |      |19|00|240|Y|84B360DF48EE|Y|0|00190000|0|        |Richardson Hwy @ Jarvis Creek Bridge(             
