record_type|state_code|station_id|travel_dir|travel_lane|year_record|f_system|num_lanes|sample_type_volume|num_lanes_volume|method_volume|sample_type_class|num_lanes_class|method_class|algorithm_volume|num_classes|sample_type_truck|num_lanes_truck|method_truck|calibration|data_retrieval|type_sensor_1|type_sensor_2|primary_purpose|lrs_id|lrs_point|latitude|longitude|shrp_id|prev_station_id|year_established|year_discontinued|county_code|is_sample|sample_id|nhs|posted_route_signing|posted_signed_route|con_route_signing|con_signed_route|station_location
S|11|000050|3|1|23|2U|3|T|3|3|H|3|3|K|15|T|3|5|T|2|E|L|P|            |      |38918060| 76944910|    |   112|02|00|000|N|        2502|N|2|     050|0|        |New York East 050                                 
S|11|000050|3|2|23|2U|3|T|3|3|H|3|3|K|15|T|3|5|T|2|E|L|P|            |      |38918060| 76944910|    |   112|02|00|000|N|        2502|N|2|      50|0|        |New York East 050                                 
S|11|000050|3|3|23|2U|3|T|3|3|H|3|3|K|15|T|3|5|T|2|E|L|P|            |      |38918060| 76944910|    |   112|02|00|000|N|        2502|N|2|      50|0|        |New York East 050                                 
S|11|000050|7|3|23|2U|3|T|3|3|H|3|3|K|15|T|3|5|T|2|E|L|P|            |      |38918060| 76944910|    |   116|02|00|000|N|        2502|N|2|      50|0|        |New York West 050                                 
S|11|001295|1|0|23|1U|3|N|3|3|H|3|3|K|15|T|3|5|T|2|E|N|P|           0|124552|38814200| 77019630|    | 41528|07|00|000|N|        1203|N|1|000I-295|0|       0|I-295@DC Line                                     
S|11|001295|1|1|23|1U|3|T|3|3|H|3|3|K|15|T|3|5|T|2|E|L|P|            |      |38814200| 77019630|    |      |05|00|000|N|        1203|N|1|     295|0|        |Anacostia North ANN                               
S|11|001295|1|2|23|1U|3|T|3|3|H|3|3|K|15|T|3|5|T|2|E|L|P|            |      |38814200| 77019630|    |      |05|00|000|N|        1203|N|1|     295|0|        |Anacostia North ANN                               
S|11|001295|1|3|23|1U|3|T|3|3|H|3|3|K|15|T|3|5|T|2|E|L|P|            |      |38814200| 77019630|    |      |05|00|000|N|        1203|N|1|     295|0|        |Anacostia North ANN                               
S|11|002295|5|1|23|1U|3|T|3|3|H|3|3|K|15|T|3|5|T|2|E|L|P|            |      |38817260| 77018580|    |      |05|00|000|N|        1203|N|1|     295|0|        |Anacostia South ANS                               
S|11|002295|5|2|23|1U|3|T|3|3|H|3|3|K|15|T|3|5|T|2|E|L|P|            |      |38817260| 77018580|    |      |05|00|000|N|        1203|N|1|     295|0|        |Anacostia South ANS                               
S|11|002295|5|3|23|1U|3|T|3|3|H|3|3|K|15|T|3|5|T|2|E|L|P|            |      |38817260| 77018580|    |      |05|00|000|N|        1203|N|1|     295|0|        |Anacostia South ANS                               
S|11|S10004|1|0|23|1U|2|Y|2|3|2|3|0|D|05|0|0|0| |2|W| |I|    15048451|      |38828974| 77016529|    |      |18|00|000|N|        1203|N|2|     295|0|        |I-295 at Chesapeake Street, SW                    
S|11|S10005|4|0|23|1U|2|Y|2|3|2|3|0|D|05|0|0|0| |2|W| |I|    15048453|      |38830937| 77015385|    |      |18|00|000|N|        1203|N|2|     295|0|        |I-295 0.2 Mile North of Chesapeake St, SW         
S|11|S10012|4|0|23|1U|4|Y|4|3|4|3|0|D|05|0|0|0| |2|W| |I|    15048453|      |38867313| 76990787|    |      |18|00|000|N|        1301|N|2|     295|0|        |I-295 0.2 Mile South of MLK Ave, SE               
S|11|S10013|1|0|23|1U|5|Y|5|3|5|3|0|D|05|0|0|0| |2|W| |I|    15048451|      |38867313| 76990787|    |      |18|00|000|N|        1301|N|2|     295|0|        |I-295 0.2 Mile South of MLK Ave, SE               
S|11|S10022|4|0|23|2U|3|Y|3|3|3|3|0|D|05|0|0|0| |2|W| |I|    12051801|      |38894327| 76953503|    |      |18|00|000|N|        2501|N|4|     295|0|        |DC-295 at Benning Rd, NE                          
S|11|S10023|1|0|23|2U|3|Y|3|3|3|3|0|D|05|0|0|0| |2|W| |I|    12051803|      |38895356| 76952367|    |      |18|00|000|N|        2501|N|4|     295|0|        |DC-295 at Benning Rd, NE                          
S|11|S10037|7|0|23|1U|4|Y|4|3|4|3|0|D|05|0|0|0| |2|W| |I|    15048471|      |38881525| 77008006|    |      |18|00|000|N|1402A       |N|2|     695|0|        |I-695 0.05 Mile East of S. Capitol St             
S|11|S10038|3|0|23|1U|3|Y|3|3|3|3|0|D|05|0|0|0| |2|W| |I|    15048473|      |38881365| 77008066|    |      |18|00|000|N|1402A       |N|2|     695|0|        |I-695 0.05 Mile East of S. Capitol St             
S|11|S10045|1|0|23|1U|3|Y|3|3|3|3|0|D|05|0|0|0| |2|W| |I|    15048461|      |38882179| 77024300|    |      |18|00|000|N|        1601|N|2|     395|0|        |I-395 at 9th St, SW                               
S|11|S10046|4|0|23|1U|3|Y|3|3|3|3|0|D|05|0|0|0| |2|W| |I|    15048463|      |38882441| 77024164|    |      |18|00|000|N|        1601|N|2|     395|0|        |I-395 at 9th St, SW                               
S|11|S30004|7|0|23|1U|4|Y|4|3|4|3|0|F|13|0|0|0| |2|P|L|I|    15048433|      |38893545| 77054839|    |      |18|00|000|N|        1202|N|2|      66|0|        |Theodore Roosevelt Bridge (I-66)                  
S|11|S30005|3|0|23|1U|5|Y|5|3|5|3|0|F|13|0|0|0| |2|P|L|I|    15048431|      |38892570| 77053840|    |      |18|00|000|N|        1202|N|2|      66|0|        |Theodore Roosevelt Bridge (I-66)                  
S|11|S30011|1|0|23|4U|2|Y|2|3|2|3|0|F|13|0|0|0| |2|P|L|I|    12064222|      |38961125| 77005892|    |      |06|00|000|N|        7032|N|6|       0|0|        |New Hampshire Avenue NE at CSX Transportation Over
S|11|S30011|4|0|23|4U|2|Y|2|3|2|3|0|F|13|0|0|0| |2|P|L|I|    12064222|      |38961125| 77005892|    |      |06|00|000|N|        7032|N|6|       0|0|        |New Hampshire Avenue NE at CSX Transportation Over
S|11|S30012|4|0|23|3U|3|Y|3|3|3|3|0|F|13|0|0|0| |2|P|L|I|    11040042|      |38983338| 77026630|    |      |06|00|000|N|        7051|N|6|       0|0|        |Georgia Avenue NE between Eastern Avenue NE and Al
S|11|S30013|1|0|23|3U|3|Y|3|3|3|3|0|F|13|0|0|0| |2|P|L|I|    11040042|      |38983073| 77026519|    |      |06|00|000|N|        7051|N|6|       0|0|        |Georgia Avenue NE between Eastern Avenue NE and Al
S|11|S30014|1|0|23|3U|3|Y|3|3|3|3|0|F|13|0|0|0| |2|P|L|I|    11025152|      |38966234| 77076357|    |      |06|00|000|N|        7088|N|6|       0|0|        |Connecticut Avenue NW between Chevy Chase Circle N
S|11|S30014|4|0|23|3U|3|Y|3|3|3|3|0|F|13|0|0|0| |2|P|L|I|    11025152|      |38966234| 77076357|    |      |06|00|000|N|        7088|N|6|       0|0|        |Connecticut Avenue NW between Chevy Chase Circle N
S|11|S30018|7|0|23|4U|2|Y|2|3|2|3|0|F|13|0|0|0| |2|P|L|I|    11050892|      |38902623| 77042027|    |      |06|00|000|N|            |N|6|       0|0|        |K Street NW between 18th Street NW and 19th Street
S|11|S30019|3|0|23|4U|2|Y|2|3|2|3|0|F|13|0|0|0| |2|P|L|I|    11050892|      |38902466| 77043001|    |      |06|00|000|N|            |N|6|       0|0|        |K Street NW between 18th Street NW and 19th Street
S|11|S30023|1|0|23|4U|2|Y|2|3|2|3|0|F|13|0|0|0| |2|P|L|I|    13009362|      |38854623| 76969982|    |      |06|00|000|N|        4502|N|6|       0|0|        |Alabama Avenue SE between Hartford Street SE and G
S|11|S30023|4|0|23|4U|2|Y|2|3|2|3|0|F|13|0|0|0| |2|P|L|I|    13009362|      |38854623| 76969982|    |      |06|00|000|N|        4502|N|6|       0|0|        |Alabama Avenue SE between Hartford Street SE and G
S|11|S30024|1|0|23|4U|3|Y|3|3|3|3|0|F|13|0|0|0| |2|P|L|I|    11094052|      |38958337| 77084493|    |      |06|00|000|N|        3707|N|6|       0|0|        |Wisconsin Avenue NW at District / Maryland Border 
S|11|S30024|4|0|23|4U|3|Y|3|3|3|3|0|F|13|0|0|0| |2|P|L|I|    11094052|      |38958337| 77084493|    |      |06|00|000|N|        3707|N|6|       0|0|        |Wisconsin Avenue NW at District / Maryland Border 
S|11|S30029|3|0|23|3U|2|Y|2|3|2|3|0|F|13|0|0|0| |2|P|L|I|    13069812|      |38864224| 76947923|    |      |06|00|000|N|        3603|N|6|       0|0|        |Pennsylvania Avenue SE between 40th Street SE and 
S|11|S30029|7|0|23|3U|2|Y|2|3|2|3|0|F|13|0|0|0| |2|P|L|I|    13069812|      |38864224| 76947923|    |      |06|00|000|N|        3603|N|6|       0|0|        |Pennsylvania Avenue SE between 40th Street SE and 
