record_type|state_code|station_id|travel_dir|travel_lane|year_record|f_system|num_lanes|sample_type_volume|num_lanes_volume|method_volume|sample_type_class|num_lanes_class|method_class|algorithm_volume|num_classes|sample_type_truck|num_lanes_truck|method_truck|calibration|data_retrieval|type_sensor_1|type_sensor_2|primary_purpose|lrs_id|lrs_point|latitude|longitude|shrp_id|prev_station_id|year_established|year_discontinued|county_code|is_sample|sample_id|nhs|posted_route_signing|posted_signed_route|con_route_signing|con_signed_route|station_location
S|24|0P0004|1|2|23|1U|3|T|3|3|H|3|3|F|13| |0|0| |2|L|P|P|0270--1-----| 16440|39205029| 77271185|    |      |89|00|031|Y|002700000557|N|1|00000270|0|        |IS 270 - 2.0 Miles South of MD 121 (A             
S|24|0P0002|3|1|23|3U|1|T|1|3|H|1|3|F|13| |0|0| |2|L|P|P|0040--1-----| 32120|39650901| 77789329|    |      |89|00|043|N|            |N|2|00000040|0|        |US 40 - .58 Mile East of MD 63 (ATR#0             
S|24|0P0005|1|1|23|3U|2|T|2|3|H|2|3|F|13| |0|0| |2|L|P|P|0301--1-----| 18810|38577900| 76962688|    |      |89|00|017|Y|103010001859|N|2|00000301|0|        |US 301 - .74 Mile South of MD 227 (AT             
S|24|0P0006|5|2|23|3U|2|T|2|3|H|2|3|F|13| |0|0| |2|L|P|P|0004--1-----|   540|38812795| 76721947|    |      |89|00|033|Y|200040000052|N|3|00000004|0|        |MD 4 - .54 Mile North of Patuxent Riv             
S|24|0P0014|3|1|23|3U|2|T|2|3|H|2|3|F|13| |0|0| |2|L|P|P|            |      |39284112| 76877762|    |      |92|00|000|N|            |N|3|     210|0|        |MD 210 - .31 Mile South of Old Fort R             
S|24|0P0007|1|2|23|3U|2|T|2|3|H|2|3|F|13| |0|0| |2|L|P|P|0140--1-----|    90|39489321| 76870508|    |      |89|00|013|N|            |N|3|00000140|0|        |MD 140 - .09 Mile North of Patapsco R             
S|24|0P0017|7|1|23|3R|2|T|2|3|H|2|3|F|13| |0|0| |2|L|P|P|0050--1-----| 28960|38385617| 75358354|    |      |89|00|045|N|            |N|2|00000050|0|        |US 50 - .25 Mile West of MD 354 (ATR#             
S|24|0P0005|5|1|23|3U|2|T|2|3|H|2|3|F|13| |0|0| |2|L|P|P|0301--1-----| 18810|38577900| 76962688|    |      |89|00|017|Y|103010001859|N|2|00000301|0|        |US 301 - .74 Mile South of MD 227 (AT             
S|24|0P0027|1|1|23|1U|2|T|2|3|H|2|3|F|13| |0|0| |2|L|P|P|0083--1-----| 13770|39540814| 76666331|    |      |89|00|005|N|            |N|1|00000083|0|        |IS 83 - .50 mile South of Belfast Rd              
S|24|0P0041|3|3|23|1U|4|T|4|3|H|4|3|F|13| |0|0| |2|L|P|P|0495--1-----| 13280|39018199| 76991451|    |      |89|00|031|Y|004950001283|N|1|00000495|0|        |IS 495 - .82 Mile West of MD 650 (ATR             
S|24|0P0012|7|2|23|3U|2|T|2|3|H|2|3|F|13| |0|0| |2|L|P|P|0040--1-----|  7240|39461722| 76252400|    |      |89|00|025|N|            |N|2|00000040|0|        |US 40 - 50ft South of Bush River Brid             
S|24|0P0007|5|2|23|3U|2|T|2|3|H|2|3|F|13| |0|0| |2|L|P|P|0140--1-----|    90|39489321| 76870508|    |      |89|00|013|N|            |N|3|00000140|0|        |MD 140 - .09 Mile North of Patapsco R             
S|24|0P0037|5|1|23|3R|2|T|2|3|H|2|3|F|13| |0|0| |2|L|P|P|0013--1-----|   900|38013839| 75543753|    |      |89|00|047|N|            |N|2|00000013|0|        |US 13 - .10 Mile North of Bunting Rd              
S|24|0P0052|5|3|23|1U|3|T|3|3|H|3|3|F|13| |0|0| |2|L|P|P|0083--1-----|  5200|39428380| 76635649|    |      |92|00|005|N|            |N|1|00000083|0|        |IS 83 - .64 Mile North of IS 695 (ATR             
S|24|0P0027|5|1|23|1U|2|T|2|3|H|2|3|F|13| |0|0| |2|L|P|P|0083--1-----| 13770|39540814| 76666331|    |      |89|00|005|N|            |N|1|00000083|0|        |IS 83 - .50 mile South of Belfast Rd              
S|24|0P0016|3|1|23|3R|2|T|2|3|H|2|3|F|13| |0|0| |2|L|P|P|            |      |38510957| 75878351|    |      |92|00|000|N|            |N|3|     210|0|        |MD 210 - .31 Mile South of Old Fort R             
S|24|0P0038|3|2|23|2U|2|T|2|3|H|2|3|F|13| |0|0| |2|L|P|P|0100--1-----|  7930|39140734| 76626754|    |      |89|00|003|N|            |N|3|00000100|0|        |MD 100 - .45 Mile West of Oakwood Rd              
S|24|0P0055|5|1|23|1U|4|T|4|3|H|4|3|F|13| |0|0| |2|L|P|P|0095--1-----| 21020|38978863| 76874070|    |      |92|00|033|N|            |N|1|00000095|0|        |IS 95 - .05 Mile North of Good Luck R             
S|24|0P0029|5|1|23|2U|3|T|3|3|H|3|3|F|13| |0|0| |2|L|P|P|0029--1-----|  6600|39210445| 76854127|    |      |89|00|027|N|            |N|2|00000029|0|        |US 29 - .31 Mile North of South Entra             
S|24|0P0027|1|2|23|1U|2|T|2|3|H|2|3|F|13| |0|0| |2|L|P|P|0083--1-----| 13770|39540814| 76666331|    |      |89|00|005|N|            |N|1|00000083|0|        |IS 83 - .50 mile South of Belfast Rd              
S|24|0P0003|5|1|23|5R|1|T|1|3|H|1|3|F|13| |0|0| |2|L|P|P|0017--1-----| 14010|39456139| 77536219|    |      |89|00|021|N|            |N|3|00000017|0|        |MD 17 - 1.05 Miles North of US 40AL (             
S|24|0P0007|5|1|23|3U|2|T|2|3|H|2|3|F|13| |0|0| |2|L|P|P|0140--1-----|    90|39489321| 76870508|    |      |89|00|013|N|            |N|3|00000140|0|        |MD 140 - .09 Mile North of Patapsco R             
S|24|0P0001|5|1|23|4U|1|T|1|3|H|1|3|F|13| |0|0| |2|L|P|P|0036--1-----|  9230|39579463| 78967229|    |      |89|00|001|N|            |N|3|00000036|0|        |MD 36 - 100ft South of George's Creek             
S|24|0P0005|5|2|23|3U|2|T|2|3|H|2|3|F|13| |0|0| |2|L|P|P|0301--1-----| 18810|38577900| 76962688|    |      |89|00|017|Y|103010001859|N|2|00000301|0|        |US 301 - .74 Mile South of MD 227 (AT             
S|24|0P0004|1|1|23|1U|3|T|3|3|H|3|3|F|13| |0|0| |2|L|P|P|0270--1-----| 16440|39205029| 77271185|    |      |89|00|031|Y|002700000557|N|1|00000270|0|        |IS 270 - 2.0 Miles South of MD 121 (A             
S|24|0P0006|5|1|23|3U|2|T|2|3|H|2|3|F|13| |0|0| |2|L|P|P|0004--1-----|   540|38812795| 76721947|    |      |89|00|033|Y|200040000052|N|3|00000004|0|        |MD 4 - .54 Mile North of Patuxent Riv             
S|24|0P0003|1|1|23|5R|1|T|1|3|H|1|3|F|13| |0|0| |2|L|P|P|0017--1-----| 14010|39456139| 77536219|    |      |89|00|021|N|            |N|3|00000017|0|        |MD 17 - 1.05 Miles North of US 40AL (             
S|24|0P0002|7|1|23|3U|1|T|1|3|H|1|3|F|13| |0|0| |2|L|P|P|0040--1-----| 32120|39650901| 77789329|    |      |89|00|043|N|            |N|2|00000040|0|        |US 40 - .58 Mile East of MD 63 (ATR#0             
S|24|0P0004|5|2|23|1U|3|T|3|3|H|3|3|F|13| |0|0| |2|L|P|P|0270--1-----| 16440|39205029| 77271185|    |      |89|00|031|Y|002700000557|N|1|00000270|0|        |IS 270 - 2.0 Miles South of MD 121 (A             
S|24|0P0004|5|1|23|1U|3|T|3|3|H|3|3|F|13| |0|0| |2|L|P|P|0270--1-----| 16440|39205029| 77271185|    |      |89|00|031|Y|002700000557|N|1|00000270|0|        |IS 270 - 2.0 Miles South of MD 121 (A             
S|24|0P0009|1|3|23|3U|3|T|3|3|H|3|3|F|13| |0|0| |2|L|P|P|0013--1-----| 13640|38423942| 75564373|    |      |89|00|045|N|            |N|2|00000013|0|        |US 13 - 100ft North of Leonards Mill              
S|24|0P0007|1|1|23|3U|2|T|2|3|H|2|3|F|13| |0|0| |2|L|P|P|0140--1-----|    90|39489321| 76870508|    |      |89|00|013|N|            |N|3|00000140|0|        |MD 140 - .09 Mile North of Patapsco R             
S|24|0P0005|1|2|23|3U|2|T|2|3|H|2|3|F|13| |0|0| |2|L|P|P|0301--1-----| 18810|38577900| 76962688|    |      |89|00|017|Y|103010001859|N|2|00000301|0|        |US 301 - .74 Mile South of MD 227 (AT             
S|24|0P0012|7|1|23|3U|2|T|2|3|H|2|3|F|13| |0|0| |2|L|P|P|0040--1-----|  7240|39461722| 76252400|    |      |89|00|025|N|            |N|2|00000040|0|        |US 40 - 50ft South of Bush River Brid             
S|24|0P0010|1|1|23|4U|1|T|1|3|H|1|3|F|13| |0|0| |2|L|P|P|0413--1-----|  5560|38029567| 75786257|    |      |89|00|039|N|            |N|3|00000413|0|        |MD 413 - .39 Mile South of MD 667 (AT             
S|24|0P0035|1|1|23|3R|1|T|1|3|H|1|3|F|13| |0|0| |2|L|P|P|0219--1-----| 22100|39529425| 79345240|    |      |89|00|023|Y|2a458000-3e1|N|2|00000219|0|        |US 219 - .10 Mile North of Deep Creek             
S|24|0P0049|1|3|23|1U|4|T|4|3|H|4|3|F|13| |0|0| |2|L|P|P|0095--1-----|  5640|38816821| 76949207|    |      |92|00|033|N|            |N|1|00000095|0|        |IS 95 - 200ft South of Temple Hill Rd             
S|24|0P0055|5|4|23|1U|4|T|4|3|H|4|3|F|13| |0|0| |2|L|P|P|0095--1-----| 21020|38978863| 76874070|    |      |92|00|033|N|            |N|1|00000095|0|        |IS 95 - .05 Mile North of Good Luck R             
S|24|0P0011|5|1|23|3U|1|T|1|3|H|1|3|F|13| |0|0| |2|L|P|P|0001BU1-----|   450|39511471| 76374543|    |      |89|00|025|N|            |N|2|00000001|0|        |US 1BU - .06 Mile South of Old Joppa              
S|24|0P0006|1|2|23|3U|2|T|2|3|H|2|3|F|13| |0|0| |2|L|P|P|0004--1-----|   540|38812795| 76721947|    |      |89|00|033|Y|200040000052|N|3|00000004|0|        |MD 4 - .54 Mile North of Patuxent Riv             
S|24|0P0009|1|1|23|3U|3|T|3|3|H|3|3|F|13| |0|0| |2|L|P|P|0013--1-----| 13640|38423942| 75564373|    |      |89|00|045|N|            |N|2|00000013|0|        |US 13 - 100ft North of Leonards Mill              
S|24|0P0008|1|1|23|5R|1|T|1|3|H|1|3|F|13| |0|0| |2|L|P|P|0309--1-----|   850|38929207| 75964182|    |      |89|00|035|N|            |N|3|00000309|0|        |MD 309 - .50 Mile North of MD 404 (AT             
S|24|0P0039|1|1|23|1U|4|T|4|3|H|4|3|F|13| |0|0| |2|L|P|P|0095--1-----|  7696|39190536| 76773374|    |      |89|00|027|N|            |N|1|00000095|0|        |IS 95 - .08 Mile South of MD 103 (ATR             
S|24|0P0060|1|3|23|1U|4|T|4|3|H|4|3|F|13| |0|0| |2|L|P|P|0270--1-----| 13470|39168932| 77242770|    |      |94|00|031|Y|002700000777|N|1|00000270|0|        |IS 270 - .47 Mile South of Middlebroo             
S|24|0P0051|5|4|23|1U|4|T|4|3|H|4|3|F|13| |0|0| |2|L|P|P|0095--1-----|   150|39227401| 76715871|    |      |92|00|005|N|            |N|1|00000095|0|        |IS 95 - .15 Mile North of Howard Coun             
S|24|0P0009|5|1|23|3U|2|T|2|3|H|2|3|F|13| |0|0| |2|L|P|P|0013--1-----| 13640|38423942| 75564373|    |      |89|00|045|N|            |N|2|00000013|0|        |US 13 - 100ft North of Leonards Mill              
S|24|0P0013|5|2|23|3U|2|T|2|3|H|2|3|F|13| |0|0| |2|L|P|P|0045--1-----|  7520|39472992| 76640243|    |      |89|00|005|N|            |N|3|00000045|0|        |MD 45 - .14 Mile South of Warren Rd (             
S|24|0P0004|5|3|23|1U|3|T|3|3|H|3|3|F|13| |0|0| |2|L|P|P|0270--1-----| 16440|39205029| 77271185|    |      |89|00|031|Y|002700000557|N|1|00000270|0|        |IS 270 - 2.0 Miles South of MD 121 (A             
S|24|0P0010|5|1|23|4U|1|T|1|3|H|1|3|F|13| |0|0| |2|L|P|P|0413--1-----|  5560|38029567| 75786257|    |      |89|00|039|N|            |N|3|00000413|0|        |MD 413 - .39 Mile South of MD 667 (AT             
S|24|0P0040|7|1|23|1U|4|T|4|3|H|4|3|F|13| |0|0| |2|L|P|P|0495--1-----|  1120|38981417| 77172356|    |      |89|00|031|N|            |N|1|00000495|0|        |IS 495 - 50ft East of Persimmon Tree              
S|24|0P0012|3|2|23|3U|2|T|2|3|H|2|3|F|13| |0|0| |2|L|P|P|0040--1-----|  7240|39461722| 76252400|    |      |89|00|025|N|            |N|2|00000040|0|        |US 40 - 50ft South of Bush River Brid             
S|24|0P0001|1|1|23|4U|1|T|1|3|H|1|3|F|13| |0|0| |2|L|P|P|0036--1-----|  9230|39579463| 78967229|    |      |89|00|001|N|            |N|3|00000036|0|        |MD 36 - 100ft South of George's Creek             
S|24|0P0017|3|2|23|3R|2|T|2|3|H|2|3|F|13| |0|0| |2|L|P|P|0050--1-----| 28960|38385617| 75358354|    |      |89|00|045|N|            |N|2|00000050|0|        |US 50 - .25 Mile West of MD 354 (ATR#             
S|24|0P0032|1|2|23|1U|5|T|5|3|H|5|3|F|13| |0|0| |2|L|P|P|            |      |39281938| 76730999|    |      |89|00|000|N|  6950000506|N|1|     695|0|        |IS 695 - 100ft South of Ingleside Ave             
S|24|0P0008|5|1|23|5R|1|T|1|3|H|1|3|F|13| |0|0| |2|L|P|P|0309--1-----|   850|38929207| 75964182|    |      |89|00|035|N|            |N|3|00000309|0|        |MD 309 - .50 Mile North of MD 404 (AT             
S|24|0P0015|1|1|23|4U|1|T|1|3|H|1|3|F|13| |0|0| |2|L|P|P|0213--1-----| 17300|39357165| 75877741|    |      |89|00|029|N|            |N|3|00000213|0|        |MD 213 - .12 Mile South of Georgetown             
S|24|0P0009|5|2|23|3U|2|T|2|3|H|2|3|F|13| |0|0| |2|L|P|P|0013--1-----| 13640|38423942| 75564373|    |      |89|00|045|N|            |N|2|00000013|0|        |US 13 - 100ft North of Leonards Mill              
S|24|0P0012|3|1|23|3U|2|T|2|3|H|2|3|F|13| |0|0| |2|L|P|P|0040--1-----|  7240|39461722| 76252400|    |      |89|00|025|N|            |N|2|00000040|0|        |US 40 - 50ft South of Bush River Brid             
S|24|0P0041|3|4|23|1U|4|T|4|3|H|4|3|F|13| |0|0| |2|L|P|P|0495--1-----| 13280|39018199| 76991451|    |      |89|00|031|Y|004950001283|N|1|00000495|0|        |IS 495 - .82 Mile West of MD 650 (ATR             
S|24|0P0021|3|3|23|1U|3|T|3|3|H|3|3|F|13| |0|0| |2|L|P|P|0070--1-----|  6380|39471720| 77528251|    |      |89|00|021|Y|0B0700000586|N|1|00000070|0|        |IS 70 - 2.79 Miles East of MD 17 (ATR             
S|24|0P0032|5|4|23|1U|5|T|5|3|H|5|3|F|13| |0|0| |2|L|P|P|            |      |39281938| 76730999|    |      |89|00|000|N|  6950000506|N|1|     695|0|        |IS 695 - 100ft South of Ingleside Ave             
S|24|0P0016|7|1|23|3R|2|T|2|3|H|2|3|F|13| |0|0| |2|L|P|P|            |      |38510957| 75878351|    |      |89|00|000|N|            |N|2|      40|0|        |US 40 - .06 Mile West of Cemetery La              
S|24|0P0016|3|2|23|3R|2|T|2|3|H|2|3|F|13| |0|0| |2|L|P|P|            |      |38510957| 75878351|    |      |92|00|000|N|            |N|3|     210|0|        |MD 210 - .31 Mile South of Old Fort R             
S|24|0P0019|3|1|23|3R|1|T|1|3|H|1|3|F|13| |0|0| |2|L|P|P|0340--1-----|   440|39326406| 77706219|    |      |89|00|043|N|            |N|2|00000340|0|        |US 340 - 50ft East of Potomac River B             
S|24|0P0060|5|1|23|1U|4|T|4|3|H|4|3|F|13| |0|0| |2|L|P|P|0270--1-----| 13470|39168932| 77242770|    |      |94|00|031|Y|002700000777|N|1|00000270|0|        |IS 270 - .47 Mile South of Middlebroo             
S|24|0P0014|7|2|23|3U|2|T|2|3|H|2|3|F|13| |0|0| |2|L|P|P|            |      |39284112| 76877762|    |      |92|00|000|N|            |N|3|     210|0|        |MD 210 - .31 Mile South of Old Fort R             
S|24|0P0013|1|2|23|3U|2|T|2|3|H|2|3|F|13| |0|0| |2|L|P|P|0045--1-----|  7520|39472992| 76640243|    |      |89|00|005|N|            |N|3|00000045|0|        |MD 45 - .14 Mile South of Warren Rd (             
S|24|0P0009|1|2|23|3U|3|T|3|3|H|3|3|F|13| |0|0| |2|L|P|P|0013--1-----| 13640|38423942| 75564373|    |      |89|00|045|N|            |N|2|00000013|0|        |US 13 - 100ft North of Leonards Mill              
S|24|0P0029|5|3|23|2U|3|T|3|3|H|3|3|F|13| |0|0| |2|L|P|P|0029--1-----|  6600|39210445| 76854127|    |      |89|00|027|N|            |N|2|00000029|0|        |US 29 - .31 Mile North of South Entra             
S|24|0P0022|3|2|23|3R|2|T|2|3|H|2|3|F|13| |0|0| |2|L|P|P|0050--1-----|  4690|38871176| 76061250|    |      |89|00|041|N|            |N|2|00000050|0|        |US 50 - .06 Mile East of Longwoods Rd             
S|24|0P0025|1|3|23|2U|3|T|3|3|H|3|3|F|13| |0|0| |2|L|P|P|0295--1-----|  8140|39161077| 76739810|    |      |89|00|003|N|            |N|3|00000295|0|        |MD 295(NB) - .81 South of MD 100 (ATR             
S|24|0P0011|1|1|23|3U|2|T|2|3|H|2|3|F|13| |0|0| |2|L|P|P|0001BU1-----|   450|39511471| 76374543|    |      |89|00|025|N|            |N|2|00000001|0|        |US 1BU - .06 Mile South of Old Joppa              
S|24|0P0016|7|2|23|3R|2|T|2|3|H|2|3|F|13| |0|0| |2|L|P|P|            |      |38510957| 75878351|    |      |89|00|000|N|            |N|2|      40|0|        |US 40 - .06 Mile West of Cemetery La              
S|24|0P0021|3|2|23|1U|3|T|3|3|H|3|3|F|13| |0|0| |2|L|P|P|0070--1-----|  6380|39471720| 77528251|    |      |89|00|021|Y|0B0700000586|N|1|00000070|0|        |IS 70 - 2.79 Miles East of MD 17 (ATR             
S|24|0P0061|3|1|23|2U|2|T|2|3|H|2|3|F|13| |0|0| |2|L|P|P|0050--1-----|  2050|38921798| 76905895|    |      |94|00|033|Y|100500000178|N|2|00000050|0|        |US 50 - .75 Mile West of MD 202 (ATR#             
S|24|0P0021|3|1|23|1U|3|T|3|3|H|3|3|F|13| |0|0| |2|L|P|P|0070--1-----|  6380|39471720| 77528251|    |      |89|00|021|Y|0B0700000586|N|1|00000070|0|        |IS 70 - 2.79 Miles East of MD 17 (ATR             
S|24|0P0043|5|3|23|1U|4|T|4|3|H|4|3|F|13| |0|0| |2|L|P|P|0095--1-----| 13760|38877839| 76843627|    |      |89|00|033|N|            |N|1|00000095|0|        |IS 95 - 1.02 Miles South of MD 214 (A             
S|24|0P0064|1|2|23|2U|2|T|2|3|H|2|3|F|13| |0|0| |2|L|P|P|            |      |39470724| 76316047|    |      |89|00|000|N|            |N|3|     295|0|        |MD 295(NB) - .81 South of MD 100 (ATR             
S|24|0P0017|7|2|23|3R|2|T|2|3|H|2|3|F|13| |0|0| |2|L|P|P|0050--1-----| 28960|38385617| 75358354|    |      |89|00|045|N|            |N|2|00000050|0|        |US 50 - .25 Mile West of MD 354 (ATR#             
S|24|0P0032|5|2|23|1U|5|T|5|3|H|5|3|F|13| |0|0| |2|L|P|P|            |      |39281938| 76730999|    |      |89|00|000|N|  6950000506|N|1|     695|0|        |IS 695 - 100ft South of Ingleside Ave             
S|24|0P0014|7|1|23|3U|2|T|2|3|H|2|3|F|13| |0|0| |2|L|P|P|            |      |39284112| 76877762|    |      |92|00|000|N|            |N|3|     210|0|        |MD 210 - .31 Mile South of Old Fort R             
S|24|0P0011|1|2|23|3U|2|T|2|3|H|2|3|F|13| |0|0| |2|L|P|P|0001BU1-----|   450|39511471| 76374543|    |      |89|00|025|N|            |N|2|00000001|0|        |US 1BU - .06 Mile South of Old Joppa              
S|24|0P0021|7|1|23|1U|2|T|2|3|H|2|3|F|13| |0|0| |2|L|P|P|0070--1-----|  6380|39471720| 77528251|    |      |89|00|021|Y|0B0700000586|N|1|00000070|0|        |IS 70 - 2.79 Miles East of MD 17 (ATR             
S|24|0P0013|1|1|23|3U|2|T|2|3|H|2|3|F|13| |0|0| |2|L|P|P|0045--1-----|  7520|39472992| 76640243|    |      |89|00|005|N|            |N|3|00000045|0|        |MD 45 - .14 Mile South of Warren Rd (             
S|24|0P0014|3|2|23|3U|2|T|2|3|H|2|3|F|13| |0|0| |2|L|P|P|            |      |39284112| 76877762|    |      |92|00|000|N|            |N|3|     210|0|        |MD 210 - .31 Mile South of Old Fort R             
S|24|0P0039|5|4|23|1U|4|T|4|3|H|4|3|F|13| |0|0| |2|L|P|P|0095--1-----|  7696|39190536| 76773374|    |      |89|00|027|N|            |N|1|00000095|0|        |IS 95 - .08 Mile South of MD 103 (ATR             
S|24|0P0024|3|3|23|1U|3|T|3|3|H|3|3|F|13| |0|0| |2|L|P|P|0595--1-----|   810|38955895| 76678983|    |      |89|00|003|Y|000000000001|N|1|00000595|0|        |US 50/IS 595 - 1.34 Miles West of MD              
S|24|0P0033|3|2|23|1U|2|T|2|3|H|2|3|F|13| |0|0| |2|L|P|P|0068--1-----| 29703|39682442| 78493740|    |      |89|00|001|N|            |N|1|00000068|0|        |IS 68 - 1.22 Miles East of Old Cumber             
S|24|0P0025|5|3|23|2U|3|T|3|3|H|3|3|F|13| |0|0| |2|L|P|P|            |      |39161077| 76739810|    |      |97|00|000|N|            |N|1|     795|0|        |IS 795(NB) - .05 Mile North of Mt. Wi             
S|24|0P0022|7|2|23|3R|2|T|2|3|H|2|3|F|13| |0|0| |2|L|P|P|0050--1-----|  4690|38871176| 76061250|    |      |89|00|041|N|            |N|2|00000050|0|        |US 50 - .06 Mile East of Longwoods Rd             
S|24|0P0013|5|1|23|3U|2|T|2|3|H|2|3|F|13| |0|0| |2|L|P|P|0045--1-----|  7520|39472992| 76640243|    |      |89|00|005|N|            |N|3|00000045|0|        |MD 45 - .14 Mile South of Warren Rd (             
S|24|0P0049|1|2|23|1U|4|T|4|3|H|4|3|F|13| |0|0| |2|L|P|P|0095--1-----|  5640|38816821| 76949207|    |      |92|00|033|N|            |N|1|00000095|0|        |IS 95 - 200ft South of Temple Hill Rd             
S|24|0P0028|5|1|23|2R|2|T|2|3|H|2|3|F|13| |0|0| |2|L|P|P|0301--1-----| 19834|39021269| 76035614|    |      |89|00|035|N|            |N|2|00000301|0|        |US 301 - .65 Mile South of MD 304 (AT             
S|24|0P0032|1|5|23|1U|5|T|5|3|H|5|3|F|13| |0|0| |2|L|P|P|            |      |39281938| 76730999|    |      |89|00|000|N|  6950000506|N|1|     695|0|        |IS 695 - 100ft South of Ingleside Ave             
S|24|0P0038|7|2|23|2U|2|T|2|3|H|2|3|F|13| |0|0| |2|L|P|P|0100--1-----|  7930|39140734| 76626754|    |      |89|00|003|N|            |N|3|00000100|0|        |MD 100 - .45 Mile West of Oakwood Rd              
S|24|0P0034|1|1|23|1U|3|T|3|3|H|3|3|F|13| |0|0| |2|L|P|P|0695--1-----| 27710|39363061| 76507185|    |      |89|00|005|N|            |N|1|00000695|0|        |IS 695 - .59 Mile North of US 1 (Bela             
S|24|0P0024|3|1|23|1U|3|T|3|3|H|3|3|F|13| |0|0| |2|L|P|P|0595--1-----|   810|38955895| 76678983|    |      |89|00|003|Y|000000000001|N|1|00000595|0|        |US 50/IS 595 - 1.34 Miles West of MD              
S|24|0P0022|7|1|23|3R|2|T|2|3|H|2|3|F|13| |0|0| |2|L|P|P|0050--1-----|  4690|38871176| 76061250|    |      |89|00|041|N|            |N|2|00000050|0|        |US 50 - .06 Mile East of Longwoods Rd             
S|24|0P0019|7|1|23|3R|1|T|1|3|H|1|3|F|13| |0|0| |2|L|P|P|0340--1-----|   440|39326406| 77706219|    |      |89|00|043|N|            |N|2|00000340|0|        |US 340 - 50ft East of Potomac River B             
S|24|0P0051|1|1|23|1U|4|T|4|3|H|4|3|F|13| |0|0| |2|L|P|P|0095--1-----|   150|39227401| 76715871|    |      |92|00|005|N|            |N|1|00000095|0|        |IS 95 - .15 Mile North of Howard Coun             
S|24|0P0033|7|2|23|1U|2|T|2|3|H|2|3|F|13| |0|0| |2|L|P|P|0068--1-----| 29703|39682442| 78493740|    |      |89|00|001|N|            |N|1|00000068|0|        |IS 68 - 1.22 Miles East of Old Cumber             
S|24|0P0065|1|2|23|3U|2|T|2|3|H|2|3|F|13|T|2|5|M|2|Q|L|P|0002--1-----|  2090|38359535| 76453028|1632|      |92|00|009|Y|200020000143|N|3|00000002|0|        |MD 2 - .66 Mile North of Dowell Rd (A             
S|24|0P0022|3|1|23|3R|2|T|2|3|H|2|3|F|13| |0|0| |2|L|P|P|0050--1-----|  4690|38871176| 76061250|    |      |89|00|041|N|            |N|2|00000050|0|        |US 50 - .06 Mile East of Longwoods Rd             
S|24|0P0032|1|4|23|1U|5|T|5|3|H|5|3|F|13| |0|0| |2|L|P|P|            |      |39281938| 76730999|    |      |89|00|000|N|  6950000506|N|1|     695|0|        |IS 695 - 100ft South of Ingleside Ave             
S|24|0P0029|1|2|23|2U|2|T|2|3|H|2|3|F|13| |0|0| |2|L|P|P|0029--1-----|  6600|39210445| 76854127|    |      |89|00|027|N|            |N|2|00000029|0|        |US 29 - .31 Mile North of South Entra             
S|24|0P0021|7|2|23|1U|2|T|2|3|H|2|3|F|13| |0|0| |2|L|P|P|0070--1-----|  6380|39471720| 77528251|    |      |89|00|021|Y|0B0700000586|N|1|00000070|0|        |IS 70 - 2.79 Miles East of MD 17 (ATR             
S|24|0P0040|3|4|23|1U|4|T|4|3|H|4|3|F|13| |0|0| |2|L|P|P|0495--1-----|  1120|38981417| 77172356|    |      |89|00|031|N|            |N|1|00000495|0|        |IS 495 - 50ft East of Persimmon Tree              
S|24|0P0066|1|1|23|1U|2|T|2|3|H|2|3|F|13| |0|0| |2|L|P|P|0195--1-----|  2200|39209055| 76694849|5807|      |92|00|003|N|            |N|1|00000195|0|        |IS 195 - .59 Mile North of MD 295 (AT             
S|24|0P0079|1|5|23|1U|5|T|5|3|H|5|3|F|13| |0|0| |2|L|P|P|            |      |39257929| 76675064|2401|      |92|00|000|N|            |N|3|      24|0|        |MD 24 - .46 Mile North of MD 924 (ATR             
S|24|0P0039|5|1|23|1U|4|T|4|3|H|4|3|F|13| |0|0| |2|L|P|P|0095--1-----|  7696|39190536| 76773374|    |      |89|00|027|N|            |N|1|00000095|0|        |IS 95 - .08 Mile South of MD 103 (ATR             
S|24|0P0040|3|3|23|1U|4|T|4|3|H|4|3|F|13| |0|0| |2|L|P|P|0495--1-----|  1120|38981417| 77172356|    |      |89|00|031|N|            |N|1|00000495|0|        |IS 495 - 50ft East of Persimmon Tree              
S|24|0P0039|1|4|23|1U|4|T|4|3|H|4|3|F|13| |0|0| |2|L|P|P|0095--1-----|  7696|39190536| 76773374|    |      |89|00|027|N|            |N|1|00000095|0|        |IS 95 - .08 Mile South of MD 103 (ATR             
S|24|0P0028|1|2|23|2R|2|T|2|3|H|2|3|F|13| |0|0| |2|L|P|P|0301--1-----| 19834|39021269| 76035614|    |      |89|00|035|N|            |N|2|00000301|0|        |US 301 - .65 Mile South of MD 304 (AT             
S|24|0P0032|1|1|23|1U|5|T|5|3|H|5|3|F|13| |0|0| |2|L|P|P|            |      |39281938| 76730999|    |      |89|00|000|N|  6950000506|N|1|     695|0|        |IS 695 - 100ft South of Ingleside Ave             
S|24|0P0024|3|2|23|1U|3|T|3|3|H|3|3|F|13| |0|0| |2|L|P|P|0595--1-----|   810|38955895| 76678983|    |      |89|00|003|Y|000000000001|N|1|00000595|0|        |US 50/IS 595 - 1.34 Miles West of MD              
S|24|0P0024|7|1|23|1U|3|T|3|3|H|3|3|F|13| |0|0| |2|L|P|P|0595--1-----|   810|38955895| 76678983|    |      |89|00|003|Y|000000000001|N|1|00000595|0|        |US 50/IS 595 - 1.34 Miles West of MD              
S|24|0P0051|1|4|23|1U|4|T|4|3|H|4|3|F|13| |0|0| |2|L|P|P|0095--1-----|   150|39227401| 76715871|    |      |92|00|005|N|            |N|1|00000095|0|        |IS 95 - .15 Mile North of Howard Coun             
S|24|0P0035|5|2|23|3R|2|T|2|3|H|2|3|F|13| |0|0| |2|L|P|P|0219--1-----| 22100|39529425| 79345240|    |      |89|00|023|Y|2a458000-3e1|N|2|00000219|0|        |US 219 - .10 Mile North of Deep Creek             
S|24|0P0066|5|2|23|1U|2|T|2|3|H|2|3|F|13| |0|0| |2|L|P|P|0195--1-----|  2200|39209055| 76694849|5807|      |92|00|003|N|            |N|1|00000195|0|        |IS 195 - .59 Mile North of MD 295 (AT             
S|24|0P0024|7|3|23|1U|3|T|3|3|H|3|3|F|13| |0|0| |2|L|P|P|0595--1-----|   810|38955895| 76678983|    |      |89|00|003|Y|000000000001|N|1|00000595|0|        |US 50/IS 595 - 1.34 Miles West of MD              
S|24|0P0034|5|3|23|1U|3|T|3|3|H|3|3|F|13| |0|0| |2|L|P|P|0695--1-----| 27710|39363061| 76507185|    |      |89|00|005|N|            |N|1|00000695|0|        |IS 695 - .59 Mile North of US 1 (Bela             
S|24|0P0032|5|5|23|1U|5|T|5|3|H|5|3|F|13| |0|0| |2|L|P|P|            |      |39281938| 76730999|    |      |89|00|000|N|  6950000506|N|1|     695|0|        |IS 695 - 100ft South of Ingleside Ave             
S|24|0P0024|7|2|23|1U|3|T|3|3|H|3|3|F|13| |0|0| |2|L|P|P|0595--1-----|   810|38955895| 76678983|    |      |89|00|003|Y|000000000001|N|1|00000595|0|        |US 50/IS 595 - 1.34 Miles West of MD              
S|24|0P0041|7|4|23|1U|4|T|4|3|H|4|3|F|13| |0|0| |2|L|P|P|0495--1-----| 13280|39018199| 76991451|    |      |89|00|031|Y|004950001283|N|1|00000495|0|        |IS 495 - .82 Mile West of MD 650 (ATR             
S|24|0P0036|3|1|23|3U|2|T|2|3|H|2|3|F|13| |0|0| |2|L|P|P|0404--1-----|   265|38921861| 75944515|    |      |89|00|011|N|            |N|3|00000404|0|        |MD 404 - .065 Mile West of Cemetery R             
S|24|0P0069|1|2|23|2U|3|T|3|3|H|3|3|F|13| |0|0| |2|L|P|P|0032--1-----|  3990|39166032| 76837718|    |      |99|00|027|N|            |N|3|00000032|0|        |MD 32 - .78 Mile North of IS 95 (ATR#             
S|24|0P0036|3|2|23|3U|2|T|2|3|H|2|3|F|13| |0|0| |2|L|P|P|0404--1-----|   265|38921861| 75944515|    |      |89|00|011|N|            |N|3|00000404|0|        |MD 404 - .065 Mile West of Cemetery R             
S|24|0P0038|7|1|23|2U|2|T|2|3|H|2|3|F|13| |0|0| |2|L|P|P|0100--1-----|  7930|39140734| 76626754|    |      |89|00|003|N|            |N|3|00000100|0|        |MD 100 - .45 Mile West of Oakwood Rd              
S|24|0P0037|1|2|23|3R|2|T|2|3|H|2|3|F|13| |0|0| |2|L|P|P|0013--1-----|   900|38013839| 75543753|    |      |89|00|047|N|            |N|2|00000013|0|        |US 13 - .10 Mile North of Bunting Rd              
S|24|0P0025|1|1|23|2U|3|T|3|3|H|3|3|F|13| |0|0| |2|L|P|P|0295--1-----|  8140|39161077| 76739810|    |      |89|00|003|N|            |N|3|00000295|0|        |MD 295(NB) - .81 South of MD 100 (ATR             
S|24|0P0054|1|3|23|1U|4|T|4|3|H|4|3|F|13| |0|0| |2|L|P|P|0695--1-----| 22710|39405908| 76574640|    |      |92|00|005|Y|006950002243|N|1|00000695|0|        |IS 695 - .41 Mile North of Cromwell B             
S|24|0P0036|7|2|23|3U|2|T|2|3|H|2|3|F|13| |0|0| |2|L|P|P|0404--1-----|   265|38921861| 75944515|    |      |89|00|011|N|            |N|3|00000404|0|        |MD 404 - .065 Mile West of Cemetery R             
S|24|0P0084|1|1|23|5U|1|T|1|3|H|1|3|F|13| |0|0| |2|L|P|P|0313--1-----| 33930|39065441| 75850698|    |      |13|00|011|N|            |N|3|00000313|0|        |MD 313 - .22 Mile South of Queen Anne             
S|24|0P0041|7|1|23|1U|4|T|4|3|H|4|3|F|13| |0|0| |2|L|P|P|0495--1-----| 13280|39018199| 76991451|    |      |89|00|031|Y|004950001283|N|1|00000495|0|        |IS 495 - .82 Mile West of MD 650 (ATR             
S|24|0P0045|7|2|23|1U|2|T|2|3|H|2|3|F|13| |0|0| |2|L|P|P|0070--1-----|  4930|39688003| 78119968|    |      |92|00|043|Y|000700000441|N|1|00000070|0|        |IS 70 - .52 Mile East of MD 615 Struc             
S|24|0P0040|7|3|23|1U|4|T|4|3|H|4|3|F|13| |0|0| |2|L|P|P|0495--1-----|  1120|38981417| 77172356|    |      |89|00|031|N|            |N|1|00000495|0|        |IS 495 - 50ft East of Persimmon Tree              
S|24|0P0034|1|2|23|1U|3|T|3|3|H|3|3|F|13| |0|0| |2|L|P|P|0695--1-----| 27710|39363061| 76507185|    |      |89|00|005|N|            |N|1|00000695|0|        |IS 695 - .59 Mile North of US 1 (Bela             
S|24|0P0025|1|2|23|2U|3|T|3|3|H|3|3|F|13| |0|0| |2|L|P|P|0295--1-----|  8140|39161077| 76739810|    |      |89|00|003|N|            |N|3|00000295|0|        |MD 295(NB) - .81 South of MD 100 (ATR             
S|24|0P0049|1|4|23|1U|4|T|4|3|H|4|3|F|13| |0|0| |2|L|P|P|0095--1-----|  5640|38816821| 76949207|    |      |92|00|033|N|            |N|1|00000095|0|        |IS 95 - 200ft South of Temple Hill Rd             
S|24|0P0043|5|2|23|1U|4|T|4|3|H|4|3|F|13| |0|0| |2|L|P|P|0095--1-----| 13760|38877839| 76843627|    |      |89|00|033|N|            |N|1|00000095|0|        |IS 95 - 1.02 Miles South of MD 214 (A             
S|24|0P0036|7|1|23|3U|2|T|2|3|H|2|3|F|13| |0|0| |2|L|P|P|0404--1-----|   265|38921861| 75944515|    |      |89|00|011|N|            |N|3|00000404|0|        |MD 404 - .065 Mile West of Cemetery R             
S|24|0P0039|5|2|23|1U|4|T|4|3|H|4|3|F|13| |0|0| |2|L|P|P|0095--1-----|  7696|39190536| 76773374|    |      |89|00|027|N|            |N|1|00000095|0|        |IS 95 - .08 Mile South of MD 103 (ATR             
S|24|0P0037|1|1|23|3R|2|T|2|3|H|2|3|F|13| |0|0| |2|L|P|P|0013--1-----|   900|38013839| 75543753|    |      |89|00|047|N|            |N|2|00000013|0|        |US 13 - .10 Mile North of Bunting Rd              
S|24|0P0029|5|2|23|2U|3|T|3|3|H|3|3|F|13| |0|0| |2|L|P|P|0029--1-----|  6600|39210445| 76854127|    |      |89|00|027|N|            |N|2|00000029|0|        |US 29 - .31 Mile North of South Entra             
S|24|0P0027|5|2|23|1U|2|T|2|3|H|2|3|F|13| |0|0| |2|L|P|P|0083--1-----| 13770|39540814| 76666331|    |      |89|00|005|N|            |N|1|00000083|0|        |IS 83 - .50 mile South of Belfast Rd              
S|24|0P0028|1|1|23|2R|2|T|2|3|H|2|3|F|13| |0|0| |2|L|P|P|0301--1-----| 19834|39021269| 76035614|    |      |89|00|035|N|            |N|2|00000301|0|        |US 301 - .65 Mile South of MD 304 (AT             
S|24|0P0055|5|3|23|1U|4|T|4|3|H|4|3|F|13| |0|0| |2|L|P|P|0095--1-----| 21020|38978863| 76874070|    |      |92|00|033|N|            |N|1|00000095|0|        |IS 95 - .05 Mile North of Good Luck R             
S|24|0P0039|1|2|23|1U|4|T|4|3|H|4|3|F|13| |0|0| |2|L|P|P|0095--1-----|  7696|39190536| 76773374|    |      |89|00|027|N|            |N|1|00000095|0|        |IS 95 - .08 Mile South of MD 103 (ATR             
S|24|0P0039|5|3|23|1U|4|T|4|3|H|4|3|F|13| |0|0| |2|L|P|P|0095--1-----|  7696|39190536| 76773374|    |      |89|00|027|N|            |N|1|00000095|0|        |IS 95 - .08 Mile South of MD 103 (ATR             
S|24|0P0040|3|1|23|1U|4|T|4|3|H|4|3|F|13| |0|0| |2|L|P|P|0495--1-----|  1120|38981417| 77172356|    |      |89|00|031|N|            |N|1|00000495|0|        |IS 495 - 50ft East of Persimmon Tree              
S|24|0P0037|5|2|23|3R|2|T|2|3|H|2|3|F|13| |0|0| |2|L|P|P|0013--1-----|   900|38013839| 75543753|    |      |89|00|047|N|            |N|2|00000013|0|        |US 13 - .10 Mile North of Bunting Rd              
S|24|0P0033|7|1|23|1U|2|T|2|3|H|2|3|F|13| |0|0| |2|L|P|P|0068--1-----| 29703|39682442| 78493740|    |      |89|00|001|N|            |N|1|00000068|0|        |IS 68 - 1.22 Miles East of Old Cumber             
S|24|0P0049|5|3|23|1U|4|T|4|3|H|4|3|F|13| |0|0| |2|L|P|P|0095--1-----|  5640|38816821| 76949207|    |      |92|00|033|N|            |N|1|00000095|0|        |IS 95 - 200ft South of Temple Hill Rd             
S|24|0P0058|5|1|23|4U|1|T|1|3|H|1|3|F|13| |0|0| |2|L|P|P|0213--1-----| 10000|39492502| 75843159|    |      |92|00|015|N|            |N|3|00000213|0|        |MD 213 - .49 Mile North of MD 310 (AT             
S|24|0P0064|5|1|23|2U|2|T|2|3|H|2|3|F|13| |0|0| |2|L|P|P|            |      |39470724| 76316047|    |      |01|00|000|N|            |N|1|      95|0|        |IS 95 - .24 Mile South of Joh Ave (AT             
S|24|0P0070|7|2|23|1U|2|T|2|3|H|2|3|F|13| |0|0| |2|L|P|P|0068--1-----| 14730|39668470| 78734717|    |      |94|00|001|Y|100400001457|N|1|00000068|0|        |IS 68 - .15 Mile East of Structure #1             
S|24|0P0051|5|1|23|1U|4|T|4|3|H|4|3|F|13| |0|0| |2|L|P|P|0095--1-----|   150|39227401| 76715871|    |      |92|00|005|N|            |N|1|00000095|0|        |IS 95 - .15 Mile North of Howard Coun             
S|24|0P0053|3|2|23|1U|3|T|3|3|H|3|3|F|13| |0|0| |2|L|P|P|0070--1-----|  1640|39307076| 76766691|    |      |92|00|005|N|            |N|1|00000070|0|        |IS 70 - 1.25 Miles West of IS 695 (AT             
S|24|0P0041|3|2|23|1U|4|T|4|3|H|4|3|F|13| |0|0| |2|L|P|P|0495--1-----| 13280|39018199| 76991451|    |      |89|00|031|Y|004950001283|N|1|00000495|0|        |IS 495 - .82 Mile West of MD 650 (ATR             
S|24|0P0034|5|1|23|1U|3|T|3|3|H|3|3|F|13| |0|0| |2|L|P|P|0695--1-----| 27710|39363061| 76507185|    |      |89|00|005|N|            |N|1|00000695|0|        |IS 695 - .59 Mile North of US 1 (Bela             
S|24|0P0025|5|2|23|2U|3|T|3|3|H|3|3|F|13| |0|0| |2|L|P|P|            |      |39161077| 76739810|    |      |89|00|000|N|            |N|2|      40|0|        |US 40 - .06 Mile West of Cemetery La              
S|24|0P0072|1|1|23|1U|3|T|3|3|H|3|3|F|13| |0|0| |2|L|P|P|            |      |39384409| 76755883|    |      |01|00|000|N|            |N|1|      95|0|        |IS 95 - .24 Mile South of Joh Ave (AT             
S|24|0P0053|7|3|23|1U|3|T|3|3|H|3|3|F|13| |0|0| |2|L|P|P|0070--1-----|  1640|39307076| 76766691|    |      |92|00|005|N|            |N|1|00000070|0|        |IS 70 - 1.25 Miles West of IS 695 (AT             
S|24|0P0049|1|1|23|1U|4|T|4|3|H|4|3|F|13| |0|0| |2|L|P|P|0095--1-----|  5640|38816821| 76949207|    |      |92|00|033|N|            |N|1|00000095|0|        |IS 95 - 200ft South of Temple Hill Rd             
S|24|0P0043|1|2|23|1U|4|T|4|3|H|4|3|F|13| |0|0| |2|L|P|P|0095--1-----| 13760|38877839| 76843627|    |      |89|00|033|N|            |N|1|00000095|0|        |IS 95 - 1.02 Miles South of MD 214 (A             
S|24|0P0039|1|3|23|1U|4|T|4|3|H|4|3|F|13| |0|0| |2|L|P|P|0095--1-----|  7696|39190536| 76773374|    |      |89|00|027|N|            |N|1|00000095|0|        |IS 95 - .08 Mile South of MD 103 (ATR             
S|24|0P0028|5|2|23|2R|2|T|2|3|H|2|3|F|13| |0|0| |2|L|P|P|0301--1-----| 19834|39021269| 76035614|    |      |89|00|035|N|            |N|2|00000301|0|        |US 301 - .65 Mile South of MD 304 (AT             
S|24|0P0041|3|1|23|1U|4|T|4|3|H|4|3|F|13| |0|0| |2|L|P|P|0495--1-----| 13280|39018199| 76991451|    |      |89|00|031|Y|004950001283|N|1|00000495|0|        |IS 495 - .82 Mile West of MD 650 (ATR             
S|24|0P0075|1|2|23|1U|4|T|4|3|H|4|3|F|13| |0|0| |2|L|P|P|            |      |39212844| 76652787|    |      |01|00|000|N|            |N|1|      95|0|        |IS 95 - .24 Mile South of Joh Ave (AT             
S|24|0P0055|1|3|23|1U|4|T|4|3|H|4|3|F|13| |0|0| |2|L|P|P|0095--1-----| 21020|38978863| 76874070|    |      |92|00|033|N|            |N|1|00000095|0|        |IS 95 - .05 Mile North of Good Luck R             
S|24|0P0032|1|3|23|1U|5|T|5|3|H|5|3|F|13| |0|0| |2|L|P|P|            |      |39281938| 76730999|    |      |89|00|000|N|  6950000506|N|1|     695|0|        |IS 695 - 100ft South of Ingleside Ave             
S|24|0P0054|1|1|23|1U|4|T|4|3|H|4|3|F|13| |0|0| |2|L|P|P|0695--1-----| 22710|39405908| 76574640|    |      |92|00|005|Y|006950002243|N|1|00000695|0|        |IS 695 - .41 Mile North of Cromwell B             
S|24|0P0049|5|2|23|1U|4|T|4|3|H|4|3|F|13| |0|0| |2|L|P|P|0095--1-----|  5640|38816821| 76949207|    |      |92|00|033|N|            |N|1|00000095|0|        |IS 95 - 200ft South of Temple Hill Rd             
S|24|0P0052|1|1|23|1U|4|T|4|3|H|4|3|F|13| |0|0| |2|L|P|P|0083--1-----|  5200|39428380| 76635649|    |      |92|00|005|N|            |N|1|00000083|0|        |IS 83 - .64 Mile North of IS 695 (ATR             
S|24|0P0056|5|2|23|2U|3|T|3|3|H|3|3|F|13| |0|0| |2|L|P|P|            |      |38751400| 76992613|    |      |97|00|000|N|            |N|1|     795|0|        |IS 795(NB) - .05 Mile North of Mt. Wi             
S|24|0P0057|7|1|23|3U|2|T|2|3|H|2|3|F|13| |0|0| |2|L|P|P|0040--1-----| 18570|39347361| 76461539|    |      |92|00|005|N|            |N|2|00000040|0|        |US 40 - .46 Mile East of MD 700 (ATR#             
S|24|0P0032|5|1|23|1U|5|T|5|3|H|5|3|F|13| |0|0| |2|L|P|P|            |      |39281938| 76730999|    |      |89|00|000|N|  6950000506|N|1|     695|0|        |IS 695 - 100ft South of Ingleside Ave             
S|24|0P0076|1|2|23|1U|3|T|3|3|H|3|3|F|13| |0|0| |2|L|P|P|0083--1-----|  1080|39385355| 76662409|    |      |98|00|005|N|            |N|1|00000083|0|        |IS 83 - .04 Mile North of Old Pimlico             
S|24|0P0033|3|1|23|1U|2|T|2|3|H|2|3|F|13| |0|0| |2|L|P|P|0068--1-----| 29703|39682442| 78493740|    |      |89|00|001|N|            |N|1|00000068|0|        |IS 68 - 1.22 Miles East of Old Cumber             
S|24|0P0054|5|2|23|1U|3|T|3|3|H|3|3|F|13| |0|0| |2|L|P|P|0695--1-----| 22710|39405908| 76574640|    |      |92|00|005|Y|006950002243|N|1|00000695|0|        |IS 695 - .41 Mile North of Cromwell B             
S|24|0P0053|7|1|23|1U|3|T|3|3|H|3|3|F|13| |0|0| |2|L|P|P|0070--1-----|  1640|39307076| 76766691|    |      |92|00|005|N|            |N|1|00000070|0|        |IS 70 - 1.25 Miles West of IS 695 (AT             
S|24|0P0049|5|1|23|1U|4|T|4|3|H|4|3|F|13| |0|0| |2|L|P|P|0095--1-----|  5640|38816821| 76949207|    |      |92|00|033|N|            |N|1|00000095|0|        |IS 95 - 200ft South of Temple Hill Rd             
S|24|0P0043|5|4|23|1U|4|T|4|3|H|4|3|F|13| |0|0| |2|L|P|P|0095--1-----| 13760|38877839| 76843627|    |      |89|00|033|N|            |N|1|00000095|0|        |IS 95 - 1.02 Miles South of MD 214 (A             
S|24|0P0032|5|3|23|1U|5|T|5|3|H|5|3|F|13| |0|0| |2|L|P|P|            |      |39281938| 76730999|    |      |89|00|000|N|  6950000506|N|1|     695|0|        |IS 695 - 100ft South of Ingleside Ave             
S|24|0P0035|5|1|23|3R|2|T|2|3|H|2|3|F|13| |0|0| |2|L|P|P|0219--1-----| 22100|39529425| 79345240|    |      |89|00|023|Y|2a458000-3e1|N|2|00000219|0|        |US 219 - .10 Mile North of Deep Creek             
S|24|0P0034|1|3|23|1U|3|T|3|3|H|3|3|F|13| |0|0| |2|L|P|P|0695--1-----| 27710|39363061| 76507185|    |      |89|00|005|N|            |N|1|00000695|0|        |IS 695 - .59 Mile North of US 1 (Bela             
S|24|0P0052|5|1|23|1U|3|T|3|3|H|3|3|F|13| |0|0| |2|L|P|P|0083--1-----|  5200|39428380| 76635649|    |      |92|00|005|N|            |N|1|00000083|0|        |IS 83 - .64 Mile North of IS 695 (ATR             
S|24|0P0056|1|1|23|2U|3|T|3|3|H|3|3|F|13| |0|0| |2|L|P|P|            |      |38751400| 76992613|    |      |97|00|000|N|            |N|1|     795|0|        |IS 795(NB) - .05 Mile North of Mt. Wi             
S|24|0P0074|1|1|23|2U|2|T|2|3|H|2|3|F|13| |0|0| |2|L|P|P|0695--1-----|  5830|39281806| 76483815|    |      |97|00|005|N|            |N|3|00000695|0|        |MD 695 - 50ft South of Trappe Rd (ATR             
S|24|0P0078|1|3|23|1U|5|T|5|3|H|5|3|F|13| |0|0| |2|L|P|P|0695--1-----| 10970|39360180| 76746389|    |      |98|00|005|N|            |N|1|00000695|0|        |IS 695 - 1.03 Miles South of IS 795 (             
S|24|0P0052|1|3|23|1U|4|T|4|3|H|4|3|F|13| |0|0| |2|L|P|P|0083--1-----|  5200|39428380| 76635649|    |      |92|00|005|N|            |N|1|00000083|0|        |IS 83 - .64 Mile North of IS 695 (ATR             
S|24|0P0040|7|2|23|1U|4|T|4|3|H|4|3|F|13| |0|0| |2|L|P|P|0495--1-----|  1120|38981417| 77172356|    |      |89|00|031|N|            |N|1|00000495|0|        |IS 495 - 50ft East of Persimmon Tree              
S|24|0P0041|7|3|23|1U|4|T|4|3|H|4|3|F|13| |0|0| |2|L|P|P|0495--1-----| 13280|39018199| 76991451|    |      |89|00|031|Y|004950001283|N|1|00000495|0|        |IS 495 - .82 Mile West of MD 650 (ATR             
S|24|0P0053|7|2|23|1U|3|T|3|3|H|3|3|F|13| |0|0| |2|L|P|P|0070--1-----|  1640|39307076| 76766691|    |      |92|00|005|N|            |N|1|00000070|0|        |IS 70 - 1.25 Miles West of IS 695 (AT             
S|24|0P0054|5|3|23|1U|3|T|3|3|H|3|3|F|13| |0|0| |2|L|P|P|0695--1-----| 22710|39405908| 76574640|    |      |92|00|005|Y|006950002243|N|1|00000695|0|        |IS 695 - .41 Mile North of Cromwell B             
S|24|0P0078|1|4|23|1U|5|T|5|3|H|5|3|F|13| |0|0| |2|L|P|P|0695--1-----| 10970|39360180| 76746389|    |      |98|00|005|N|            |N|1|00000695|0|        |IS 695 - 1.03 Miles South of IS 795 (             
S|24|0P0051|5|2|23|1U|4|T|4|3|H|4|3|F|13| |0|0| |2|L|P|P|0095--1-----|   150|39227401| 76715871|    |      |92|00|005|N|            |N|1|00000095|0|        |IS 95 - .15 Mile North of Howard Coun             
S|24|0P0052|1|4|23|1U|4|T|4|3|H|4|3|F|13| |0|0| |2|L|P|P|0083--1-----|  5200|39428380| 76635649|    |      |92|00|005|N|            |N|1|00000083|0|        |IS 83 - .64 Mile North of IS 695 (ATR             
S|24|0P0043|5|1|23|1U|4|T|4|3|H|4|3|F|13| |0|0| |2|L|P|P|0095--1-----| 13760|38877839| 76843627|    |      |89|00|033|N|            |N|1|00000095|0|        |IS 95 - 1.02 Miles South of MD 214 (A             
S|24|0P0045|3|1|23|1U|2|T|2|3|H|2|3|F|13| |0|0| |2|L|P|P|0070--1-----|  4930|39688003| 78119968|    |      |92|00|043|Y|000700000441|N|1|00000070|0|        |IS 70 - .52 Mile East of MD 615 Struc             
S|24|0P0063|7|1|23|2R|1|T|1|3|H|1|3|F|13| |0|0| |2|L|P|P|0090--1-----|  1460|38373520| 75252828|1634|      |92|00|047|Y|200900000070|N|3|00000090|0|        |MD 90 - 100ft West of MD 346 (ATR#63)             
S|24|0P0054|1|2|23|1U|4|T|4|3|H|4|3|F|13| |0|0| |2|L|P|P|0695--1-----| 22710|39405908| 76574640|    |      |92|00|005|Y|006950002243|N|1|00000695|0|        |IS 695 - .41 Mile North of Cromwell B             
S|24|0P0078|1|2|23|1U|5|T|5|3|H|5|3|F|13| |0|0| |2|L|P|P|0695--1-----| 10970|39360180| 76746389|    |      |98|00|005|N|            |N|1|00000695|0|        |IS 695 - 1.03 Miles South of IS 795 (             
S|24|0P0051|1|3|23|1U|4|T|4|3|H|4|3|F|13| |0|0| |2|L|P|P|0095--1-----|   150|39227401| 76715871|    |      |92|00|005|N|            |N|1|00000095|0|        |IS 95 - .15 Mile North of Howard Coun             
S|24|0P0051|1|2|23|1U|4|T|4|3|H|4|3|F|13| |0|0| |2|L|P|P|0095--1-----|   150|39227401| 76715871|    |      |92|00|005|N|            |N|1|00000095|0|        |IS 95 - .15 Mile North of Howard Coun             
S|24|0P0062|7|2|23|3U|2|T|2|3|H|2|3|F|13| |0|0| |2|L|P|P|0050--1-----|  5980|38347880| 75231491|    |      |92|00|047|Y|55D1C610B4B5|N|2|00000050|0|        |US 50 - .73 Mile West of MD 818 (ATR#             
S|24|0P0052|1|2|23|1U|4|T|4|3|H|4|3|F|13| |0|0| |2|L|P|P|0083--1-----|  5200|39428380| 76635649|    |      |92|00|005|N|            |N|1|00000083|0|        |IS 83 - .64 Mile North of IS 695 (ATR             
S|24|0P0040|3|2|23|1U|4|T|4|3|H|4|3|F|13| |0|0| |2|L|P|P|0495--1-----|  1120|38981417| 77172356|    |      |89|00|031|N|            |N|1|00000495|0|        |IS 495 - 50ft East of Persimmon Tree              
S|24|0P0060|5|3|23|1U|4|T|4|3|H|4|3|F|13| |0|0| |2|L|P|P|0270--1-----| 13470|39168932| 77242770|    |      |94|00|031|Y|002700000777|N|1|00000270|0|        |IS 270 - .47 Mile South of Middlebroo             
S|24|0P0079|1|3|23|1U|5|T|5|3|H|5|3|F|13| |0|0| |2|L|P|P|            |      |39257929| 76675064|2401|      |92|00|000|N|            |N|3|      24|0|        |MD 24 - .46 Mile North of MD 924 (ATR             
S|24|0P0054|5|1|23|1U|3|T|3|3|H|3|3|F|13| |0|0| |2|L|P|P|0695--1-----| 22710|39405908| 76574640|    |      |92|00|005|Y|006950002243|N|1|00000695|0|        |IS 695 - .41 Mile North of Cromwell B             
S|24|0P0059|1|1|23|3R|2|T|2|3|H|2|3|F|13| |0|0| |2|L|P|P|0013--1-----| 18420|38266362| 75661661|    |      |92|00|039|N|            |N|2|00000013|0|        |US 13 - .45 Mile North of Peggyneck R             
S|24|0P0066|5|1|23|1U|2|T|2|3|H|2|3|F|13| |0|0| |2|L|P|P|0195--1-----|  2200|39209055| 76694849|5807|      |92|00|003|N|            |N|1|00000195|0|        |IS 195 - .59 Mile North of MD 295 (AT             
S|24|0P0067|7|3|23|1U|3|T|3|3|H|3|3|F|13| |0|0| |2|L|P|P|0070--1-----| 18030|39404253| 77362706|2805|      |92|00|021|Y|000700001797|N|1|00000070|0|        |IS 70 - .18 Mile East of Monocacy Riv             
S|24|0P0057|3|1|23|3U|2|T|2|3|H|2|3|F|13| |0|0| |2|L|P|P|0040--1-----| 18570|39347361| 76461539|    |      |92|00|005|N|            |N|2|00000040|0|        |US 40 - .46 Mile East of MD 700 (ATR#             
S|24|0P0055|1|2|23|1U|4|T|4|3|H|4|3|F|13| |0|0| |2|L|P|P|0095--1-----| 21020|38978863| 76874070|    |      |92|00|033|N|            |N|1|00000095|0|        |IS 95 - .05 Mile North of Good Luck R             
S|24|0P0079|5|3|23|1U|5|T|5|3|H|5|3|F|13| |0|0| |2|L|P|P|            |      |39257929| 76675064|    |      |89|00|000|N|            |N|2|      50|0|        |US 50 - .09 Mile East of Big Mill Pon             
S|24|0P0051|5|3|23|1U|4|T|4|3|H|4|3|F|13| |0|0| |2|L|P|P|0095--1-----|   150|39227401| 76715871|    |      |92|00|005|N|            |N|1|00000095|0|        |IS 95 - .15 Mile North of Howard Coun             
S|24|0P0068|5|1|23|2R|1|T|1|3|H|1|3|F|13| |0|0| |2|L|P|P|0015--1-----|  4620|39329381| 77510505|0500|      |92|00|021|Y|100150000400|N|2|00000015|0|        |US 15 - 1.16 Miles North of Basford R             
S|24|0P0064|1|1|23|2U|2|T|2|3|H|2|3|F|13| |0|0| |2|L|P|P|            |      |39470724| 76316047|    |      |89|00|000|N|            |N|3|     295|0|        |MD 295(NB) - .81 South of MD 100 (ATR             
S|24|0P0040|7|4|23|1U|4|T|4|3|H|4|3|F|13| |0|0| |2|L|P|P|0495--1-----|  1120|38981417| 77172356|    |      |89|00|031|N|            |N|1|00000495|0|        |IS 495 - 50ft East of Persimmon Tree              
S|24|0P0056|1|3|23|2U|3|T|3|3|H|3|3|F|13| |0|0| |2|L|P|P|            |      |38751400| 76992613|    |      |97|00|000|N|            |N|1|     795|0|        |IS 795(NB) - .05 Mile North of Mt. Wi             
S|24|0P0060|1|4|23|1U|4|T|4|3|H|4|3|F|13| |0|0| |2|L|P|P|0270--1-----| 13470|39168932| 77242770|    |      |94|00|031|Y|002700000777|N|1|00000270|0|        |IS 270 - .47 Mile South of Middlebroo             
S|24|0P0062|3|2|23|3U|2|T|2|3|H|2|3|F|13| |0|0| |2|L|P|P|0050--1-----|  5980|38347880| 75231491|    |      |92|00|047|Y|55D1C610B4B5|N|2|00000050|0|        |US 50 - .73 Mile West of MD 818 (ATR#             
S|24|0P0052|5|2|23|1U|3|T|3|3|H|3|3|F|13| |0|0| |2|L|P|P|0083--1-----|  5200|39428380| 76635649|    |      |92|00|005|N|            |N|1|00000083|0|        |IS 83 - .64 Mile North of IS 695 (ATR             
S|24|0P0060|1|2|23|1U|4|T|4|3|H|4|3|F|13| |0|0| |2|L|P|P|0270--1-----| 13470|39168932| 77242770|    |      |94|00|031|Y|002700000777|N|1|00000270|0|        |IS 270 - .47 Mile South of Middlebroo             
S|24|0P0071|5|3|23|1U|4|T|4|3|H|4|3|F|13| |0|0| |2|L|P|P|0095--1-----|  1460|39239529| 76699032|    |      |97|00|005|N|            |N|1|00000095|0|        |IS 95 - .65 Mile North of IS 195 (ATR             
S|24|0P0057|7|2|23|3U|2|T|2|3|H|2|3|F|13| |0|0| |2|L|P|P|0040--1-----| 18570|39347361| 76461539|    |      |92|00|005|N|            |N|2|00000040|0|        |US 40 - .46 Mile East of MD 700 (ATR#             
S|24|0P0056|1|2|23|2U|3|T|3|3|H|3|3|F|13| |0|0| |2|L|P|P|            |      |38751400| 76992613|    |      |97|00|000|N|            |N|1|     795|0|        |IS 795(NB) - .05 Mile North of Mt. Wi             
S|24|0P0080|5|2|23|3U|2|T|2|3|H|2|3|F|13| |0|0| |2|L|P|P|0005--1-----| 10000|38606685| 76874601|    |      |10|00|017|Y|200050000929|N|3|00000005|0|        |MD 5 - .10 Mile South of Renner Rd (A             
S|24|0P0053|3|3|23|1U|3|T|3|3|H|3|3|F|13| |0|0| |2|L|P|P|0070--1-----|  1640|39307076| 76766691|    |      |92|00|005|N|            |N|1|00000070|0|        |IS 70 - 1.25 Miles West of IS 695 (AT             
S|24|0P0078|5|1|23|1U|5|T|5|3|H|5|3|F|13| |0|0| |2|L|P|P|0695--1-----| 10970|39360180| 76746389|    |      |98|00|005|N|            |N|1|00000695|0|        |IS 695 - 1.03 Miles South of IS 795 (             
S|24|0P0071|5|1|23|1U|4|T|4|3|H|4|3|F|13| |0|0| |2|L|P|P|0095--1-----|  1460|39239529| 76699032|    |      |97|00|005|N|            |N|1|00000095|0|        |IS 95 - .65 Mile North of IS 195 (ATR             
S|24|0P0072|1|3|23|1U|3|T|3|3|H|3|3|F|13| |0|0| |2|L|P|P|            |      |39384409| 76755883|    |      |01|00|000|N|            |N|1|      95|0|        |IS 95 - .24 Mile South of Joh Ave (AT             
S|24|0P0059|1|2|23|3R|2|T|2|3|H|2|3|F|13| |0|0| |2|L|P|P|0013--1-----| 18420|38266362| 75661661|    |      |92|00|039|N|            |N|2|00000013|0|        |US 13 - .45 Mile North of Peggyneck R             
S|24|0P0062|7|1|23|3U|2|T|2|3|H|2|3|F|13| |0|0| |2|L|P|P|0050--1-----|  5980|38347880| 75231491|    |      |92|00|047|Y|55D1C610B4B5|N|2|00000050|0|        |US 50 - .73 Mile West of MD 818 (ATR#             
S|24|0P0054|1|4|23|1U|4|T|4|3|H|4|3|F|13| |0|0| |2|L|P|P|0695--1-----| 22710|39405908| 76574640|    |      |92|00|005|Y|006950002243|N|1|00000695|0|        |IS 695 - .41 Mile North of Cromwell B             
S|24|0P0075|1|3|23|1U|4|T|4|3|H|4|3|F|13| |0|0| |2|L|P|P|            |      |39212844| 76652787|    |      |97|00|000|N|            |N|1|     695|0|        |IS 695 - .26 Mile West of MD 170 (ATR             
S|24|0P0078|5|2|23|1U|5|T|5|3|H|5|3|F|13| |0|0| |2|L|P|P|0695--1-----| 10970|39360180| 76746389|    |      |98|00|005|N|            |N|1|00000695|0|        |IS 695 - 1.03 Miles South of IS 795 (             
S|24|0P0075|1|1|23|1U|4|T|4|3|H|4|3|F|13| |0|0| |2|L|P|P|            |      |39212844| 76652787|    |      |01|00|000|N|            |N|1|      95|0|        |IS 95 - .24 Mile South of Joh Ave (AT             
S|24|0P0060|1|1|23|1U|4|T|4|3|H|4|3|F|13| |0|0| |2|L|P|P|0270--1-----| 13470|39168932| 77242770|    |      |94|00|031|Y|002700000777|N|1|00000270|0|        |IS 270 - .47 Mile South of Middlebroo             
S|24|0P0055|1|4|23|1U|4|T|4|3|H|4|3|F|13| |0|0| |2|L|P|P|0095--1-----| 21020|38978863| 76874070|    |      |92|00|033|N|            |N|1|00000095|0|        |IS 95 - .05 Mile North of Good Luck R             
S|24|0P0041|7|2|23|1U|4|T|4|3|H|4|3|F|13| |0|0| |2|L|P|P|0495--1-----| 13280|39018199| 76991451|    |      |89|00|031|Y|004950001283|N|1|00000495|0|        |IS 495 - .82 Mile West of MD 650 (ATR             
S|24|0P0059|5|2|23|3R|2|T|2|3|H|2|3|F|13| |0|0| |2|L|P|P|0013--1-----| 18420|38266362| 75661661|    |      |92|00|039|N|            |N|2|00000013|0|        |US 13 - .45 Mile North of Peggyneck R             
S|24|0P0066|1|2|23|1U|2|T|2|3|H|2|3|F|13| |0|0| |2|L|P|P|0195--1-----|  2200|39209055| 76694849|5807|      |92|00|003|N|            |N|1|00000195|0|        |IS 195 - .59 Mile North of MD 295 (AT             
S|24|0P0067|7|2|23|1U|3|T|3|3|H|3|3|F|13| |0|0| |2|L|P|P|0070--1-----| 18030|39404253| 77362706|2805|      |92|00|021|Y|000700001797|N|1|00000070|0|        |IS 70 - .18 Mile East of Monocacy Riv             
S|24|0P0053|3|1|23|1U|3|T|3|3|H|3|3|F|13| |0|0| |2|L|P|P|0070--1-----|  1640|39307076| 76766691|    |      |92|00|005|N|            |N|1|00000070|0|        |IS 70 - 1.25 Miles West of IS 695 (AT             
S|24|0P0077|5|1|23|1U|3|T|3|3|H|3|3|F|13| |0|0| |2|L|P|P|0695--1-----|   590|39238873| 76668331|    |      |98|00|005|N|            |N|1|00000695|0|        |IS 695 - .15 Mile North of Hollins Fe             
S|24|0P0055|5|2|23|1U|4|T|4|3|H|4|3|F|13| |0|0| |2|L|P|P|0095--1-----| 21020|38978863| 76874070|    |      |92|00|033|N|            |N|1|00000095|0|        |IS 95 - .05 Mile North of Good Luck R             
S|24|0P0043|1|3|23|1U|4|T|4|3|H|4|3|F|13| |0|0| |2|L|P|P|0095--1-----| 13760|38877839| 76843627|    |      |89|00|033|N|            |N|1|00000095|0|        |IS 95 - 1.02 Miles South of MD 214 (A             
S|24|0P0060|5|4|23|1U|4|T|4|3|H|4|3|F|13| |0|0| |2|L|P|P|0270--1-----| 13470|39168932| 77242770|    |      |94|00|031|Y|002700000777|N|1|00000270|0|        |IS 270 - .47 Mile South of Middlebroo             
S|24|0P0069|5|3|23|2U|3|T|3|3|H|3|3|F|13| |0|0| |2|L|P|P|0032--1-----|  3990|39166032| 76837718|    |      |99|00|027|N|            |N|3|00000032|0|        |MD 32 - .78 Mile North of IS 95 (ATR#             
S|24|0P0061|7|1|23|2U|2|T|2|3|H|2|3|F|13| |0|0| |2|L|P|P|0050--1-----|  2050|38921798| 76905895|    |      |94|00|033|Y|100500000178|N|2|00000050|0|        |US 50 - .75 Mile West of MD 202 (ATR#             
S|24|0P0079|1|4|23|1U|5|T|5|3|H|5|3|F|13| |0|0| |2|L|P|P|            |      |39257929| 76675064|2401|      |92|00|000|N|            |N|3|      24|0|        |MD 24 - .46 Mile North of MD 924 (ATR             
S|24|0P0061|7|2|23|2U|2|T|2|3|H|2|3|F|13| |0|0| |2|L|P|P|0050--1-----|  2050|38921798| 76905895|    |      |94|00|033|Y|100500000178|N|2|00000050|0|        |US 50 - .75 Mile West of MD 202 (ATR#             
S|24|0P0070|3|2|23|1U|2|T|2|3|H|2|3|F|13| |0|0| |2|L|P|P|0068--1-----| 14730|39668470| 78734717|    |      |94|00|001|Y|100400001457|N|1|00000068|0|        |IS 68 - .15 Mile East of Structure #1             
S|24|0P0078|5|3|23|1U|5|T|5|3|H|5|3|F|13| |0|0| |2|L|P|P|0695--1-----| 10970|39360180| 76746389|    |      |98|00|005|N|            |N|1|00000695|0|        |IS 695 - 1.03 Miles South of IS 795 (             
S|24|0P0079|5|2|23|1U|5|T|5|3|H|5|3|F|13| |0|0| |2|L|P|P|            |      |39257929| 76675064|    |      |89|00|000|N|            |N|2|      50|0|        |US 50 - .09 Mile East of Big Mill Pon             
S|24|0P0056|5|3|23|2U|3|T|3|3|H|3|3|F|13| |0|0| |2|L|P|P|            |      |38751400| 76992613|    |      |89|00|000|N|            |N|3|     295|0|        |MD 295(NB) - .81 South of MD 100 (ATR             
S|24|0P0078|1|5|23|1U|5|T|5|3|H|5|3|F|13| |0|0| |2|L|P|P|0695--1-----| 10970|39360180| 76746389|    |      |98|00|005|N|            |N|1|00000695|0|        |IS 695 - 1.03 Miles South of IS 795 (             
S|24|0P0059|5|1|23|3R|2|T|2|3|H|2|3|F|13| |0|0| |2|L|P|P|0013--1-----| 18420|38266362| 75661661|    |      |92|00|039|N|            |N|2|00000013|0|        |US 13 - .45 Mile North of Peggyneck R             
S|24|0P0043|1|4|23|1U|4|T|4|3|H|4|3|F|13| |0|0| |2|L|P|P|0095--1-----| 13760|38877839| 76843627|    |      |89|00|033|N|            |N|1|00000095|0|        |IS 95 - 1.02 Miles South of MD 214 (A             
S|24|0P0057|3|2|23|3U|2|T|2|3|H|2|3|F|13| |0|0| |2|L|P|P|0040--1-----| 18570|39347361| 76461539|    |      |92|00|005|N|            |N|2|00000040|0|        |US 40 - .46 Mile East of MD 700 (ATR#             
S|24|0P0069|1|1|23|2U|3|T|3|3|H|3|3|F|13| |0|0| |2|L|P|P|0032--1-----|  3990|39166032| 76837718|    |      |99|00|027|N|            |N|3|00000032|0|        |MD 32 - .78 Mile North of IS 95 (ATR#             
S|24|0P0071|5|2|23|1U|4|T|4|3|H|4|3|F|13| |0|0| |2|L|P|P|0095--1-----|  1460|39239529| 76699032|    |      |97|00|005|N|            |N|1|00000095|0|        |IS 95 - .65 Mile North of IS 195 (ATR             
S|24|0P0075|5|2|23|1U|4|T|4|3|H|4|3|F|13| |0|0| |2|L|P|P|            |      |39212844| 76652787|    |      |97|00|000|N|            |N|1|     695|0|        |IS 695 - .26 Mile West of MD 170 (ATR             
S|24|0P0061|3|2|23|2U|2|T|2|3|H|2|3|F|13| |0|0| |2|L|P|P|0050--1-----|  2050|38921798| 76905895|    |      |94|00|033|Y|100500000178|N|2|00000050|0|        |US 50 - .75 Mile West of MD 202 (ATR#             
S|24|0P0062|3|1|23|3U|2|T|2|3|H|2|3|F|13| |0|0| |2|L|P|P|0050--1-----|  5980|38347880| 75231491|    |      |92|00|047|Y|55D1C610B4B5|N|2|00000050|0|        |US 50 - .73 Mile West of MD 818 (ATR#             
S|24|0P0063|3|1|23|2R|1|T|1|3|H|1|3|F|13| |0|0| |2|L|P|P|0090--1-----|  1460|38373520| 75252828|1634|      |92|00|047|Y|200900000070|N|3|00000090|0|        |MD 90 - 100ft West of MD 346 (ATR#63)             
S|24|0P0060|5|2|23|1U|4|T|4|3|H|4|3|F|13| |0|0| |2|L|P|P|0270--1-----| 13470|39168932| 77242770|    |      |94|00|031|Y|002700000777|N|1|00000270|0|        |IS 270 - .47 Mile South of Middlebroo             
S|24|0P0045|3|2|23|1U|2|T|2|3|H|2|3|F|13| |0|0| |2|L|P|P|0070--1-----|  4930|39688003| 78119968|    |      |92|00|043|Y|000700000441|N|1|00000070|0|        |IS 70 - .52 Mile East of MD 615 Struc             
S|24|0P0089|1|1|23|5U|2|T|2|3|H|2|3|F|13| |0|0| |2|L|P|P|0953--1-----|  1010|38952448| 76812698|    |      |13|00|033|N|            |N|3|00000953|0|        |MD 953 - .10 Mile North of Atwell Ave             
S|24|0P0067|3|1|23|1U|3|T|3|3|H|3|3|F|13| |0|0| |2|L|P|P|0070--1-----| 18030|39404253| 77362706|2805|      |92|00|021|Y|000700001797|N|1|00000070|0|        |IS 70 - .18 Mile East of Monocacy Riv             
S|24|0P0068|1|1|23|2R|1|T|1|3|H|1|3|F|13| |0|0| |2|L|P|P|0015--1-----|  4620|39329381| 77510505|0500|      |92|00|021|Y|100150000400|N|2|00000015|0|        |US 15 - 1.16 Miles North of Basford R             
S|24|0P0070|7|1|23|1U|2|T|2|3|H|2|3|F|13| |0|0| |2|L|P|P|0068--1-----| 14730|39668470| 78734717|    |      |94|00|001|Y|100400001457|N|1|00000068|0|        |IS 68 - .15 Mile East of Structure #1             
S|24|0P0089|5|1|23|5U|2|T|2|3|H|2|3|F|13| |0|0| |2|L|P|P|0953--1-----|  1010|38952448| 76812698|    |      |13|00|033|N|            |N|3|00000953|0|        |MD 953 - .10 Mile North of Atwell Ave             
S|24|0P0067|3|2|23|1U|3|T|3|3|H|3|3|F|13| |0|0| |2|L|P|P|0070--1-----| 18030|39404253| 77362706|2805|      |92|00|021|Y|000700001797|N|1|00000070|0|        |IS 70 - .18 Mile East of Monocacy Riv             
S|24|0P0074|5|2|23|2U|2|T|2|3|H|2|3|F|13| |0|0| |2|L|P|P|0695--1-----|  5830|39281806| 76483815|    |      |97|00|005|N|            |N|3|00000695|0|        |MD 695 - 50ft South of Trappe Rd (ATR             
S|24|0P0072|5|1|23|1U|3|T|3|3|H|3|3|F|13| |0|0| |2|L|P|P|            |      |39384409| 76755883|    |      |01|00|000|N|            |N|1|      95|0|        |IS 95 - .24 Mile South of Joh Ave (AT             
S|24|0P0056|5|1|23|2U|3|T|3|3|H|3|3|F|13| |0|0| |2|L|P|P|            |      |38751400| 76992613|    |      |97|00|000|N|            |N|1|     795|0|        |IS 795(NB) - .05 Mile North of Mt. Wi             
S|24|0P0071|5|4|23|1U|4|T|4|3|H|4|3|F|13| |0|0| |2|L|P|P|0095--1-----|  1460|39239529| 76699032|    |      |97|00|005|N|            |N|1|00000095|0|        |IS 95 - .65 Mile North of IS 195 (ATR             
S|24|0P0071|1|3|23|1U|4|T|4|3|H|4|3|F|13| |0|0| |2|L|P|P|0095--1-----|  1460|39239529| 76699032|    |      |97|00|005|N|            |N|1|00000095|0|        |IS 95 - .65 Mile North of IS 195 (ATR             
S|24|0P0072|5|2|23|1U|3|T|3|3|H|3|3|F|13| |0|0| |2|L|P|P|            |      |39384409| 76755883|    |      |01|00|000|N|            |N|1|      95|0|        |IS 95 - .24 Mile South of Joh Ave (AT             
S|24|0P0083|7|1|23|5U|1|T|1|3|H|1|3|F|13| |0|0| |2|L|P|P|0610--1-----|  1030|38396505| 75306839|    |      |13|00|047|N|            |N|3|00000610|0|        |MD 610 - .30 Mile North of MD 346 (AT             
S|24|0P0071|1|1|23|1U|4|T|4|3|H|4|3|F|13| |0|0| |2|L|P|P|0095--1-----|  1460|39239529| 76699032|    |      |97|00|005|N|            |N|1|00000095|0|        |IS 95 - .65 Mile North of IS 195 (ATR             
S|24|0P0075|5|3|23|1U|4|T|4|3|H|4|3|F|13| |0|0| |2|L|P|P|            |      |39212844| 76652787|    |      |97|00|000|N|            |N|1|     695|0|        |IS 695 - .26 Mile West of MD 170 (ATR             
S|24|0P0077|1|1|23|1U|4|T|4|3|H|4|3|F|13| |0|0| |2|L|P|P|0695--1-----|   590|39238873| 76668331|    |      |98|00|005|N|            |N|1|00000695|0|        |IS 695 - .15 Mile North of Hollins Fe             
S|24|0P0065|1|1|23|3U|2|T|2|3|H|2|3|F|13|T|2|5|M|2|Q|L|P|0002--1-----|  2090|38359535| 76453028|1632|      |92|00|009|Y|200020000143|N|3|00000002|0|        |MD 2 - .66 Mile North of Dowell Rd (A             
S|24|0P0071|1|2|23|1U|4|T|4|3|H|4|3|F|13| |0|0| |2|L|P|P|0095--1-----|  1460|39239529| 76699032|    |      |97|00|005|N|            |N|1|00000095|0|        |IS 95 - .65 Mile North of IS 195 (ATR             
S|24|0P0075|5|4|23|1U|4|T|4|3|H|4|3|F|13| |0|0| |2|L|P|P|            |      |39212844| 76652787|    |      |97|00|000|N|            |N|1|     695|0|        |IS 695 - .26 Mile West of MD 170 (ATR             
S|24|0P0071|1|4|23|1U|4|T|4|3|H|4|3|F|13| |0|0| |2|L|P|P|0095--1-----|  1460|39239529| 76699032|    |      |97|00|005|N|            |N|1|00000095|0|        |IS 95 - .65 Mile North of IS 195 (ATR             
S|24|0P0074|5|1|23|2U|2|T|2|3|H|2|3|F|13| |0|0| |2|L|P|P|0695--1-----|  5830|39281806| 76483815|    |      |97|00|005|N|            |N|3|00000695|0|        |MD 695 - 50ft South of Trappe Rd (ATR             
S|24|0P0072|1|2|23|1U|3|T|3|3|H|3|3|F|13| |0|0| |2|L|P|P|            |      |39384409| 76755883|    |      |01|00|000|N|            |N|1|      95|0|        |IS 95 - .24 Mile South of Joh Ave (AT             
S|24|0P0065|5|1|23|3U|2|T|2|3|H|2|3|F|13|T|2|5|M|2|Q|L|P|0002--1-----|  2090|38359535| 76453028|1632|      |92|00|009|Y|200020000143|N|3|00000002|0|        |MD 2 - .66 Mile North of Dowell Rd (A             
S|24|0P0069|1|3|23|2U|3|T|3|3|H|3|3|F|13| |0|0| |2|L|P|P|0032--1-----|  3990|39166032| 76837718|    |      |99|00|027|N|            |N|3|00000032|0|        |MD 32 - .78 Mile North of IS 95 (ATR#             
S|24|0P0075|5|1|23|1U|4|T|4|3|H|4|3|F|13| |0|0| |2|L|P|P|            |      |39212844| 76652787|    |      |97|00|000|N|            |N|1|     695|0|        |IS 695 - .26 Mile West of MD 170 (ATR             
S|24|0P0077|1|4|23|1U|4|T|4|3|H|4|3|F|13| |0|0| |2|L|P|P|0695--1-----|   590|39238873| 76668331|    |      |98|00|005|N|            |N|1|00000695|0|        |IS 695 - .15 Mile North of Hollins Fe             
S|24|0P0085|3|1|23|5U|1|T|1|3|H|1|3|F|13| |0|0| |2|L|P|P|0439--1-----|   680|39703193| 76635415|    |      |13|00|005|N|            |N|3|00000439|0|        |MD 439 - .44 Mile East of IS 83 (ATR#             
S|24|0P0089|5|2|23|5U|2|T|2|3|H|2|3|F|13| |0|0| |2|L|P|P|0953--1-----|  1010|38952448| 76812698|    |      |13|00|033|N|            |N|3|00000953|0|        |MD 953 - .10 Mile North of Atwell Ave             
S|24|0P0076|1|3|23|1U|3|T|3|3|H|3|3|F|13| |0|0| |2|L|P|P|0083--1-----|  1080|39385355| 76662409|    |      |98|00|005|N|            |N|1|00000083|0|        |IS 83 - .04 Mile North of Old Pimlico             
S|24|0P0083|3|1|23|5U|1|T|1|3|H|1|3|F|13| |0|0| |2|L|P|P|0610--1-----|  1030|38396505| 75306839|    |      |13|00|047|N|            |N|3|00000610|0|        |MD 610 - .30 Mile North of MD 346 (AT             
S|24|0P0084|5|1|23|5U|1|T|1|3|H|1|3|F|13| |0|0| |2|L|P|P|0313--1-----| 33930|39065441| 75850698|    |      |13|00|011|N|            |N|3|00000313|0|        |MD 313 - .22 Mile South of Queen Anne             
S|24|0P0077|1|3|23|1U|4|T|4|3|H|4|3|F|13| |0|0| |2|L|P|P|0695--1-----|   590|39238873| 76668331|    |      |98|00|005|N|            |N|1|00000695|0|        |IS 695 - .15 Mile North of Hollins Fe             
S|24|0P0067|3|3|23|1U|3|T|3|3|H|3|3|F|13| |0|0| |2|L|P|P|0070--1-----| 18030|39404253| 77362706|2805|      |92|00|021|Y|000700001797|N|1|00000070|0|        |IS 70 - .18 Mile East of Monocacy Riv             
S|24|0P0076|1|1|23|1U|3|T|3|3|H|3|3|F|13| |0|0| |2|L|P|P|0083--1-----|  1080|39385355| 76662409|    |      |98|00|005|N|            |N|1|00000083|0|        |IS 83 - .04 Mile North of Old Pimlico             
S|24|0P0077|5|3|23|1U|3|T|3|3|H|3|3|F|13| |0|0| |2|L|P|P|0695--1-----|   590|39238873| 76668331|    |      |98|00|005|N|            |N|1|00000695|0|        |IS 695 - .15 Mile North of Hollins Fe             
S|24|0P0090|5|1|23|4U|1|T|1|3|H|1|3|F|13| |0|0| |2|L|P|P|0129--1-----|  2800|39408618| 76729503|    |      |13|00|005|N|            |N|3|00000129|0|        |MD 129 - .18 Mile South of MD 130 (AT             
S|24|0P0069|5|2|23|2U|3|T|3|3|H|3|3|F|13| |0|0| |2|L|P|P|0032--1-----|  3990|39166032| 76837718|    |      |99|00|027|N|            |N|3|00000032|0|        |MD 32 - .78 Mile North of IS 95 (ATR#             
S|24|0P0079|5|4|23|1U|5|T|5|3|H|5|3|F|13| |0|0| |2|L|P|P|            |      |39257929| 76675064|    |      |89|00|000|N|            |N|2|      50|0|        |US 50 - .09 Mile East of Big Mill Pon             
S|24|0P0067|7|1|23|1U|3|T|3|3|H|3|3|F|13| |0|0| |2|L|P|P|0070--1-----| 18030|39404253| 77362706|2805|      |92|00|021|Y|000700001797|N|1|00000070|0|        |IS 70 - .18 Mile East of Monocacy Riv             
S|24|0P0091|1|1|23|5U|1|T|1|3|H|1|3|F|13| |0|0| |2|L|P|P|0638--1-----|  1280|39664763| 78889622|    |      |13|00|001|N|            |N|3|00000638|0|        |MD 638 - .13 Mile North of Porter Cem             
S|24|0P0076|5|3|23|1U|3|T|3|3|H|3|3|F|13| |0|0| |2|L|P|P|0083--1-----|  1080|39385355| 76662409|    |      |98|00|005|N|            |N|1|00000083|0|        |IS 83 - .04 Mile North of Old Pimlico             
S|24|0P0080|1|1|23|3U|2|T|2|3|H|2|3|F|13| |0|0| |2|L|P|P|0005--1-----| 10000|38606685| 76874601|    |      |10|00|017|Y|200050000929|N|3|00000005|0|        |MD 5 - .10 Mile South of Renner Rd (A             
S|24|0P0069|5|1|23|2U|3|T|3|3|H|3|3|F|13| |0|0| |2|L|P|P|0032--1-----|  3990|39166032| 76837718|    |      |99|00|027|N|            |N|3|00000032|0|        |MD 32 - .78 Mile North of IS 95 (ATR#             
S|24|0P0087|1|1|23|5U|1|T|1|3|H|1|3|F|13| |0|0| |2|L|P|P|0005--1-----|  3850|38101803| 76365215|    |      |13|00|037|N|            |N|3|00000005|0|        |MD 5 - .20 Mile North of Fresh Pond N             
S|24|0P0079|5|5|23|1U|5|T|5|3|H|5|3|F|13| |0|0| |2|L|P|P|            |      |39257929| 76675064|    |      |89|00|000|N|            |N|2|      50|0|        |US 50 - .09 Mile East of Big Mill Pon             
S|24|0P0086|1|1|23|5R|1|T|1|3|H|1|3|F|13| |0|0| |2|L|P|P|0257--1-----|  7070|38349416| 76931677|    |      |13|00|017|N|            |N|3|00000257|0|        |MD 257 - .40 Mile South of Morgantown             
S|24|0P0077|5|2|23|1U|3|T|3|3|H|3|3|F|13| |0|0| |2|L|P|P|0695--1-----|   590|39238873| 76668331|    |      |98|00|005|N|            |N|1|00000695|0|        |IS 695 - .15 Mile North of Hollins Fe             
S|24|0P0086|5|1|23|5R|1|T|1|3|H|1|3|F|13| |0|0| |2|L|P|P|0257--1-----|  7070|38349416| 76931677|    |      |13|00|017|N|            |N|3|00000257|0|        |MD 257 - .40 Mile South of Morgantown             
S|24|0P0076|5|1|23|1U|3|T|3|3|H|3|3|F|13| |0|0| |2|L|P|P|0083--1-----|  1080|39385355| 76662409|    |      |98|00|005|N|            |N|1|00000083|0|        |IS 83 - .04 Mile North of Old Pimlico             
S|24|0P0078|5|4|23|1U|5|T|5|3|H|5|3|F|13| |0|0| |2|L|P|P|0695--1-----| 10970|39360180| 76746389|    |      |98|00|005|N|            |N|1|00000695|0|        |IS 695 - 1.03 Miles South of IS 795 (             
S|24|0P0088|3|1|23|5U|1|T|1|3|H|1|3|F|13| |0|0| |2|L|P|P|0277--1-----|  1410|39655624| 75809562|    |      |13|00|015|N|            |N|3|00000277|0|        |MD 277 - .10 Mile East of Oakridge Ct             
S|24|0P0076|5|2|23|1U|3|T|3|3|H|3|3|F|13| |0|0| |2|L|P|P|0083--1-----|  1080|39385355| 76662409|    |      |98|00|005|N|            |N|1|00000083|0|        |IS 83 - .04 Mile North of Old Pimlico             
S|24|0P0087|5|1|23|5U|1|T|1|3|H|1|3|F|13| |0|0| |2|L|P|P|0005--1-----|  3850|38101803| 76365215|    |      |13|00|037|N|            |N|3|00000005|0|        |MD 5 - .20 Mile North of Fresh Pond N             
S|24|0P0078|5|5|23|1U|5|T|5|3|H|5|3|F|13| |0|0| |2|L|P|P|0695--1-----| 10970|39360180| 76746389|    |      |98|00|005|N|            |N|1|00000695|0|        |IS 695 - 1.03 Miles South of IS 795 (             
S|24|0P0070|3|1|23|1U|2|T|2|3|H|2|3|F|13| |0|0| |2|L|P|P|0068--1-----| 14730|39668470| 78734717|    |      |94|00|001|Y|100400001457|N|1|00000068|0|        |IS 68 - .15 Mile East of Structure #1             
S|24|0P0085|7|1|23|5U|1|T|1|3|H|1|3|F|13| |0|0| |2|L|P|P|0439--1-----|   680|39703193| 76635415|    |      |13|00|005|N|            |N|3|00000439|0|        |MD 439 - .44 Mile East of IS 83 (ATR#             
S|24|0P0088|7|1|23|5U|1|T|1|3|H|1|3|F|13| |0|0| |2|L|P|P|0277--1-----|  1410|39655624| 75809562|    |      |13|00|015|N|            |N|3|00000277|0|        |MD 277 - .10 Mile East of Oakridge Ct             
S|24|0P0089|1|2|23|5U|2|T|2|3|H|2|3|F|13| |0|0| |2|L|P|P|0953--1-----|  1010|38952448| 76812698|    |      |13|00|033|N|            |N|3|00000953|0|        |MD 953 - .10 Mile North of Atwell Ave             
S|24|0P0079|5|1|23|1U|5|T|5|3|H|5|3|F|13| |0|0| |2|L|P|P|            |      |39257929| 76675064|2401|      |92|00|000|N|            |N|3|      24|0|        |MD 24 - .46 Mile North of MD 924 (ATR             
S|24|0P0090|1|1|23|4U|1|T|1|3|H|1|3|F|13| |0|0| |2|L|P|P|0129--1-----|  2800|39408618| 76729503|    |      |13|00|005|N|            |N|3|00000129|0|        |MD 129 - .18 Mile South of MD 130 (AT             
S|24|0P0091|5|1|23|5U|1|T|1|3|H|1|3|F|13| |0|0| |2|L|P|P|0638--1-----|  1280|39664763| 78889622|    |      |13|00|001|N|            |N|3|00000638|0|        |MD 638 - .13 Mile North of Porter Cem             
S|24|0P0072|5|3|23|1U|3|T|3|3|H|3|3|F|13| |0|0| |2|L|P|P|            |      |39384409| 76755883|    |      |01|00|000|N|            |N|1|      95|0|        |IS 95 - .24 Mile South of Joh Ave (AT             
S|24|0P0074|1|2|23|2U|2|T|2|3|H|2|3|F|13| |0|0| |2|L|P|P|0695--1-----|  5830|39281806| 76483815|    |      |97|00|005|N|            |N|3|00000695|0|        |MD 695 - 50ft South of Trappe Rd (ATR             
S|24|0P0075|1|4|23|1U|4|T|4|3|H|4|3|F|13| |0|0| |2|L|P|P|            |      |39212844| 76652787|    |      |97|00|000|N|            |N|1|     695|0|        |IS 695 - .26 Mile West of MD 170 (ATR             
S|24|0P0079|1|1|23|1U|5|T|5|3|H|5|3|F|13| |0|0| |2|L|P|P|            |      |39257929| 76675064|    |      |97|00|000|N|            |N|1|     695|0|        |IS 695 - .26 Mile West of MD 170 (ATR             
S|24|0P0004|1|3|23|1U|3|T|3|3|H|3|3|F|13| |0|0| |2|L|P|P|0270--1-----| 16440|39205029| 77271185|    |      |89|00|031|Y|002700000557|N|1|00000270|0|        |IS 270 - 2.0 Miles South of MD 121 (A             
S|24|0P0006|1|1|23|3U|2|T|2|3|H|2|3|F|13| |0|0| |2|L|P|P|0004--1-----|   540|38812795| 76721947|    |      |89|00|033|Y|200040000052|N|3|00000004|0|        |MD 4 - .54 Mile North of Patuxent Riv             
S|24|0P0015|5|1|23|4U|1|T|1|3|H|1|3|F|13| |0|0| |2|L|P|P|0213--1-----| 17300|39357165| 75877741|    |      |89|00|029|N|            |N|3|00000213|0|        |MD 213 - .12 Mile South of Georgetown             
S|24|0P0017|3|1|23|3R|2|T|2|3|H|2|3|F|13| |0|0| |2|L|P|P|0050--1-----| 28960|38385617| 75358354|    |      |89|00|045|N|            |N|2|00000050|0|        |US 50 - .25 Mile West of MD 354 (ATR#             
S|24|0P0025|5|1|23|2U|3|T|3|3|H|3|3|F|13| |0|0| |2|L|P|P|            |      |39161077| 76739810|    |      |89|00|000|N|            |N|2|      40|0|        |US 40 - .06 Mile West of Cemetery La              
S|24|0P0026|3|1|23|4U|1|T|1|3|H|1|3|F|13| |0|0| |2|L|P|P|0040AL1-----|  5426|39642697| 78876868|    |      |89|00|001|N|            |N|2|00000040|0|        |US 40AL - .62 Mile East of MD 55 (ATR             
S|24|0P0026|7|1|23|4U|1|T|1|3|H|1|3|F|13| |0|0| |2|L|P|P|0040AL1-----|  5426|39642697| 78876868|    |      |89|00|001|N|            |N|2|00000040|0|        |US 40AL - .62 Mile East of MD 55 (ATR             
S|24|0P0029|1|1|23|2U|2|T|2|3|H|2|3|F|13| |0|0| |2|L|P|P|0029--1-----|  6600|39210445| 76854127|    |      |89|00|027|N|            |N|2|00000029|0|        |US 29 - .31 Mile North of South Entra             
S|24|0P0034|5|2|23|1U|3|T|3|3|H|3|3|F|13| |0|0| |2|L|P|P|0695--1-----| 27710|39363061| 76507185|    |      |89|00|005|N|            |N|1|00000695|0|        |IS 695 - .59 Mile North of US 1 (Bela             
S|24|0P0038|3|1|23|2U|2|T|2|3|H|2|3|F|13| |0|0| |2|L|P|P|0100--1-----|  7930|39140734| 76626754|    |      |89|00|003|N|            |N|3|00000100|0|        |MD 100 - .45 Mile West of Oakwood Rd              
S|24|0P0043|1|1|23|1U|4|T|4|3|H|4|3|F|13| |0|0| |2|L|P|P|0095--1-----| 13760|38877839| 76843627|    |      |89|00|033|N|            |N|1|00000095|0|        |IS 95 - 1.02 Miles South of MD 214 (A             
S|24|0P0045|7|1|23|1U|2|T|2|3|H|2|3|F|13| |0|0| |2|L|P|P|0070--1-----|  4930|39688003| 78119968|    |      |92|00|043|Y|000700000441|N|1|00000070|0|        |IS 70 - .52 Mile East of MD 615 Struc             
S|24|0P0049|5|4|23|1U|4|T|4|3|H|4|3|F|13| |0|0| |2|L|P|P|0095--1-----|  5640|38816821| 76949207|    |      |92|00|033|N|            |N|1|00000095|0|        |IS 95 - 200ft South of Temple Hill Rd             
S|24|0P0055|1|1|23|1U|4|T|4|3|H|4|3|F|13| |0|0| |2|L|P|P|0095--1-----| 21020|38978863| 76874070|    |      |92|00|033|N|            |N|1|00000095|0|        |IS 95 - .05 Mile North of Good Luck R             
S|24|0P0058|1|1|23|4U|1|T|1|3|H|1|3|F|13| |0|0| |2|L|P|P|0213--1-----| 10000|39492502| 75843159|    |      |92|00|015|N|            |N|3|00000213|0|        |MD 213 - .49 Mile North of MD 310 (AT             
S|24|0P0064|5|2|23|2U|2|T|2|3|H|2|3|F|13| |0|0| |2|L|P|P|            |      |39470724| 76316047|    |      |01|00|000|N|            |N|1|      95|0|        |IS 95 - .24 Mile South of Joh Ave (AT             
S|24|0P0065|5|2|23|3U|2|T|2|3|H|2|3|F|13|T|2|5|M|2|Q|L|P|0002--1-----|  2090|38359535| 76453028|1632|      |92|00|009|Y|200020000143|N|3|00000002|0|        |MD 2 - .66 Mile North of Dowell Rd (A             
S|24|0P0077|1|2|23|1U|4|T|4|3|H|4|3|F|13| |0|0| |2|L|P|P|0695--1-----|   590|39238873| 76668331|    |      |98|00|005|N|            |N|1|00000695|0|        |IS 695 - .15 Mile North of Hollins Fe             
S|24|0P0078|1|1|23|1U|5|T|5|3|H|5|3|F|13| |0|0| |2|L|P|P|0695--1-----| 10970|39360180| 76746389|    |      |98|00|005|N|            |N|1|00000695|0|        |IS 695 - 1.03 Miles South of IS 795 (             
S|24|0P0079|1|2|23|1U|5|T|5|3|H|5|3|F|13| |0|0| |2|L|P|P|            |      |39257929| 76675064|    |      |97|00|000|N|            |N|1|     695|0|        |IS 695 - .26 Mile West of MD 170 (ATR             
S|24|0P0080|1|2|23|3U|2|T|2|3|H|2|3|F|13| |0|0| |2|L|P|P|0005--1-----| 10000|38606685| 76874601|    |      |10|00|017|Y|200050000929|N|3|00000005|0|        |MD 5 - .10 Mile South of Renner Rd (A             
S|24|0P0080|5|1|23|3U|2|T|2|3|H|2|3|F|13| |0|0| |2|L|P|P|0005--1-----| 10000|38606685| 76874601|    |      |10|00|017|Y|200050000929|N|3|00000005|0|        |MD 5 - .10 Mile South of Renner Rd (A             
