record_type|state_code|station_id|travel_dir|travel_lane|year_record|f_system|num_lanes|sample_type_volume|num_lanes_volume|method_volume|sample_type_class|num_lanes_class|method_class|algorithm_volume|num_classes|sample_type_truck|num_lanes_truck|method_truck|calibration|data_retrieval|type_sensor_1|type_sensor_2|primary_purpose|lrs_id|lrs_point|latitude|longitude|shrp_id|prev_station_id|year_established|year_discontinued|county_code|is_sample|sample_id|nhs|posted_route_signing|posted_signed_route|con_route_signing|con_signed_route|station_location
S|37|0A2502|5|0|23|1R|2|T|2|3| |0|0| |01| |0|0| |2|L|N|P|001000009525| 32868|35136300| 78740200|    |      |60|17|051|N|000000000000|Y|1|00000095|0|00000000|N OF I-295/US 13                                  
S|37|0A2201|3|0|23|3R|2|T|2|3| |0|0| |01| |0|0| |2|L|N|P|002000007422|  5503|35296200| 81671700|    |      |54|12|045|N|000000000000|Y|2|00000074|0|00000000|W OF SR 1162 (PEACHTREE RD)                       
S|37|0A4005|5|0|23|7R|1|T|1|3| |0|0| |01| |0|0| |2|L|N|P|004000113140|   770|35963800| 79864900|    |      |93|14|081|N|000000000000|N|3|00001131|0|00000000|S OF SR 1113 (KIVETT DR)                          
S|37|0A2201|7|0|23|3R|2|T|2|3| |0|0| |01| |0|0| |2|L|N|P|002000007422|  5503|35296200| 81671700|    |      |54|12|045|N|000000000000|Y|2|00000074|0|00000000|W OF SR 1162 (PEACHTREE RD)                       
S|37|0A4007|3|0|23|1U|4|T|4|3| |0|0| |01| |0|0| |2|L|N|P|001000004040| 22532|36031600| 79810100|    |      |93|08|081|Y|000000100063|Y|1|00000040|2|00000220|E OF US 220 (FREEMAN MILL RD)                     
S|37|0A2301|3|0|23|3R|2|T|2|3| |0|0| |01| |0|0| |2|L|N|P|002000007423| 28675|34350800| 78700800|    |      |60|05|047|N|000000000000|Y|2|00000074|2|00000076|E OF US 701                                       
S|37|0A5906|7|0|23|5U|1|T|1|3| |0|0| |01| |0|0| |2|L|N|P|005000094459|   631|35311700| 80828300|    |      |93|11|119|N|000000000000|N|7|00000000|0|00000000|S OF NC 115                                       
S|37|0A2401|3|0|23|2U|2|T|2|3| |0|0| |01| |0|0| |2|L|N|P|002000001724| 13993|35106700| 77088600|    |      |93|07|049|N|000000000000|Y|2|00000017|2|00000070|W OF US 17 BUSINESS                               
S|37|0A5982|5|0|23|4U|1|T|1|3| |0|0| |01| |0|0| |2|L|N|P|005000096759|  3088|35201700| 80865800|    |      |71|99|119|N|000000000000|N|7|00000000|0|00000000|S OF IDEAL WAY                                    
S|37|0A3302|5|0|23|2U|2|T|2|3| |0|0| |01| |0|0| |2|L|N|P|002000005233| 19337|36158500| 80255000|    |      |93|07|067|Y|000000100416|Y|2|00000052|3|00000008|S OF NC 8 (GERMANTON RD)                          
S|37|0A6401|1|0|23|4U|1|T|1|3| |0|0| |01| |0|0| |2|L|N|P|002000011764| 24679|34361200| 77898900|    |      |54|00|129|N|000000000000|N|2|00000117|3|00000133|N OF SR 1340 (OLD BRIDGE SITE RD)                 
S|37|0A5910|7|0|23|1U|3|T|3|3| |0|0| |01| |0|0| |2|L|N|P|001080048559| 58619|35120600| 80906800|    |      |99|09|119|N|000000000000|Y|1|00000485|0|00000000|E OF I-77                                         
S|37|0A6407|7|0|23|1U|2|T|2|3| |0|0| |01| |0|0| |2|L|N|P|008000503664|   331|34274700| 77868400|    |      |93|07|129|N|000000000000|Y|1|00000040|0|00000000|W OF NC132 (COLLEGE RD)                           
S|37|0A2401|7|0|23|2U|2|T|2|3| |0|0| |01| |0|0| |2|L|N|P|002000001724| 13993|35106700| 77088600|    |      |93|07|049|N|000000000000|Y|2|00000017|2|00000070|W OF US 17 BUSINESS                               
S|37|0A5980|1|0|23|4U|1|T|1|3| |0|0| |01| |0|0| |2|L|N|P|005000095459|  2196|35234300| 80806100|    |      |68|99|119|N|000000000000|N|7|00000000|0|00000000|N OF MARGUERITE AVE                               
S|37|0A7302|1|0|23|4U|2|T|2|3| |0|0| |01| |0|0| |2|L|N|P|003000004373| 25863|35585300| 77363100|    |      |93|16|147|Y|000000100914|N|3|00000043|0|00000000|E OF US 264 A                                     
S|37|0A6303|5|0|23|1R|2|T|2|3| |0|0| |01| |0|0| |2|L|N|P|001000009563| 37085|36099800| 77805600|    |      |57|16|127|N|000000000000|Y|1|00000095|0|00000000|S OF NC 33                                        
S|37|0A3304|5|0|23|2U|2|T|2|3| |0|0| |01| |0|0| |2|L|N|P|002000042133| 35032|36083000| 80407400|    |      |99|00|067|Y|000000100678|Y|2|00000421|0|00000000|N OF SR 1103 (STYERS FERRY RD)                    
S|37|0A0001|3|0|23|1U|4|T|4|3| |0|0| |01| |0|0| |2|L|N|P|001000004000| 17042|36068700| 79355100|    |      |96|02|001|N|            |Y|1|00000040|1|00000085|W OF SR 1928 (JIMMY KERR RD)                      
S|37|0A9102|7|0|23|1U|4|T|4|3| |0|0| |01| |0|0| |2|L|N|P|001000004091|  5006|35842300| 78785600|    |      |93|99|183|Y|000000100089|Y|1|00000040|0|00000000|W OF SR 1652 (HARRISON AVENUE)                    
S|37|0A0901|1|0|23|7R|1|T|1|3| |0|0| |01| |0|0| |2|L|N|P|  4000116509|      |33937600| 78555900|    |      |93|00|000|N|           0|N|3|    1165|0|     000|S OF US 17 (OCEAN HWY)                            
S|37|0A3104|1|0|23|2U|2|T|2|3| |0|0| |01| |0|0| |2|L|N|P|003000014731| 10716|35957600| 78864000|    |      |93|15|063|N|000000000000|Y|3|00000147|0|00000000|N OF SR 1954 (ELLIS RD)                           
S|37|0A2702|3|0|23|3R|1|T|1|3| |0|0| |01| |0|0| |2|L|N|P|002000006427|  2532|35894400| 75976700|    |      |62|00|055|N|000000000000|Y|2|00000064|0|00000000|W OF SR 1153 (OLD FERRY LANDING RD)               
S|37|0A0701|5|0|23|4R|1|T|1|3| |0|0| |01| |0|0| |2|L|N|P|002000001307| 29042|36079600| 76977600|    |      |54|14|015|N|000000000000|Y|2|00000013|0|00000000|S OF NC 305                                       
S|37|0A1302|1|0|23|3R|1|T|1|3| |0|0| |01| |0|0| |2|L|N|P|002000032113| 52046|36117300| 81657100|    |      |98|14|027|N|000000000000|Y|2|00000321|0|00000000|S OF SR 1536 (GOFORTH ROAD)                       
S|37|0A1101|7|0|23|1U|2|T|2|3| |0|0| |01| |0|0| |2|L|N|P|001000004011| 26286|35728500| 81584400|    |      |54|18|023|N|000000000000|Y|1|00000040|0|00000000|W OF SR 1734 (CAROLINA ST)                        
S|37|0A1701|5|0|23|4U|1|T|1|3| |0|0| |01| |0|0| |2|L|N|P|003900001617|  5661|35685700| 81218700|    |      |93|09|035|N|000000000000|N|3|00000016|0|00000000|N OF SR 1780 (20TH ST)                            
S|37|0A1001|3|0|23|1U|2|T|2|3| |0|0| |01| |0|0| |2|L|N|P|001000024010|   801|35561300| 82602000|    |      |93|15|021|N|000000000000|Y|1|00000240|0|00000000|W OF NC 191 (BREVARD RD)                          
S|37|0A0001|7|0|23|1U|4|T|4|3| |0|0| |01| |0|0| |2|L|N|P|001000004000| 17042|36068700| 79355100|    |      |96|02|001|N|            |Y|1|00000040|1|00000085|W OF SR 1928 (JIMMY KERR RD)                      
S|37|0A0701|1|0|23|4R|1|T|1|3| |0|0| |01| |0|0| |2|L|N|P|002000001307| 29042|36079600| 76977600|    |      |54|14|015|N|000000000000|Y|2|00000013|0|00000000|S OF NC 305                                       
S|37|0A0901|5|0|23|7R|1|T|1|3| |0|0| |01| |0|0| |2|L|N|P|  4000116509|      |33937600| 78555900|    |      |93|00|000|N|           0|N|3|    1165|0|       0|S OF US 17 (OCEAN HWY)                            
S|37|0A1301|5|0|23|5U|1|T|1|3| |0|0| |01| |0|0| |2|L|N|P|005000090313|   802|35896300| 81540900|    |      |93|06|027|N|000000000000|N|7|00000000|0|00000000|S OF US 64 (MORGANTON BLVD)                       
S|37|0A2301|7|0|23|3R|2|T|2|3| |0|0| |01| |0|0| |2|L|N|P|002000007423| 28675|34350800| 78700800|    |      |60|05|047|N|000000000000|Y|2|00000074|2|00000076|E OF US 701                                       
S|37|0A2702|7|0|23|3R|1|T|1|3| |0|0| |01| |0|0| |2|L|N|P|002000006427|  2532|35894400| 75976700|    |      |62|00|055|N|000000000000|Y|2|00000064|0|00000000|W OF SR 1153 (OLD FERRY LANDING RD)               
S|37|0A1302|5|0|23|3R|1|T|1|3| |0|0| |01| |0|0| |2|L|N|P|002000032113| 52046|36117300| 81657100|    |      |98|14|027|N|000000000000|Y|2|00000321|0|00000000|S OF SR 1536 (GOFORTH ROAD)                       
S|37|0A1701|1|0|23|4U|1|T|1|3| |0|0| |01| |0|0| |2|L|N|P|003900001617|  5661|35685700| 81218700|    |      |93|09|035|N|000000000000|N|3|00000016|0|00000000|N OF SR 1780 (20TH ST)                            
S|37|0A1501|5|0|23|4U|2|T|2|3| |0|0| |01| |0|0| |2|L|N|P|004000118215|  1011|34710100| 76737100|    |      |78|00|031|N|000000000000|N|3|00001182|0|00000000|S OF US 70 (ARENDELL ST)                          
S|37|0A2901|3|0|23|1R|2|T|2|3| |0|0| |01| |0|0| |2|L|N|P|001000004029| 19346|35961200| 80525000|    |      |72|10|059|N|000000000000|Y|1|00000040|0|00000000|E OF SR 1410 (FARMINGTON ROAD)                    
S|37|0A5903|5|3|23|1U|3|T|3|3|N|0|0| |13|N|0|0| |2|L|N|P|010000277060|  2946|35228095| 80829144|    |      |93|00|119|Y|000000000000|Y|1|00000277|3|00000016|S OF US 29 (GRAHAM ST)                            
S|37|0A4201|5|0|23|3R|2|T|2|3| |0|0| |01| |0|0| |2|L|N|P|  2000042142|      |35411000| 78788600|    |      |93|00|000|N|           0|N|2|     421|3|      27|E OF US 401 / NC 210                              
S|37|0A9108|5|0|23|1U|3|T|3|3| |0|0| |01| |0|0| |2|L|N|P|  1000044091|      |35828900| 78681100|    |      |02|00|183|N|           0|N|1|     440|2|       1|W OF US 70 (GLENWOOD AVE.)                        
S|37|0A1501|1|0|23|4U|2|T|2|3| |0|0| |01| |0|0| |2|L|N|P|004000118215|  1011|34710100| 76737100|    |      |78|00|031|N|000000000000|N|3|00001182|0|00000000|S OF US 70 (ARENDELL ST)                          
S|37|0A7201|5|0|23|4R|2|T|2|3| |0|0| |01| |0|0| |2|L|N|P|002000050172|  6365|36288400| 78962400|    |      |54|04|145|N|000000000000|N|2|00000501|3|00000057|N OF SR 1715 (HELENA MORIAH RD)                   
S|37|0A1301|1|0|23|5U|1|T|1|3| |0|0| |01| |0|0| |2|L|N|P|005000090313|   802|35896300| 81540900|    |      |93|06|027|N|000000000000|N|7|00000000|0|00000000|S OF US 64 (MORGANTON BLVD)                       
S|37|0A9104|7|0|23|4U|2|T|2|3| |0|0| |01| |0|0| |2|L|N|P|  4000101291|      |35783100| 78681200|    |      |93|00|183|N|           0|N|3|    1012|0|       0|W OF SR 1321 (AVENT FERRY ROAD)                   
S|37|0A1802|5|0|23|5R|1|T|1|3| |0|0| |01| |0|0| |2|L|N|P|004000101118| 12193|35619000| 79088000|    |      |93|11|037|N|000000000000|N|3|00001011|0|00000000|W OF SR 1012 (MONCURE PITTSBORO RD)               
S|37|0A1101|3|0|23|1U|2|T|2|3| |0|0| |01| |0|0| |2|L|N|P|001000004011| 26286|35728500| 81584400|    |      |54|18|023|N|000000000000|Y|1|00000040|0|00000000|W OF SR 1734 (CAROLINA ST)                        
S|37|0A2701|1|0|23|5R|1|T|1|3| |0|0| |01| |0|0| |2|L|N|P|003000001227| 86179|35795300| 75546500|    |      |64|16|055|N|000000000000|Y|3|00000012|0|00000000|S OF US 64                                        
S|37|0A1801|3|0|23|3R|2|T|2|3| |0|0| |01| |0|0| |2|L|N|P|002000006418| 48269|35737900| 79042700|    |      |70|00|037|N|000000000000|Y|2|00000064|0|00000000|E OF SR 1716 (BIG WOODS RD)                       
S|37|0A4006|3|0|23|1U|4|T|4|3| |0|0| |01| |0|0| |2|L|N|P|001000004040|  3163|36095700| 80008000|    |      |93|07|081|Y|000000100058|Y|1|00000040|2|00000421|E OF I-40 BUSINESS                                
S|37|0A2701|5|0|23|5R|1|T|1|3| |0|0| |01| |0|0| |2|L|N|P|003000001227| 86179|35795300| 75546500|    |      |64|16|055|N|000000000000|Y|3|00000012|0|00000000|S OF US 64                                        
S|37|0A9201|1|0|23|1R|2|T|2|3| |0|0| |01| |0|0| |2|L|N|P|001000008592| 16164|36538900| 78187800|    |      |93|08|185|Y|000000000000|Y|1|00000085|0|00000000|N OF US 1                                         
S|37|0A5984|5|0|23|3U|1|T|1|3| |0|0| |01| |0|0| |2|L|N|P|002000002959| 17198|35236500| 80838800|    |      |74|99|119|N|000000000000|N|2|00000029|3|00000049|N OF I-277 (BROOKSHIRE FREEWAY)                   
S|37|0A2502|1|0|23|1R|2|T|2|3| |0|0| |01| |0|0| |2|L|N|P|001000009525| 32868|35136300| 78740200|    |      |60|17|051|N|000000000000|Y|1|00000095|0|00000000|N OF I-295/US 13                                  
S|37|0A4003|5|0|23|2U|3|T|3|3| |0|0| |01| |0|0| |2|L|N|P|001900008540| 22606|36026300| 79811200|    |      |93|11|081|N|000000000000|Y|1|00000085|2|00000029|S OF  I-40                                        
S|37|0A2703|3|0|23|3U|2|T|2|3| |0|0| |01| |0|0| |2|L|N|P|002000015827|  2319|36093100| 75742300|    |      |57|18|055|N|000000000000|Y|2|00000158|0|00000000|W OF BARLOW LANE                                  
S|37|0A1802|1|0|23|5R|1|T|1|3| |0|0| |01| |0|0| |2|L|N|P|004000101118| 12193|35619000| 79088000|    |      |93|11|037|N|000000000000|N|3|00001011|0|00000000|W OF SR 1012 (MONCURE PITTSBORO RD)               
S|37|0A6301|7|0|23|3R|2|T|2|3| |0|0| |01| |0|0| |2|L|N|P|  2000026463|      |35785500| 78099400|    |      |93|00|127|N|           0|N|2|     264|0|       0|E OF NC 581                                       
S|37|0A3101|1|0|23|1U|2|T|2|3| |0|0| |01| |0|0| |2|L|N|P|001000008531|  7889|36021100| 78907400|    |      |93|02|063|Y|000000100124|Y|1|00000085|2|00000015|W OF US 501 (DUKE/GREGSON ST)                     
S|37|0R3201|7|0|23|3R|2|T|2|3| |0|0| |01| |0|0| |2|X|N|P|  2000006432|      |35904600| 77642900|    |      |15|00|000|N|           0|N|2|      64|0|       0|E OF SR 1225 (KINGSBORO RD) EXIT 478              
S|37|0A6405|7|0|23|2U|1|T|3|3|H|0|1|F|01|N|0|0| |2|L|N|P|020000017010| 47194|34230300| 77959170|    |      |71|20|019|Y|000000100538|N|2|00000076|2|00000421|E OF US 421 NORTHBOUND RAMP                       
S|37|0A3801|5|0|23|5R|1|T|1|3| |0|0| |01| |0|0| |2|L|N|P|004000100438| 12387|36216400| 78723900|    |      |54|95|077|N|000000000000|N|3|00001004|0|00000000|N OF SR 1138 (CULBRETH RD)                        
S|37|0A4012|3|0|23|2U|2|T|2|3| |0|0| |01| |0|0| |2|L|N|P|001900004040|  1171|36102400| 80027700|    |      |06|00|081|Y|000000100218|Y|1|00000040|2|00000421|W OF I-40 & I-40 BUSINESS SPLIT                   
S|37|0A2703|7|0|23|3U|2|T|2|3| |0|0| |01| |0|0| |2|L|N|P|002000015827|  2319|36093100| 75742300|    |      |57|18|055|N|000000000000|Y|2|00000158|0|00000000|W OF BARLOW LANE                                  
S|37|0A2901|7|0|23|1R|2|T|2|3| |0|0| |01| |0|0| |2|L|N|P|001000004029| 19346|35961200| 80525000|    |      |72|10|059|N|000000000000|Y|1|00000040|0|00000000|E OF SR 1410 (FARMINGTON ROAD)                    
S|37|0A1801|7|0|23|3R|2|T|2|3| |0|0| |01| |0|0| |2|L|N|P|002000006418| 48269|35737900| 79042700|    |      |70|00|037|N|000000000000|Y|2|00000064|0|00000000|E OF SR 1716 (BIG WOODS RD)                       
S|37|0A5907|5|0|23|5U|2|T|2|3| |0|0| |01| |0|0| |2|L|N|P|005000090259|  4132|35207200| 80758000|    |      |93|13|119|N|000000000000|N|7|00000000|0|00000000|N OF NC 27 (ALBEMARLE RD)                         
S|37|0A3101|5|0|23|1U|2|T|2|3| |0|0| |01| |0|0| |2|L|N|P|001000008531|  7889|36021100| 78907400|    |      |93|02|063|Y|000000100124|Y|1|00000085|2|00000015|W OF US 501 (DUKE/GREGSON ST)                     
S|37|0A5903|1|3|23|1U|3|T|3|3|N|0|0| |13|N|0|0| |2|L|N|P|010000277060|  2946|35228095| 80829144|    |      |93|00|119|Y|000000000000|Y|1|00000277|3|00000016|S OF US 29 (GRAHAM ST)                            
S|37|0A7301|3|0|23|4U|2|T|2|3| |0|0| |01| |0|0| |2|L|N|P|004000159873|  4042|35602800| 77353800|    |      |54|00|147|N|000000000000|N|3|00001598|0|00000000|E OF SR 1707 (CHARLES BLVD)                       
S|37|0A7901|1|0|23|1U|2|T|2|3| |0|0| |01| |0|0| |2|L|N|P|001000008579| 15315|35620100| 80507000|    |      |58|98|159|N|000000000000|Y|1|00000085|2|00000601|N OF SR 2539 (PEACH ORCHARD RD)                   
S|37|0A4012|7|0|23|2U|2|T|2|3| |0|0| |01| |0|0| |2|L|N|P|001900004040|  1171|36102400| 80027700|    |      |06|00|081|Y|000000100218|Y|1|00000040|2|00000421|W OF I-40 & I-40 BUSINESS SPLIT                   
S|37|0A4004|1|0|23|2U|4|T|4|3| |0|0| |01| |0|0| |2|L|N|P|002000002940| 35515|36118900| 79752700|    |      |93|98|081|Y|000000100391|Y|2|00000029|0|00000000|N OF CONE BLVD                                    
S|37|0A3105|5|0|23|3U|2|T|2|3| |0|0| |01| |0|0| |2|L|N|P|002000050131| 15881|36030300| 78905500|    |      |69|95|063|N|000000000000|N|2|00000501|0|00000000|N OF MURRAY AVENUE                                
S|37|0A3102|3|0|23|5U|1|T|1|3| |0|0| |01| |0|0| |2|L|N|P|004000144331|   342|36057500| 78925300|    |      |93|05|063|N|000000000000|N|3|00001443|0|00000000|E OF NC 157 ( GUESS RD)                           
S|37|0A3102|7|0|23|5U|1|T|1|3| |0|0| |01| |0|0| |2|L|N|P|004000144331|   342|36057500| 78925300|    |      |93|05|063|N|000000000000|N|3|00001443|0|00000000|E OF NC 157 ( GUESS RD)                           
S|37|0A1001|7|0|23|1U|2|T|2|3| |0|0| |01| |0|0| |2|L|N|P|001000024010|   801|35561300| 82602000|    |      |93|15|021|N|000000000000|Y|1|00000240|0|00000000|W OF NC 191 (BREVARD RD)                          
S|37|0R7402|3|0|23|3R|2|T|2|3| |0|0| |01| |0|0| |2|X|N|P|  2000007474|419578|35258000| 82195300|    |      |18|00|149|N|           0|N|2|      74|0|       0|W OF NC 108                                       
S|37|0A9107|7|0|23|2U|3|T|3|3| |0|0| |01| |0|0| |2|L|N|P|  4000172891|      |35805000| 78715300|    |      |93|00|183|N|      101655|N|3|    1728|0|       0|W OF SR 1664 (BLUE RIDGE ROAD)                    
S|37|0A6403|7|0|23|3U|2|T|2|3| |0|0| |01| |0|0| |2|L|N|P|002000007464| 17126|34219500| 77814800|    |      |54|00|129|N|000000000000|N|2|00000074|2|00000076|E OF SUMMER REST RD                               
S|37|0A6302|7|0|23|5R|1|T|1|3| |0|0| |01| |0|0| |2|L|N|P|  3000009763|      |35866000| 78098700|    |      |54|00|127|N|           0|N|3|      97|0|       0|E OF NC 581                                       
S|37|0A6408|7|0|23|5U|1|T|1|3| |0|0| |01| |0|0| |2|L|N|P|005000090264|   825|34197600| 77862900|    |      |93|04|129|N|000000000000|N|7|00000000|0|00000000|E OF PINE GROVE RD                                
S|37|0A3302|1|0|23|2U|2|T|2|3| |0|0| |01| |0|0| |2|L|N|P|002000005233| 19337|36158500| 80255000|    |      |93|07|067|Y|000000100416|Y|2|00000052|3|00000008|S OF NC 8 (GERMANTON RD)                          
S|37|0A3105|1|0|23|3U|2|T|2|3| |0|0| |01| |0|0| |2|L|N|P|002000050131| 15881|36030300| 78905500|    |      |69|95|063|N|000000000000|N|2|00000501|0|00000000|N OF MURRAY AVENUE                                
S|37|0A5903|1|1|23|1U|3|T|3|3|N|0|0| |13|N|0|0| |2|L|N|P|010000277060|  2946|35228095| 80829144|    |      |93|00|119|Y|000000000000|Y|1|00000277|3|00000016|S OF US 29 (GRAHAM ST)                            
S|37|0A4001|7|0|23|1R|4|T|4|3| |0|0| |01| |0|0| |2|L|N|P|001000004040| 44244|36062200| 79576800|    |      |56|09|081|Y|000000100068|Y|1|00000040|1|00000085|W OF NC 61                                        
S|37|0W1805|7|0|23|3R|2|T|2|3| |2|0| |01| |2|0| |2|L|N|P|002000006418| 29008|35729320| 79227760|1805|      |03|00|037|Y|000000100428|Y|2|00000064|0|00000000|W OF NC 87                                        
S|37|0A8101|1|0|23|5U|1|T|1|3| |0|0| |01| |0|0| |2|L|N|P|  4000185581|      |34999200| 78314100|    |      |93|00|163|N|      101694|N|3|    1855|0|       0|N OF SR 1275 (E.MORISEY BLVD)                     
S|37|0A3201|3|0|23|7R|1|T|1|3| |0|0| |01| |0|0| |2|L|N|P|  4000113532|      |35906300| 77779400|    |      |93|00|000|N|           0|N|3|    1135|0|       0|E OF SR 1002 (OLD WILSON RD)                      
S|37|0A5980|5|0|23|4U|1|T|1|3| |0|0| |01| |0|0| |2|L|N|P|005000095459|  2196|35234300| 80806100|    |      |68|99|119|N|000000000000|N|7|00000000|0|00000000|N OF MARGUERITE AVE                               
S|37|0A3301|7|0|23|1U|3|T|3|3| |0|0| |01| |0|0| |2|L|N|P|001000004033| 10129|36046410| 80367440|    |      |93|09|067|Y|000000100043|Y|1|00000040|0|00000000|E OF SR1103 (LEWISVILLE-CLEMMONS RD)              
S|37|0A6402|1|0|23|3U|2|T|2|3| |0|0| |01| |0|0| |2|L|N|P|002000007464|  1950|34252400| 77955400|    |      |58|05|129|N|000000000000|Y|2|00000074|3|00000133|E OF US 17                                        
S|37|0A5901|5|0|23|1U|4|T|4|3| |0|0| |01| |0|0| |2|L|N|P|001000008559| 23147|35281700| 80782200|    |      |93|03|119|N|000000000000|Y|1|00000085|0|00000000|W OF US 29 EXIT RAMP                              
S|37|0A5905|3|0|23|7U|1|T|1|3| |0|0| |01| |0|0| |2|L|N|P|000000000000|      |35284500| 80842900|    |      |93|15|119|N|000000000000|N|7|00000000|0|00000000|E OF HUTCHINSON McDONALD RD                       
S|37|0R2201|7|0|23|3R|2|T|2|3| |0|0| |01| |0|0| |2|X|N|P|002000007422|  5502|35296200| 81671700|    |      |15|00|045|N|000000000000|Y|2|00000074|0|00000000|W OF SR 1162 (PEACHTREE RD)                       
S|37|0A7301|7|0|23|4U|2|T|2|3| |0|0| |01| |0|0| |2|L|N|P|004000159873|  4042|35602800| 77353800|    |      |54|00|147|N|000000000000|N|3|00001598|0|00000000|E OF SR 1707 (CHARLES BLVD)                       
S|37|0A6701|1|0|23|5R|1|T|1|3| |0|0| |01| |0|0| |2|L|N|P|004000110267|  8280|35994900| 79162300|    |      |93|17|135|N|000000000000|N|3|00001102|0|00000000|N OF SR 1115 (ARTHUR MINNIS RD)                   
S|37|0A3304|1|0|23|2U|2|T|2|3| |0|0| |01| |0|0| |2|L|N|P|002000042133| 35032|36083000| 80407400|    |      |99|00|067|Y|000000100678|Y|2|00000421|0|00000000|N OF SR 1103 (STYERS FERRY RD)                    
S|37|0A6501|5|0|23|1R|2|T|2|3| |0|0| |01| |0|0| |2|L|N|P|001000009565| 10021|36528400| 77584800|    |      |93|07|131|Y|000000102531|Y|1|00000095|0|00000000|N OF NC 48                                        
S|37|0A5906|3|0|23|5U|1|T|1|3| |0|0| |01| |0|0| |2|L|N|P|005000094459|   631|35311700| 80828300|    |      |93|11|119|N|000000000000|N|7|00000000|0|00000000|S OF NC 115                                       
S|37|0A5910|3|0|23|1U|3|T|3|3| |0|0| |01| |0|0| |2|L|N|P|001080048559| 58619|35120600| 80906800|    |      |99|09|119|N|000000000000|Y|1|00000485|0|00000000|E OF I-77                                         
S|37|0R2702|7|0|23|3U|2|T|2|3| |0|0| |01| |0|0| |2|X|N|P|  2000015827|      |36093100| 75741900|    |      |18|00|000|N|           0|N|2|     158|0|       0|W OF BARLOW LANE                                  
S|37|0R9104|7|0|23|1U|2|T|2|3| |0|0| |01| |0|0| |2|X|N|P|  1000004091|493263|35683200| 78568400|    |      |17|00|183|N|           0|N|1|      40|0|       0|E OF US 70 BUS                                    
S|37|0A3301|3|0|23|1U|3|T|3|3| |0|0| |01| |0|0| |2|L|N|P|001000004033| 10129|36046410| 80367440|    |      |93|09|067|Y|000000100043|Y|1|00000040|0|00000000|E OF SR1103 (LEWISVILLE-CLEMMONS RD)              
S|37|0A6701|5|0|23|5R|1|T|1|3| |0|0| |01| |0|0| |2|L|N|P|004000110267|  8280|35994900| 79162300|    |      |93|17|135|N|000000000000|N|3|00001102|0|00000000|N OF SR 1115 (ARTHUR MINNIS RD)                   
S|37|0A3503|5|0|23|1U|3|T|3|3| |0|0| |01| |0|0| |2|L|N|P|001000008535| 27345|35262400| 81054800|    |      |93|07|071|Y|000000100134|Y|1|00000085|0|00000000|S OF SR 2093 (BELMONT MT HOLLY RD)                
S|37|0A6702|3|0|23|5R|2|T|2|3| |0|0| |01| |0|0| |2|L|N|P|002000007067| 11058|36082900| 79140500|    |      |54|05|135|N|000000000000|N|2|00000070|0|00000000|W OF SR 1161 (WEST HILL AVE)                      
S|37|0A5985|5|0|23|3U|1|T|1|3| |0|0| |01| |0|0| |2|L|N|P|003000002759| 12641|35245100| 80892800|    |      |78|99|119|Y|000000100901|N|3|00000027|0|00000000|S OF I-85                                         
S|37|0A9103|1|0|23|3U|3|T|3|3| |0|0| |01| |0|0| |2|L|N|P|002000000191| 48047|35845700| 78579900|    |      |93|06|183|N|000000000000|Y|2|00000001|0|00000000|N OF CALVARY DR.                                  
S|37|0A4008|5|0|23|2U|2|T|2|3| |0|0| |01| |0|0| |2|L|N|P|  2000002940|      |36280400| 79691500|    |      |54|00|000|N|      100395|N|2|      29|0|       0|S OF NC 150                                       
S|37|0W2802|1|1|23|1U|2|T|2|3|N|0|0| |13|N|0|0| |2|L|N|P|010000285029|  8855|35871860| 80254185|0200|      |04|00|057|Y|000000000000|Y|2|00000052|0|00000000|S OF NC 8                                         
S|37|0C9104|3|0|23|2U|1|T|4|3|H|0|3|F|13|N|0|0| |2|K|N|P|030000540092| 15919|35865691| 78836692|    |      |07|00|183|N|000000000000|Y|3|00000540|0|        |South of I-40                                     
S|37|0A6408|3|0|23|5U|1|T|1|3| |0|0| |01| |0|0| |2|L|N|P|005000090264|   825|34197600| 77862900|    |      |93|04|129|N|000000000000|N|7|00000000|0|00000000|E OF PINE GROVE RD                                
S|37|0A4003|1|0|23|2U|3|T|3|3| |0|0| |01| |0|0| |2|L|N|P|001900008540| 22606|36026300| 79811200|    |      |93|11|081|N|000000000000|Y|1|00000085|2|00000029|S OF  I-40                                        
S|37|0A3503|1|0|23|1U|3|T|3|3| |0|0| |01| |0|0| |2|L|N|P|001000008535| 27345|35262400| 81054800|    |      |93|07|071|Y|000000100134|Y|1|00000085|0|00000000|S OF SR 2093 (BELMONT MT HOLLY RD)                
S|37|0A7901|5|0|23|1U|2|T|2|3| |0|0| |01| |0|0| |2|L|N|P|001000008579| 15315|35620100| 80507000|    |      |58|98|159|N|000000000000|Y|1|00000085|2|00000601|N OF SR 2539 (PEACH ORCHARD RD)                   
S|37|0A5984|1|0|23|3U|1|T|1|3| |0|0| |01| |0|0| |2|L|N|P|002000002959| 17198|35236500| 80838800|    |      |74|99|119|N|000000000000|N|2|00000029|3|00000049|N OF I-277 (BROOKSHIRE FREEWAY)                   
S|37|0A4401|7|0|23|1U|2|T|2|3| |0|0| |01| |0|0| |2|L|N|P|001000002610| 46374|35433300| 82531200|    |      |93|09|021|Y|000000100002|Y|1|00000026|2|00000074|S OF NC 280 (AIRPORT RD)                          
S|37|0W2802|1|2|23|1U|2|T|2|3|N|0|0| |13|N|0|0| |2|L|N|P|010000285029|  8855|35871860| 80254185|0200|      |04|00|057|Y|000000000000|Y|2|00000052|0|00000000|S OF NC 8                                         
S|37|0R9108|7|0|23|1U|4|T|4|3| |0|0| |01| |0|0| |2|X|N| |  1000044091|      |35836100| 78653000|    |      |17|00|183|N|           0|N|1|     440|2|       1|E OF US 70                                        
S|37|0A7201|1|0|23|4R|2|T|2|3| |0|0| |01| |0|0| |2|L|N|P|002000050172|  6365|36288400| 78962400|    |      |54|04|145|N|000000000000|N|2|00000501|3|00000057|N OF SR 1715 (HELENA MORIAH RD)                   
S|37|0A8401|7|0|23|6R|1|T|1|3| |0|0| |01| |0|0| |2|L|N|P|004000193584|   487|36294500| 80146900|    |      |93|00|169|N|000000000000|N|3|00001935|0|00000000|W OF US 311                                       
S|37|0A4011|5|0|23|4U|2|T|2|3| |0|0| |01| |0|0| |2|L|N|P|004000100940|  8869|35984900| 80024300|    |      |70|89|081|Y|000000102166|N|3|00001009|0|00000000|N OF NC 68                                        
S|37|0A4004|5|0|23|2U|4|T|4|3| |0|0| |01| |0|0| |2|L|N|P|002000002940| 35515|36118900| 79752700|    |      |93|98|081|Y|000000100391|Y|2|00000029|0|00000000|N OF CONE BLVD                                    
S|37|0A7902|1|0|23|3U|2|T|2|3| |0|0| |01| |0|0| |2|L|N|P|002000002979| 14130|35609000| 80538700|    |      |54|00|159|Y|000000102263|N|2|00000029|0|00000000|S OF SR 1503 (GRACE CHURCH RD)                    
S|37|0A6403|3|0|23|3U|2|T|2|3| |0|0| |01| |0|0| |2|L|N|P|002000007464| 17126|34219500| 77814800|    |      |54|00|129|N|000000000000|N|2|00000074|2|00000076|E OF SUMMER REST RD                               
S|37|0A5982|1|0|23|4U|1|T|1|3| |0|0| |01| |0|0| |2|L|N|P|005000096759|  3088|35201700| 80865800|    |      |71|99|119|N|000000000000|N|7|00000000|0|00000000|S OF IDEAL WAY                                    
S|37|R04111|5|3|23|1U|3|T|3|3|N|0|0| |13|N|0|0| |2|W|N|P|010000073041| 16950|36102757| 79913547|    |      |22|00|081|Y|000000102719|Y|1|00000073|0|        |I-73 N of W Friendly Ave                          
S|37|0A4001|3|0|23|1R|4|T|4|3| |0|0| |01| |0|0| |2|L|N|P|001000004040| 44244|36062200| 79576800|    |      |56|09|081|Y|000000100068|Y|1|00000040|1|00000085|W OF NC 61                                        
S|37|0A8501|5|0|23|1R|2|T|2|3| |0|0| |01| |0|0| |2|L|N|P|001000007485|  1193|36551200| 80743300|    |      |93|98|171|N|000000000000|Y|1|00000074|1|00000077|N OF I-77 / I-74 SPLIT                            
S|37|0A4007|7|0|23|1U|4|T|4|3| |0|0| |01| |0|0| |2|L|N|P|001000004040| 22532|36031600| 79810100|    |      |93|08|081|Y|000000100063|Y|1|00000040|2|00000220|E OF US 220 (FREEMAN MILL RD)                     
S|37|0A4006|7|0|23|1U|4|T|4|3| |0|0| |01| |0|0| |2|L|N|P|001000004040|  3163|36095700| 80008000|    |      |93|07|081|Y|000000100058|Y|1|00000040|2|00000421|E OF I-40 BUSINESS                                
S|37|0A4011|1|0|23|4U|3|T|3|3| |0|0| |01| |0|0| |2|L|N|P|004000100940|  8869|35984900| 80024300|    |      |70|89|081|Y|000000102166|N|3|00001009|0|00000000|N OF NC 68                                        
S|37|0A6405|3|0|23|2U|1|T|3|3|H|0|1|F|01|N|0|0| |2|L|N|P|020000017010| 47194|34230300| 77959170|    |      |71|20|019|Y|000000100538|N|2|00000076|2|00000421|E OF US 421 NORTHBOUND RAMP                       
S|37|0R5601|3|0|23|1R|3|T|3|3| |0|0| |01| |0|0| |2|X|N|P|  1000002656|      |35880000| 82549500|    |      |15|00|113|N|           0|N|1|      26|2|      23|N OF US 19 E (EXIT 9)                             
S|37|R06002|5|1|23|1U|4|T|4|3|N|0|0| |13|N|0|0| |2|W|N|P|010800485060| 62914|35368372| 80771942|    |      |22|00|119|Y|000000000000|Y|1|00000485|0|        |South of Mallard Creek Rd                         
S|37|0A4005|1|0|23|7R|1|T|1|3| |0|0| |01| |0|0| |2|L|N|P|004000113140|   770|35963800| 79864900|    |      |93|14|081|N|000000000000|N|3|00001131|0|00000000|S OF SR 1113 (KIVETT DR)                          
S|37|0A9401|5|0|23|7R|1|T|1|3| |0|0| |01| |0|0| |2|L|N|P|004000150894|   207|36223400| 81575200|    |      |93|06|189|N|000000000000|N|3|00001508|0|00000000|S OF SR 1672 (OLD 421)                            
S|37|0A4304|7|0|23|1R|2|T|2|3| |0|0| |01| |0|0| |2|L|N|P|001000004043| 34613|35589400| 82997600|    |      |98|04|087|Y|000000102900|Y|1|00000040|0|00000000|E OF US 276                                       
S|37|0A4010|5|0|23|3U|2|T|2|3| |0|0| |01| |0|0| |2|L|N|P|004000100940|  2685|35936600| 79993400|    |      |68|07|081|Y|000000101729|N|3|00001009|0|00000000|N OF I-85 BUSINESS                                
S|37|0A9107|3|0|23|2U|3|T|3|3| |0|0| |01| |0|0| |2|L|N|P|  4000172891|      |35805000| 78715300|    |      |93|00|183|N|      101655|N|3|    1728|0|       0|W OF SR 1664 (BLUE RIDGE ROAD)                    
S|37|0A9108|1|0|23|1U|3|T|3|3| |0|0| |01| |0|0| |2|L|N|P|  1000044091|      |35828900| 78681100|    |      |02|00|183|N|           0|N|1|     440|2|       1|W OF US 70 (GLENWOOD AVE.)                        
S|37|0A5986|5|0|23|5U|1|T|1|3| |0|0| |01| |0|0| |2|L|N|P|005000090759|   842|35152700| 80891100|    |      |89|99|119|N|000000000000|N|7|00000000|0|00000000|N OF NATIONS FORD RD                              
S|37|0A5905|7|0|23|7U|1|T|1|3| |0|0| |01| |0|0| |2|L|N|P|000000000000|      |35284500| 80842900|    |      |93|15|119|N|000000000000|N|7|00000000|0|00000000|E OF HUTCHINSON McDONALD RD                       
S|37|0R9109|3|0|23|1U|4|N|4|3| |0|0| |01| |0|0| |2|X|N|P|001000044091| 12070|35500950| 78391050|    |      |17|00|183|N|000000000000|Y|1|00000440|2|00000001|E OF US 70                                        
S|37|0R2801|5|0|23|1R|4|T|4|3| |0|0| |01| |0|0| |2|X|N|P|  1000008528|      |35745400| 80356600|    |      |15|00|000|N|           0|N|1|      85|2|      29|N OF NC 150 (EXIT 84)                             
S|37|0R9106|7|0|23|1U|4|T|4|3| |0|0| |01| |0|0| |2|X|N|P|  1000044091|      |35753600| 78584400|    |      |17|00|183|N|           0|N|1|     440|0|       0|E OF I-40                                         
S|37|0A9102|3|0|23|1U|4|T|4|3| |0|0| |01| |0|0| |2|L|N|P|001000004091|  5006|35842300| 78785600|    |      |93|99|183|Y|000000100089|Y|1|00000040|0|00000000|W OF SR 1652 (HARRISON AVENUE)                    
S|37|0A4401|3|0|23|1U|2|T|2|3| |0|0| |01| |0|0| |2|L|N|P|001000002610| 46374|35433300| 82531200|    |      |93|09|021|Y|000000100002|Y|1|00000026|2|00000074|S OF NC 280 (AIRPORT RD)                          
S|37|0A4303|7|0|23|4R|2|T|2|3| |0|0| |01| |0|0| |2|L|N|P|002000001943| 13221|35521600| 83031600|    |      |60|03|087|N|000000000000|N|2|00000019|0|00000000|W OF US 276                                       
S|37|0A6702|7|0|23|5R|2|T|2|3| |0|0| |01| |0|0| |2|L|N|P|002000007067| 11058|36082900| 79140500|    |      |54|05|135|N|000000000000|N|2|00000070|0|00000000|W OF SR 1161 (WEST HILL AVE)                      
S|37|0W7002|5|0|23|4R|2|T|2|3| |0|0| |01| |0|0| |2|L|N|P|002000042170| 13934|34451800| 78051300|7002|      |04|00|141|N|000000000000|N|2|00000421|0|00000000|S OF NC 210                                       
S|37|R06004|5|1|23|1U|4|T|4|3|N|0|0| |13|N|0|0| |2|W|N|P|010800485060| 40582|35163410| 80955195|    |      |22|00|119|Y|000000000000|Y|1|00000485|0|        |I-485 N of W Arrowood Rd                          
S|37|0A4008|1|0|23|2U|2|T|2|3| |0|0| |01| |0|0| |2|L|N|P|  2000002940|      |36280400| 79691500|    |      |54|00|000|N|      100395|N|2|      29|0|       0|S OF NC 150                                       
S|37|0A9402|1|0|23|3R|2|T|2|3| |0|0| |01| |0|0| |2|L|N|P|002000022194| 16777|36153100| 81649800|    |      |98|02|189|N|000000000000|Y|2|00000221|2|00000321|S OF SR 1533 (AHO ROAD)                           
S|37|0A9401|1|0|23|7R|1|T|1|3| |0|0| |01| |0|0| |2|L|N|P|004000150894|   207|36223400| 81575200|    |      |93|06|189|N|000000000000|N|3|00001508|0|00000000|S OF SR 1672 (OLD 421)                            
S|37|0A4303|3|0|23|4R|2|T|2|3| |0|0| |01| |0|0| |2|L|N|P|002000001943| 13221|35521600| 83031600|    |      |60|03|087|N|000000000000|N|2|00000019|0|00000000|W OF US 276                                       
S|37|0R1104|7|0|23|1U|2|T|2|3|N|0|1|F|01|N|0|0| |2|W|N|P|010000240011|  7917|35573850| 82515140|    |      |19|00|021|N|000000000000|Y|1|00000240|0|        |WEST OF FAIRVIEW RD                               
S|37|0A9402|5|0|23|3R|2|T|2|3| |0|0| |01| |0|0| |2|L|N|P|002000022194| 16777|36153100| 81649800|    |      |98|02|189|N|000000000000|Y|2|00000221|2|00000321|S OF SR 1533 (AHO ROAD)                           
S|37|R04107|7|0|23|1U|3|T|3|3|N|3|1|F|13|N|0|0| |2|X|N|P| 20000052034|      |35995243| 79986442|    |      |22|00|000|N|            |N|1|        |0|        |I-74 East of NC 68                                
S|37|0W1803|1|0|23|3R|2|T|2|3| |2|0| |01| |2|0| |2|L|N|P|002000042118| 25773|35711400| 79429000|2824|      |03|17|037|N|000000000000|Y|2|00000421|0|00000000|S OF US 64                                        
S|37|R04107|3|0|23|1U|3|T|3|3|N|3|1|F|13|N|0|0| |2|X|N|P| 20000052034|      |35995243| 79986442|    |      |22|00|000|N|            |N|1|        |0|        |I-74 East of NC 68                                
S|37|0R9110|7|0|23|1U|3|T|3|3| |0|0| |01| |0|0| |2|X|N|P|  1000044091|      |35780100| 78704100|    |      |17|00|183|N|           0|N|1|     440|0|       0|W OF WESTERN BLVD                                 
S|37|0A9403|5|0|23|3R|1|T|1|3| |0|0| |01| |0|0| |2|L|N|P|002000032194|  1889|36128600| 81671500|    |      |98|06|189|N|000000000000|Y|2|00000321|0|00000000|N OF US 321 BUSINESS                              
S|37|0A5903|1|2|23|1U|3|T|3|3|N|0|0| |13|N|0|0| |2|L|N|P|010000277060|  2946|35228095| 80829144|    |      |93|00|119|Y|000000000000|Y|1|00000277|3|00000016|S OF US 29 (GRAHAM ST)                            
S|37|0A5907|1|0|23|5U|2|T|2|3| |0|0| |01| |0|0| |2|L|N|P|005000090259|  4132|35207200| 80758000|    |      |93|13|119|N|000000000000|N|7|00000000|0|00000000|N OF NC 27 (ALBEMARLE RD)                         
S|37|0A7302|5|0|23|4U|2|T|2|3| |0|0| |01| |0|0| |2|L|N|P|003000004373| 25863|35585300| 77363100|    |      |93|16|147|Y|000000100914|N|3|00000043|0|00000000|E OF US 264 A                                     
S|37|0A5986|1|0|23|5U|1|T|1|3| |0|0| |01| |0|0| |2|L|N|P|005000090759|   842|35152700| 80891100|    |      |89|99|119|N|000000000000|N|7|00000000|0|00000000|N OF NATIONS FORD RD                              
S|37|R06003|1|3|23|1U|3|T|3|3|N|0|0| |13|N|0|0| |2|W|N|P|010800485060| 50710|35301341| 80955991|    |      |22|00|119|Y|000000000000|Y|1|00000485|0|        |I-485 N of NC 27                                  
S|37|R06007|5|2|23|1U|4|T|4|3|N|0|0| |13|N|0|0| |2|W|N|P|010900485060|  7966|35355471| 80860598|    |      |22|00|119|Y|000000000000|Y|1|00000485|0|        |I-485 N of Harris Blvd                            
S|37|0A4009|5|0|23|4U|2|T|2|3| |0|0| |01| |0|0| |2|L|N|P|004000130040|  3395|35952100| 80012000|    |      |67|07|081|N|000000000000|N|3|00001300|0|00000000|E OF GRIMES AVENUE                                
S|37|0W1401|1|0|23|3R|2|T|2|3| |0|0| |01| |0|0| |2|L|N|P|002000001714| 11105|36514600| 76359000|1028|      |04|16|029|N|000000000000|Y|2|00000017|0|00000000|N OF SR 1231 (MCPHERSON RD)                       
S|37|0R9110|3|0|23|1U|2|T|2|3| |0|0| |01| |0|0| |2|X|N|P|  1000044091|      |35780100| 78704100|    |      |17|00|183|N|           0|N|1|     440|0|       0|W OF WESTERN BLVD                                 
S|37|0A5901|1|0|23|1U|4|T|4|3| |0|0| |01| |0|0| |2|L|N|P|001000008559| 23147|35281700| 80782200|    |      |93|03|119|N|000000000000|Y|1|00000085|0|00000000|W OF US 29 EXIT RAMP                              
S|37|0A8503|1|0|23|3R|2|T|2|3| |0|0| |01| |0|0| |2|L|N|P|002000005285| 14493|36434800| 80531200|    |      |99|12|171|N|000000000000|Y|2|00000052|0|00000000|S OF SR 1822 (ARMSTRONG RD)                       
S|37|0A8101|5|0|23|5U|1|T|1|3| |0|0| |01| |0|0| |2|L|N|P|  4000185581|      |34999200| 78314100|    |      |93|00|163|N|      101694|N|3|    1855|0|       0|N OF SR 1275 (E.MORISEY BLVD)                     
S|37|0A6302|3|0|23|5R|1|T|1|3| |0|0| |01| |0|0| |2|L|N|P|  3000009763|      |35866000| 78098700|    |      |54|00|127|N|           0|N|3|      97|0|       0|E OF NC 581                                       
S|37|R09102|5|0|23|1R|2|T|2|3|N|2|3|F|01|N|0|0| |2|X|N|P| 10000085091|      |36384500| 78345700|    |      |21|00|000|N|            |N|1|      85|0|        |South of SR 1371 Flemington Rd EXIT 220           
S|37|0A4304|3|0|23|1R|2|T|2|3| |0|0| |01| |0|0| |2|L|N|P|001000004043| 34613|35589400| 82997600|    |      |98|04|087|Y|000000102900|Y|1|00000040|0|00000000|E OF US 276                                       
S|37|0R3501|1|3|23|1U|3|T|3|3|N|0|0| |13|N|0|0| |2|W|N|P|010000085036| 16090|35264145| 81070607|    |      |15|00|071|Y|000000000000|Y|1|00000085|0|00000000|N OF NC 7                                         
S|37|0R6301|3|0|23|3R|2|T|2|3| |0|0| |01| |0|0| |2|X|N|P|  2000006463|      |35931400| 78121900|    |      |15|00|127|N|           0|N|2|      64|0|       0|W OF NC 581 (EXIT 479)                            
S|37|0W7002|1|0|23|4R|2|T|2|3| |0|0| |01| |0|0| |2|L|N|P|002000042170| 13934|34451800| 78051300|7002|      |04|00|141|N|000000000000|N|2|00000421|0|00000000|S OF NC 210                                       
S|37|0A6301|3|0|23|3R|2|T|2|3| |0|0| |01| |0|0| |2|L|N|P|  2000026463|      |35785500| 78099400|    |      |93|00|127|N|           0|N|2|     264|0|       0|E OF NC 581                                       
S|37|0A8902|7|0|23|3U|2|T|2|3| |0|0| |01| |0|0| |2|L|N|P|002000007489| 14305|35013800| 80569000|    |      |93|01|179|Y|000000100534|Y|2|00000074|0|00000000|W OF SR 1223 (DICKERSON BLVD)                     
S|37|0A9101|7|0|23|3U|2|T|2|3| |0|0| |01| |0|0| |2|L|N|P|002900007050|    20|35671800| 78511400|    |      |67|16|183|N|000000000000|N|2|00000070|0|00000000|E OF SR 2558 (GUY RD)                             
S|37|0A9106|7|0|23|7U|1|T|1|3| |0|0| |01| |0|0| |2|L|N|P|000000000000|      |35842500| 78662000|    |      |93|00|183|N|000000000000|N|7|00000000|0|00000000|W OF NORTHBROOK DRIVE                             
S|37|R06004|1|1|23|1U|4|T|4|3|N|0|0| |13|N|0|0| |2|W|N|P|010800485060| 40582|35163410| 80955195|    |      |22|00|119|Y|000000000000|Y|1|00000485|0|        |I-485 N of W Arrowood Rd                          
S|37|0A5903|5|1|23|1U|3|T|3|3|N|0|0| |13|N|0|0| |2|L|N|P|010000277060|  2946|35228095| 80829144|    |      |93|00|119|Y|000000000000|Y|1|00000277|3|00000016|S OF US 29 (GRAHAM ST)                            
S|37|R02902|1|0|23|1R|2|T|2|3|N|2|3|F|13|N|0|0| |2|X|N|P| 10000285029|      |35784200| 80309600|    |      |20|00|000|N|            |N|0|     285|0|        |I-285 SOUTH OF GREEN NEEDLES RD                   
S|37|0A8401|3|0|23|6R|1|T|1|3| |0|0| |01| |0|0| |2|L|N|P|004000193584|   487|36294500| 80146900|    |      |93|00|169|N|000000000000|N|3|00001935|0|00000000|W OF US 311                                       
S|37|0A6401|5|0|23|4U|1|T|1|3| |0|0| |01| |0|0| |2|L|N|P|002000011764| 24679|34361200| 77898900|    |      |54|00|129|N|000000000000|N|2|00000117|3|00000133|N OF SR 1340 (OLD BRIDGE SITE RD)                 
S|37|0R1201|5|2|23|1U|4|T|4|3|N|0|3|C|13|N|0|0| |2|W|N|P|010000085013|  1864|35386189| 80704161|    |      |15|00|025|Y|000000102958|Y|1|00000085|0|00000000|S OF SR 1394 (POPULAR TENT RD) EXIT 52            
S|37|0A8503|5|0|23|3R|2|T|2|3| |0|0| |01| |0|0| |2|L|N|P|002000005285| 14493|36434800| 80531200|    |      |99|12|171|N|000000000000|Y|2|00000052|0|00000000|S OF SR 1822 (ARMSTRONG RD)                       
S|37|R06009|5|1|23|1U|5|T|5|3|N|0|0| |13|N|0|0| |2|W|N|P|010000085060|  8288|35258989| 80883235|    |      |23|00|119|Y|000000000000|Y|1|00000085|0|        |I-85 N of Glenwood Dr                             
S|37|0W1401|5|0|23|3R|2|T|2|3| |0|0| |01| |0|0| |2|L|N|P|002000001714| 11105|36514600| 76359000|1028|      |04|16|029|N|000000000000|Y|2|00000017|0|00000000|N OF SR 1231 (MCPHERSON RD)                       
S|37|R04105|1|0|23|1R|4|T|4|3|N|2|3|C|13|N|0|0| |2|X|N|P|            |      |36060919| 79556317|    |      |22|00|000|N|            |N|0|      85|0|      40|I-85 North of NC 61                               
S|37|0A6303|1|0|23|1R|2|T|2|3| |0|0| |01| |0|0| |2|L|N|P|001000009563| 37085|36099800| 77805600|    |      |57|16|127|N|000000000000|Y|1|00000095|0|00000000|S OF NC 33                                        
S|37|0A9601|1|0|23|3R|2|T|2|3| |0|0| |01| |0|0| |2|L|N|P|002000042196| 47513|36168500| 81373000|    |      |57|00|193|Y|000000102694|Y|2|00000421|0|00000000|S OF SR 1171 (SIFFORDS BRANCH ROAD)               
S|37|0R2701|1|0|23|5R|1|T|1|3| |0|0| |01| |0|0| |2|X|N|P|003000001227| 86790|35795300| 75546500|    |      |15|00|055|N|000000000000|Y|3|00000012|0|00000000|S OF SR 1256 (OREGON INLET ROAD)                  
S|37|0R1201|1|1|23|1U|5|T|5|3|N|0|3|C|13|N|0|0| |2|W|N|P|010000085013|  1864|35386189| 80704161|    |      |15|00|025|Y|000000102958|Y|1|00000085|0|00000000|S OF SR 1394 (POPULAR TENT RD) EXIT 52            
S|37|0R1201|5|3|23|1U|4|T|4|3|N|0|3|C|13|N|0|0| |2|W|N|P|010000085013|  1864|35386189| 80704161|    |      |15|00|025|Y|000000102958|Y|1|00000085|0|00000000|S OF SR 1394 (POPULAR TENT RD) EXIT 52            
S|37|0A9403|1|0|23|3R|1|T|1|3| |0|0| |01| |0|0| |2|L|N|P|002000032194|  1889|36128600| 81671500|    |      |98|06|189|N|000000000000|Y|2|00000321|0|00000000|N OF US 321 BUSINESS                              
S|37|0A5985|1|0|23|3U|1|T|1|3| |0|0| |01| |0|0| |2|L|N|P|003000002759| 12641|35245100| 80892800|    |      |78|99|119|Y|000000100901|N|3|00000027|0|00000000|S OF I-85                                         
S|37|R06001|1|2|23|1U|2|T|2|3|N|0|0| |13|N|0|0| |2|W|N|P|010800485060| 11142|35214553| 80645775|    |      |22|00|119|N|000000000000|Y|1|00000485|0|        |South of NC 27 (Exit 41)                          
S|37|0A9601|5|0|23|3R|2|T|2|3| |0|0| |01| |0|0| |2|L|N|P|002000042196| 47513|36168500| 81373000|    |      |57|00|193|Y|000000102694|Y|2|00000421|0|00000000|S OF SR 1171 (SIFFORDS BRANCH ROAD)               
S|37|0A6402|5|0|23|3U|2|T|2|3| |0|0| |01| |0|0| |2|L|N|P|002000007464|  1950|34252400| 77955400|    |      |58|05|129|N|000000000000|Y|2|00000074|3|00000133|E OF US 17                                        
S|37|0A9001|1|0|23|7R|1|T|1|3| |0|0| |01| |0|0| |2|L|N|P|004000150190|   213|36396400| 78324400|    |      |93|00|181|N|000000000000|N|3|00001501|0|00000000|S OF US 1 (BROAD STREET)                          
S|37|R06003|5|3|23|1U|3|T|3|3|N|0|0| |13|N|0|0| |2|W|N|P|010800485060| 50710|35301341| 80955991|    |      |22|00|119|Y|000000000000|Y|1|00000485|0|        |I-485 N of NC 27                                  
S|37|0A9501|5|0|23|4U|1|T|1|3| |0|0| |01| |0|0| |2|L|N|P|002100011795| 16510|35315300| 78036100|    |      |54|00|191|N|000000000000|N|2|00000117|0|00000000|S OF US 117                                       
S|37|0A8902|3|0|23|3U|2|T|2|3| |0|0| |01| |0|0| |2|L|N|P|002000007489| 14305|35013800| 80569000|    |      |93|01|179|Y|000000100534|Y|2|00000074|0|00000000|W OF SR 1223 (DICKERSON BLVD)                     
S|37|R06010|1|2|23|1U|4|T|2|3|N|0|3|F|13|N|0|0| |2|W|N|P|010400085060|  6173|35286206| 80773684|    |      |23|00|119|Y|000000000000|Y|1|00000085|0|        |S of SR 5383                                      
S|37|0A9602|1|0|23|7R|1|T|1|3| |0|0| |01| |0|0| |2|L|N|P|004000100196| 23714|36149100| 81143100|    |      |93|12|193|N|000000000000|N|3|00001001|0|00000000|S OF NC18 / SR 2510 (E.MAIN ST)                   
S|37|0A6501|1|0|23|1R|2|T|2|3| |0|0| |01| |0|0| |2|L|N|P|001000009565| 10021|36528400| 77584800|    |      |93|07|131|Y|000000102531|Y|1|00000095|0|00000000|N OF NC 48                                        
S|37|0R6301|7|0|23|3R|2|T|2|3| |0|0| |01| |0|0| |2|X|N|P|  2000006463|      |35931400| 78121900|    |      |15|00|127|N|           0|N|2|      64|0|       0|W OF NC 581 (EXIT 479)                            
S|37|0R2601|1|0|23|4R|2|T|2|3| |0|0| |01| |0|0| |2|X|N|P|  3000016826|      |36494300| 76138400|    |      |15|00|000|N|           0|N|3|     168|0|       0|S OF SR 1214 (GUINEA RD)                          
S|37|0R0901|5|0|23|5R|2|T|2|3| |0|0| |01| |0|0| |2|X|N|P|  1000001710|      |33920200| 78577300|    |      |18|00|000|N|           0|N|2|      17|0|       0|S OF CAROLINA FARMS BLVD                          
S|37|0A9101|3|0|23|3U|2|T|2|3| |0|0| |01| |0|0| |2|L|N|P|002900007050|    20|35671800| 78511400|    |      |67|16|183|N|000000000000|N|2|00000070|0|00000000|E OF SR 2558 (GUY RD)                             
S|37|R06404|1|0|23|1R|2|T|2|3| |2|3|F|01| |0|0| |2|X|N|P| 10000140065|      |36074380| 77813870|    |      |21|00|000|N|      100178|N|1|     140|0|        |I95 north of NC4                                  
S|37|0A9201|5|0|23|1R|2|T|2|3| |0|0| |01| |0|0| |2|L|N|P|001000008592| 16164|36538900| 78187800|    |      |93|08|185|Y|000000000000|Y|1|00000085|0|00000000|N OF US 1                                         
S|37|0C9104|7|0|23|2U|1|T|4|3|H|0|3|F|13|N|0|0| |2|K|N|P|030000540092| 15919|35865691| 78836692|    |      |07|00|183|N|000000000000|Y|3|00000540|0|        |South of I-40                                     
S|37|0A9104|3|0|23|4U|2|T|2|3| |0|0| |01| |0|0| |2|L|N|P|  4000101291|      |35783100| 78681200|    |      |93|00|183|N|           0|N|3|    1012|0|       0|W OF SR 1321 (AVENT FERRY ROAD)                   
S|37|R06005|1|3|23|1U|4|T|4|3|N|0|0| |13|N|0|0| |2|W|N|P|010000077060| 23493|35416760| 80859484|    |      |22|00|119|Y|000000000000|Y|1|00000077|0|        |I-77 N of Gilead Rd                               
S|37|R06007|5|1|23|1U|4|T|4|3|N|0|0| |13|N|0|0| |2|W|N|P|010900485060|  7966|35355471| 80860598|    |      |22|00|119|Y|000000000000|Y|1|00000485|0|        |I-485 N of Harris Blvd                            
S|37|R06009|5|3|23|1U|5|T|5|3|N|0|0| |13|N|0|0| |2|W|N|P|010000085060|  8288|35258989| 80883235|    |      |23|00|119|Y|000000000000|Y|1|00000085|0|        |I-85 N of Glenwood Dr                             
S|37|375902|1|3|23|1U|3| |4|0| |4|0| |15| |4|0| |2|P|L|P|001000007759|  2351|35122200| 80919400|5902|      |01|02|119|N|            |Y|1|00000077|2|00000021|0.20 MILES SOUTH OF I-485                         
S|37|R01003|7|0|23|2U|1|T|2|3| |1|3|F|01| |0|0| |2|X|N|P| 30000140010|      |34250570| 78078200|    |      |21|00|000|N|      104329|N|3|     140|0|        |W OF US 74                                        
S|37|0R2601|5|0|23|4R|2|T|2|3| |0|0| |01| |0|0| |2|X|N|P|  3000016826|      |36494300| 76138400|    |      |15|00|000|N|           0|N|3|     168|0|       0|S OF SR 1214 (GUINEA RD)                          
S|37|0R3501|1|1|23|1U|3|T|3|3|N|0|0| |13|N|0|0| |2|W|N|P|010000085036| 16090|35264145| 81070607|    |      |15|00|071|Y|000000000000|Y|1|00000085|0|00000000|N OF NC 7                                         
S|37|0R9106|3|0|23|1U|4|T|4|3| |0|0| |01| |0|0| |2|X|N|P|  1000044091|      |35753600| 78584400|    |      |17|00|183|N|           0|N|1|     440|0|       0|E OF I-40                                         
S|37|0A9106|3|0|23|7U|1|T|1|3| |0|0| |01| |0|0| |2|L|N|P|000000000000|      |35842500| 78662000|    |      |93|00|183|N|000000000000|N|7|00000000|0|00000000|W OF NORTHBROOK DRIVE                             
S|37|R06010|5|2|23|1U|5|T|5|3|N|0|3|F|13|N|0|0| |2|W|N|P|010400085060|  6173|35286206| 80773684|    |      |23|00|119|Y|000000000000|Y|1|00000085|0|        |S of SR 5383                                      
S|37|0R2701|5|0|23|5R|1|T|1|3| |0|0| |01| |0|0| |2|X|N|P|003000001227| 86790|35795300| 75546500|    |      |15|00|055|N|000000000000|Y|3|00000012|0|00000000|S OF SR 1256 (OREGON INLET ROAD)                  
S|37|0R1201|5|1|23|1U|4|T|4|3|N|0|3|C|13|N|0|0| |2|W|N|P|010000085013|  1864|35386189| 80704161|    |      |15|00|025|Y|000000102958|Y|1|00000085|0|00000000|S OF SR 1394 (POPULAR TENT RD) EXIT 52            
S|37|R01601|3|0|23|3R|2|Y|2|3|N|2|3|D|13| |0|0| |2|I|N|P|  2500001905|      |34766443| 76859763|    |      |23|00|000|N|            |N|3|      70|0|        |US 70 East of Hibbs Road                          
S|37|0R9103|3|0|23|1U|2|T|2|3| |0|0| |01| |0|0| |2|X|N|P|  1000004091|      |35629600| 78566500|    |      |17|00|183|N|           0|N|1|      40|0|       0|E OF US 70 BYPASS                                 
S|37|0R3501|5|3|23|1U|3|T|3|3|N|0|0| |13|N|0|0| |2|W|N|P|010000085036| 16090|35264145| 81070607|    |      |15|00|071|Y|000000000000|Y|1|00000085|0|00000000|N OF NC 7                                         
S|37|R06004|5|2|23|1U|4|T|4|3|N|0|0| |13|N|0|0| |2|W|N|P|010800485060| 40582|35163410| 80955195|    |      |22|00|119|Y|000000000000|Y|1|00000485|0|        |I-485 N of W Arrowood Rd                          
S|37|0R0901|1|0|23|5R|3|T|3|3| |0|0| |01| |0|0| |2|X|N|P|  1000001710|      |33920200| 78577300|    |      |18|00|000|N|           0|N|2|     017|0|     000|S OF CAROLINA FARMS BLVD                          
S|37|R06404|5|0|23|1R|2|T|2|3| |2|3|F|01| |0|0| |2|X|N|P| 10000140065|      |36074380| 77813870|    |      |21|00|000|N|      100178|N|1|     140|0|        |I95 north of NC4                                  
S|37|0R2801|1|0|23|1R|4|T|4|3| |0|0| |01| |0|0| |2|X|N|P|  1000008528|      |35745400| 80356600|    |      |15|00|000|N|           0|N|1|      85|2|      29|N OF NC 150 (EXIT 84)                             
S|37|R01003|3|0|23|2U|1|T|2|3| |1|3|F|01| |0|0| |2|X|N|P| 30000140010|      |34250570| 78078200|    |      |21|00|000|N|      104329|N|3|     140|0|        |W OF US 74                                        
S|37|R04902|5|1|23|1U|2|T|2|3|N|0|0| |13|N|0|0| |2|X|N|P|010000077049| 16015|35738769| 80859338|    |      |19|00|097|Y|000000000000|Y|1|00000077|0|        |North of Amity Hill Road                          
S|37|R04104|1|0|23|1U|2|T|2|3|N|2|3|F|13|N|0|0| |2|X|N|P| 10000073041|      |35975139| 79821194|    |      |21|00|000|N|            |Y|1|      40|0|        |I-73 S OF Old Randelman Rd                        
S|37|R04902|5|2|23|1U|2|T|2|3|N|0|0| |13|N|0|0| |2|X|N|P|010000077049| 16015|35738769| 80859338|    |      |19|00|097|Y|000000000000|Y|1|00000077|0|        |North of Amity Hill Road                          
S|37|0A7902|5|0|23|3U|2|T|2|3| |0|0| |01| |0|0| |2|L|N|P|002000002979| 14130|35609000| 80538700|    |      |54|00|159|Y|000000102263|N|2|00000029|0|00000000|S OF SR 1503 (GRACE CHURCH RD)                    
S|37|R06007|5|3|23|1U|4|T|4|3|N|0|0| |13|N|0|0| |2|W|N|P|010900485060|  7966|35355471| 80860598|    |      |22|00|119|Y|000000000000|Y|1|00000485|0|        |I-485 N of Harris Blvd                            
S|37|R09102|1|0|23|1R|2|T|2|3|N|2|3|F|01|N|0|0| |2|X|N|P| 10000085091|      |36384500| 78345700|    |      |21|00|000|N|            |N|1|      85|0|        |South of SR 1371 Flemington Rd EXIT 220           
S|37|0R1104|3|0|23|1U|2|T|2|3|N|0|1|F|01|N|0|0| |2|W|N|P|010000240011|  7917|35573850| 82515140|    |      |19|00|021|N|000000000000|Y|1|00000240|0|        |WEST OF FAIRVIEW RD                               
S|37|T04109|1|0|23|1U|3|Y|3|0|Y|3|3|F|13| |3|0| |2|K|N|P| 10000085041|      |35972100| 79890600|    |      |22|00|000|N|            |N|0|       2|0|        |I-85 South of Bus I-85                            
S|37|0R5601|7|0|23|1R|3|T|3|3| |0|0| |01| |0|0| |2|X|N|P|  1000002656|      |35880000| 82549500|    |      |15|00|113|N|           0|N|1|      26|2|      23|N OF US 19 E (EXIT 9)                             
S|37|R06010|1|1|23|1U|4|T|4|3|N|0|3|F|13|N|0|0| |2|W|N|P|010400085060|  6173|35286206| 80773684|    |      |23|00|119|Y|000000000000|Y|1|00000085|0|        |S of SR 5383                                      
S|37|0R7401|7|0|23|1R|2|T|2|3| |0|0| |01| |0|0| |2|X|N|P|  1000002674|178709|35226900| 82199000|    |      |18|00|149|N|           0|N|1|      26|0|       0|S OF NC 108                                       
S|37|R06002|5|3|23|1U|4|T|4|3|N|0|0| |13|N|0|0| |2|W|N|P|010800485060| 62914|35368372| 80771942|    |      |22|00|119|Y|000000000000|Y|1|00000485|0|        |South of Mallard Creek Rd                         
S|37|0R5901|1|2|23|1U|4|T|4|3|N|0|0| |13|N|0|0| |2|W|N|P|010000077060|   137|35105204| 80930184|    |      |18|00|119|Y|000000000000|Y|1|00000077|2|00000021|South of Westinghouse Blvd (SR 1128)              
S|37|R07401|3|0|23|5R|1|T|1|3|N|1|3|F|15|T|2|5|T|2|X|N|P|            |      |35640400| 77453500|    |      |22|00|000|N|            |N|0|        |0|        |West of US 264                                    
S|37|R04110|5|0|23|1R|2|T|2|3|H|2|1|F|01|N|2|0| |2|W|N|P| 10000040044|      |36217070| 79916370|    |      |22|00|000|N|      102900|N|1|      40|0|        |I73 north of Deboe Road                           
S|37|R06506|3|0|23|1U|1|T|2|3| |1|3|F|01| |0|0| |2|X|N|P| 10000140065|      |34312980| 77891090|    |      |21|00|129|N|      100178|N|1|     140|0|        |W OF I-40                                         
S|37|T04109|1|1|23|1U|3|Y|3|0|Y|3|3|F|13| |3|0| |2|K|N|P| 10000085041|      |35972100| 79890600|    |      |22|00|000|N|            |N|0|       2|0|        |I-85 South of Bus I-85                            
S|37|R06003|1|1|23|1U|3|T|3|3|N|0|0| |13|N|0|0| |2|W|N|P|010800485060| 50710|35301341| 80955991|    |      |22|00|119|Y|000000000000|Y|1|00000485|0|        |I-485 N of NC 27                                  
S|37|R07703|7|0|23|2U|2|T|2|3|N|2|3|F|13|N|0|0| |2|X|N|P|            |      |34934800| 79837200|    |      |22|00|000|N|            |N|1|      74|0|        |East of Bus. 74                                   
S|37|0R5901|1|3|23|1U|4|T|4|3|N|0|0| |13|N|0|0| |2|W|N|P|010000077060|   137|35105204| 80930184|    |      |18|00|119|Y|000000000000|Y|1|00000077|2|00000021|South of Westinghouse Blvd (SR 1128)              
S|37|R07703|3|0|23|2U|2|T|2|3|N|2|3|F|13|N|0|0| |2|X|N|P|            |      |34934800| 79837200|    |      |22|00|000|N|            |N|1|      74|0|        |East of Bus. 74                                   
S|37|R04111|1|1|23|1U|4|T|4|3|N|0|0| |13|N|0|0| |2|W|N|P|010000073041| 16950|36102757| 79913547|    |      |22|00|081|Y|000000102719|Y|1|00000073|0|        |I-73 N of W Friendly Ave                          
S|37|0R9105|7|0|23|1U|3|T|3|3| |0|0| |01| |0|0| |2|X|N|P|001000004091|485700|35444360| 78353290|    |      |17|00|183|N|000000000000|Y|1|00000040|0|00000000|E OF I-440                                        
S|37|0A8501|1|0|23|1R|2|T|2|3| |0|0| |01| |0|0| |2|L|N|P|001000007485|  1193|36551200| 80743300|    |      |93|98|171|N|000000000000|Y|1|00000074|1|00000077|N OF I-77 / I-74 SPLIT                            
S|37|0R1201|1|3|23|1U|5|T|5|3|N|0|3|C|13|N|0|0| |2|W|N|P|010000085013|  1864|35386189| 80704161|    |      |15|00|025|Y|000000102958|Y|1|00000085|0|00000000|S OF SR 1394 (POPULAR TENT RD) EXIT 52            
S|37|0R2702|3|0|23|3U|2|T|2|3| |0|0| |01| |0|0| |2|X|N|P|  2000015827|      |36093100| 75741900|    |      |18|00|000|N|           0|N|2|     158|0|       0|W OF BARLOW LANE                                  
S|37|R06005|1|1|23|1U|4|T|4|3|N|0|0| |13|N|0|0| |2|W|N|P|010000077060| 23493|35416760| 80859484|    |      |22|00|119|Y|000000000000|Y|1|00000077|0|        |I-77 N of Gilead Rd                               
S|37|0R9109|7|0|23|1U|4|N|4|3| |0|0| |01| |0|0| |2|X|N|P|001000044091| 12070|35500950| 78391050|    |      |17|00|183|N|000000000000|Y|1|00000440|2|00000001|E OF US 70                                        
S|37|0A8601|1|0|23|4R|1|T|1|3| |0|0| |01| |0|0| |2|L|N|P|002000044186|  7649|35513900| 83306900|    |      |54|09|173|N|000000000000|N|2|00000441|0|00000000|N OF BLUE RIDGE PARKWAY                           
S|37|0R3201|3|0|23|3R|2|T|2|3| |0|0| |01| |0|0| |2|X|N|P|  2000006432|      |35904600| 77642900|    |      |15|00|000|N|           0|N|2|      64|0|       0|E OF SR 1225 (KINGSBORO RD) EXIT 478              
S|37|0R3501|5|2|23|1U|3|T|3|3|N|0|0| |13|N|0|0| |2|W|N|P|010000085036| 16090|35264145| 81070607|    |      |15|00|071|Y|000000000000|Y|1|00000085|0|00000000|N OF NC 7                                         
S|37|R06009|1|1|23|1U|5|T|5|3|N|0|0| |13|N|0|0| |2|W|N|P|010000085060|  8288|35258989| 80883235|    |      |23|00|119|Y|000000000000|Y|1|00000085|0|        |I-85 N of Glenwood Dr                             
S|37|0W1803|5|0|23|3R|2|T|2|3| |2|0| |01| |2|0| |2|L|N|P|002000042118| 25773|35711400| 79429000|2824|      |03|17|037|N|000000000000|Y|2|00000421|0|00000000|S OF US 64                                        
S|37|0A8601|5|0|23|4R|1|T|1|3| |0|0| |01| |0|0| |2|L|N|P|002000044186|  7649|35513900| 83306900|    |      |54|09|173|N|000000000000|N|2|00000441|0|00000000|N OF BLUE RIDGE PARKWAY                           
S|37|0R5901|5|2|23|1U|4|T|4|3|N|0|0| |13|N|0|0| |2|W|N|P|010000077060|   137|35105204| 80930184|    |      |18|00|119|Y|000000000000|Y|1|00000077|2|00000021|South of Westinghouse Blvd (SR 1128)              
S|37|0R7401|3|0|23|1R|2|T|2|3| |0|0| |01| |0|0| |2|X|N|P|  1000002674|178709|35226900| 82199000|    |      |18|00|149|N|           0|N|1|      26|0|       0|S OF NC 108                                       
S|37|R07103|3|0|23|1R|2|T|2|3|N|2|3|F|13|N|0|0| |2|X|N|P| 10000285029|      |34713350| 77945630|    |      |21|00|000|N|            |N|1|      40|0|        |East of NC 41                                     
S|37|0W2802|5|2|23|1U|2|T|2|3|N|0|0| |13|N|0|0| |2|L|N|P|010000285029|  8855|35871860| 80254185|0200|      |04|00|057|Y|000000000000|Y|2|00000052|0|00000000|S OF NC 8                                         
S|37|0A9501|1|0|23|4U|1|T|1|3| |0|0| |01| |0|0| |2|L|N|P|002100011795| 16510|35315300| 78036100|    |      |54|00|191|N|000000000000|N|2|00000117|0|00000000|S OF US 117                                       
S|37|0R9104|3|0|23|1U|2|T|2|3| |0|0| |01| |0|0| |2|X|N|P|  1000004091|493263|35683200| 78568400|    |      |17|00|183|N|           0|N|1|      40|0|       0|E OF US 70 BUS                                    
S|37|R04111|1|2|23|1U|4|T|4|3|N|0|0| |13|N|0|0| |2|W|N|P|010000073041| 16950|36102757| 79913547|    |      |22|00|081|Y|000000102719|Y|1|00000073|0|        |I-73 N of W Friendly Ave                          
S|37|R04111|1|3|23|1U|4|T|4|3|N|0|0| |13|N|0|0| |2|W|N|P|010000073041| 16950|36102757| 79913547|    |      |22|00|081|Y|000000102719|Y|1|00000073|0|        |I-73 N of W Friendly Ave                          
S|37|0R5901|5|1|23|1U|4|T|4|3|N|0|0| |13|N|0|0| |2|W|N|P|010000077060|   137|35105204| 80930184|    |      |18|00|119|Y|000000000000|Y|1|00000077|2|00000021|South of Westinghouse Blvd (SR 1128)              
S|37|0R9111|3|0|23|1U|4|T|4|3| |0|0| |01| |0|0| |2|X|N|P|  1000004091|767929|35754000| 78683300|    |      |18|00|183|N|           0|N|1|      40|0|       0|E OF SR 1571 (GORMAN ST)                          
S|37|R06001|5|1|23|1U|2|T|2|3|N|0|0| |13|N|0|0| |2|W|N|P|010800485060| 11142|35214553| 80645775|    |      |22|00|119|N|000000000000|Y|1|00000485|0|        |South of NC 27 (Exit 41)                          
S|37|0W7001|3|0|23|1R|2|T|2|3| |0|0| |01| |0|0| |2|L|N|P|001000004070| 31303|34451100| 77877300|7001|      |04|17|141|N|000000000000|Y|1|00000040|0|00000000|W OF NC 210                                       
S|37|0A9602|5|0|23|7R|1|T|1|3| |0|0| |01| |0|0| |2|L|N|P|004000100196| 23714|36149100| 81143100|    |      |93|12|193|N|000000000000|N|3|00001001|0|00000000|S OF NC18 / SR 2510 (E.MAIN ST)                   
S|37|375902|1|1|23|1U|3| |4|0| |4|0| |15| |4|0| |2|P|L|P|001000007759|  2351|35122200| 80919400|5902|      |01|02|119|N|            |Y|1|00000077|2|00000021|0.20 MILES SOUTH OF I-485                         
S|37|R01601|7|0|23|3R|2|Y|2|3|N|2|3|D|13| |0|0| |2|I|N|P|  1000004000|      |34766443| 76859763|    |      |23|00|000|N|            |N|3|      70|0|        |US 70 East of Hibbs Road                          
S|37|R06004|1|2|23|1U|4|T|4|3|N|0|0| |13|N|0|0| |2|W|N|P|010800485060| 40582|35163410| 80955195|    |      |22|00|119|Y|000000000000|Y|1|00000485|0|        |I-485 N of W Arrowood Rd                          
S|37|R03403|7|0|23|1R|2|T|2|3|N|2|3|F|14|N|0|0| |2|X|N|P| 10000740034|      |36051196| 80132350|    |      |22|00|000|N|            |N|1|      74|0|        |West of Union Cross Rd Between Exits 56 and 59    
S|37|0R3501|5|1|23|1U|3|T|3|3|N|0|0| |13|N|0|0| |2|W|N|P|010000085036| 16090|35264145| 81070607|    |      |15|00|071|Y|000000000000|Y|1|00000085|0|00000000|N OF NC 7                                         
S|37|R04105|5|0|23|1R|4|T|4|3|N|2|3|C|13|N|0|0| |2|X|N|P|            |      |36060919| 79556317|    |      |22|00|000|N|            |N|0|      85|0|      40|I-85 North of NC 61                               
S|37|R06005|5|3|23|1U|4|T|4|3|N|0|0| |13|N|0|0| |2|W|N|P|010000077060| 23493|35416760| 80859484|    |      |22|00|119|Y|000000000000|Y|1|00000077|0|        |I-77 N of Gilead Rd                               
S|37|R04104|5|0|23|1U|2|T|2|3|N|2|3|F|13|N|0|0| |2|X|N|P| 10000073041|      |35975139| 79821194|    |      |21|00|000|N|            |Y|1|      40|0|        |I-73 S OF Old Randelman Rd                        
S|37|R02902|5|0|23|1R|2|T|2|3|N|2|3|F|13|N|0|0| |2|X|N|P| 10000285029|      |35784200| 80309600|    |      |20|00|000|N|            |N|0|     285|0|        |I-285 SOUTH OF GREEN NEEDLES RD                   
S|37|0R5901|5|3|23|1U|4|T|4|3|N|0|0| |13|N|0|0| |2|W|N|P|010000077060|   137|35105204| 80930184|    |      |18|00|119|Y|000000000000|Y|1|00000077|2|00000021|South of Westinghouse Blvd (SR 1128)              
S|37|0R9111|7|0|23|1U|4|T|4|3| |0|0| |01| |0|0| |2|X|N|P|  1000004091|767929|35754000| 78683300|    |      |18|00|183|N|           0|N|1|      40|0|       0|E OF SR 1571 (GORMAN ST)                          
S|37|R04111|5|1|23|1U|3|T|3|3|N|0|0| |13|N|0|0| |2|W|N|P|010000073041| 16950|36102757| 79913547|    |      |22|00|081|Y|000000102719|Y|1|00000073|0|        |I-73 N of W Friendly Ave                          
S|37|R07401|7|0|23|5R|1|T|1|3|N|1|3|F|15|T|2|5|T|2|X|N|P|            |      |35640400| 77453500|    |      |22|00|000|N|            |N|0|        |0|        |West of US 264                                    
S|37|0R7402|7|0|23|3R|2|T|2|3| |0|0| |01| |0|0| |2|X|N|P|  2000007474|419578|35258000| 82195300|    |      |18|00|149|N|           0|N|2|      74|0|       0|W OF NC 108                                       
S|37|0W1805|3|0|23|3R|2|T|2|3| |2|0| |01| |2|0| |2|L|N|P|002000006418| 29008|35729320| 79227760|1805|      |03|00|037|Y|000000100428|Y|2|00000064|0|00000000|W OF NC 87                                        
S|37|R04902|1|2|23|1U|2|T|2|3|N|0|0| |13|N|0|0| |2|X|N|P|010000077049| 16015|35738769| 80859338|    |      |19|00|097|Y|000000000000|Y|1|00000077|0|        |North of Amity Hill Road                          
S|37|R07705|3|0|23|3R|2|T|2|3|N|0|0| |13|N|0|0| |2|W|N|P| 29000074077|      |34955050| 79802000|    |      |23|00|000|N|           0|N|1|      74|1|        |East of Silver Creek Church Road                  
S|37|0W2802|5|1|23|1U|2|T|2|3|N|0|0| |13|N|0|0| |2|L|N|P|010000285029|  8855|35871860| 80254185|0200|      |04|00|057|Y|000000000000|Y|2|00000052|0|00000000|S OF NC 8                                         
S|37|0W7001|7|0|23|1R|2|T|2|3| |0|0| |01| |0|0| |2|L|N|P|001000004070| 31303|34451100| 77877300|7001|      |04|17|141|N|000000000000|Y|1|00000040|0|00000000|W OF NC 210                                       
S|37|R04106|5|0|23|1U|3|T|3|3|N|3|3|F|13|N|0|0| |2|X|N|P| 10000040018|      |36028351| 79723971|    |      |22|00|000|N|            |N|1|        |0|        |I-85 North of Alamance Church Rd                  
S|37|R07702|1|0|23|1R|2|T|2|3|N|2|3|F|13|N|0|0| |2|X|N|P| 10000074077|      |35061090| 79742680|    |      |20|00|000|N|            |N|1|      73|0|       1|S of SR 1452 (Church St)                          
S|37|375902|1|2|23|1U|3| |4|0| |4|0| |15| |4|0| |2|P|L|P|001000007759|  2351|35122200| 80919400|5902|      |01|02|119|N|            |Y|1|00000077|2|00000021|0.20 MILES SOUTH OF I-485                         
S|37|R04110|1|0|23|1R|2|T|2|3|H|2|1|F|01|N|2|0| |2|W|N|P| 10000040044|      |36217070| 79916370|    |      |22|00|000|N|      102900|N|1|      40|0|        |I73 north of Deboe Road                           
S|37|R06002|1|1|23|1U|4|T|4|3|N|0|0| |13|N|0|0| |2|W|N|P|010800485060| 62914|35368372| 80771942|    |      |22|00|119|Y|000000000000|Y|1|00000485|0|        |South of Mallard Creek Rd                         
S|37|R03403|3|0|23|1R|2|T|2|3|N|2|3|F|14|N|0|0| |2|X|N|P| 10000740034|      |36051196| 80132350|    |      |22|00|000|N|            |N|1|      74|0|        |West of Union Cross Rd Between Exits 56 and 59    
S|37|R06001|5|2|23|1U|2|T|2|3|N|0|0| |13|N|0|0| |2|W|N|P|010800485060| 11142|35214553| 80645775|    |      |22|00|119|N|000000000000|Y|1|00000485|0|        |South of NC 27 (Exit 41)                          
S|37|R06001|1|1|23|1U|2|T|2|3|N|0|0| |13|N|0|0| |2|W|N|P|010800485060| 11142|35214553| 80645775|    |      |22|00|119|N|000000000000|Y|1|00000485|0|        |South of NC 27 (Exit 41)                          
S|37|R04902|1|1|23|1U|2|T|2|3|N|0|0| |13|N|0|0| |2|X|N|P|010000077049| 16015|35738769| 80859338|    |      |19|00|097|Y|000000000000|Y|1|00000077|0|        |North of Amity Hill Road                          
S|37|R06002|5|2|23|1U|4|T|4|3|N|0|0| |13|N|0|0| |2|W|N|P|010800485060| 62914|35368372| 80771942|    |      |22|00|119|Y|000000000000|Y|1|00000485|0|        |South of Mallard Creek Rd                         
S|37|R06003|5|1|23|1U|3|T|3|3|N|0|0| |13|N|0|0| |2|W|N|P|010800485060| 50710|35301341| 80955991|    |      |22|00|119|Y|000000000000|Y|1|00000485|0|        |I-485 N of NC 27                                  
S|37|R06002|1|3|23|1U|4|T|4|3|N|0|0| |13|N|0|0| |2|W|N|P|010800485060| 62914|35368372| 80771942|    |      |22|00|119|Y|000000000000|Y|1|00000485|0|        |South of Mallard Creek Rd                         
S|37|T04109|5|2|23|1U|3|Y|3|0|Y|3|3|F|13| |3|0| |2|K|N|P| 10000085041|      |35972100| 79890600|    |      |22|00|000|N|            |N|0|       2|0|        |I-85 South of Bus I-85                            
S|37|R06005|1|2|23|1U|4|T|4|3|N|0|0| |13|N|0|0| |2|W|N|P|010000077060| 23493|35416760| 80859484|    |      |22|00|119|Y|000000000000|Y|1|00000077|0|        |I-77 N of Gilead Rd                               
S|37|R06004|1|3|23|1U|4|T|4|3|N|0|0| |13|N|0|0| |2|W|N|P|010800485060| 40582|35163410| 80955195|    |      |22|00|119|Y|000000000000|Y|1|00000485|0|        |I-485 N of W Arrowood Rd                          
S|37|R06005|5|1|23|1U|4|T|4|3|N|0|0| |13|N|0|0| |2|W|N|P|010000077060| 23493|35416760| 80859484|    |      |22|00|119|Y|000000000000|Y|1|00000077|0|        |I-77 N of Gilead Rd                               
S|37|R06003|5|2|23|1U|3|T|3|3|N|0|0| |13|N|0|0| |2|W|N|P|010800485060| 50710|35301341| 80955991|    |      |22|00|119|Y|000000000000|Y|1|00000485|0|        |I-485 N of NC 27                                  
S|37|R07705|7|0|23|3R|2|T|2|3|N|0|0| |13|N|0|0| |2|W|N|P| 29000074077|      |34955050| 79802000|    |      |23|00|000|N|           0|N|1|      74|1|        |East of Silver Creek Church Road                  
S|37|R06009|1|2|23|1U|5|T|5|3|N|0|0| |13|N|0|0| |2|W|N|P|010000085060|  8288|35258989| 80883235|    |      |23|00|119|Y|000000000000|Y|1|00000085|0|        |I-85 N of Glenwood Dr                             
S|37|R06005|5|2|23|1U|4|T|4|3|N|0|0| |13|N|0|0| |2|W|N|P|010000077060| 23493|35416760| 80859484|    |      |22|00|119|Y|000000000000|Y|1|00000077|0|        |I-77 N of Gilead Rd                               
S|37|R06004|5|3|23|1U|4|T|4|3|N|0|0| |13|N|0|0| |2|W|N|P|010800485060| 40582|35163410| 80955195|    |      |22|00|119|Y|000000000000|Y|1|00000485|0|        |I-485 N of W Arrowood Rd                          
S|37|R06002|1|2|23|1U|4|T|4|3|N|0|0| |13|N|0|0| |2|W|N|P|010800485060| 62914|35368372| 80771942|    |      |22|00|119|Y|000000000000|Y|1|00000485|0|        |South of Mallard Creek Rd                         
S|37|R06007|1|1|23|1U|4|T|4|3|N|0|0| |13|N|0|0| |2|W|N|P|010900485060|  7966|35355471| 80860598|    |      |22|00|119|Y|000000000000|Y|1|00000485|0|        |I-485 N of Harris Blvd                            
S|37|R06507|7|0|23|1R|2|Y|2|3|N|2|3|D|13| |0|0| |2|I|N|P|  2000001307|      |34300934| 77863969|    |      |23|00|000|N|            |N|2|      40|0|        |I-40 East of I-140                                
S|37|R06010|1|3|23|1U|4|T|4|3|N|0|3|F|13|N|0|0| |2|W|N|P|010400085060|  6173|35286206| 80773684|    |      |23|00|119|Y|000000000000|Y|1|00000085|0|        |S of SR 5383                                      
S|37|R06007|1|2|23|1U|4|T|4|3|N|0|0| |13|N|0|0| |2|W|N|P|010900485060|  7966|35355471| 80860598|    |      |22|00|119|Y|000000000000|Y|1|00000485|0|        |I-485 N of Harris Blvd                            
S|37|R06010|5|1|23|1U|5|T|5|3|N|0|3|F|13|N|0|0| |2|W|N|P|010400085060|  6173|35286206| 80773684|    |      |23|00|119|Y|000000000000|Y|1|00000085|0|        |S of SR 5383                                      
S|37|R06507|3|0|23|1R|2|Y|2|3|N|2|3|D|13| |0|0| |2|I|N|P|  4000116509|      |34300934| 77863969|    |      |23|00|000|N|            |N|2|      40|0|        |I-40 East of I-140                                
S|37|R07103|7|0|23|1R|2|T|2|3|N|2|3|F|13|N|0|0| |2|X|N|P| 10000285029|      |34713350| 77945630|    |      |21|00|000|N|            |N|1|      40|0|        |East of NC 41                                     
S|37|R06009|1|3|23|1U|5|T|5|3|N|0|0| |13|N|0|0| |2|W|N|P|010000085060|  8288|35258989| 80883235|    |      |23|00|119|Y|000000000000|Y|1|00000085|0|        |I-85 N of Glenwood Dr                             
S|37|R07702|5|0|23|1R|2|T|2|3|N|2|3|F|13|N|0|0| |2|X|N|P| 10000074077|      |35061090| 79742680|    |      |20|00|000|N|            |N|1|      73|0|       1|S of SR 1452 (Church St)                          
S|37|T04109|1|2|23|1U|3|Y|3|0|Y|3|3|F|13| |3|0| |2|K|N|P| 10000085041|      |35972100| 79890600|    |      |22|00|000|N|            |N|0|       2|0|        |I-85 South of Bus I-85                            
S|37|T04109|1|3|23|1U|3|Y|3|0|Y|3|3|F|13| |3|0| |2|K|N|P| 10000085041|      |35972100| 79890600|    |      |22|00|000|N|            |N|0|       2|0|        |I-85 South of Bus I-85                            
S|37|R06010|5|3|23|1U|5|T|5|3|N|0|3|F|13|N|0|0| |2|W|N|P|010400085060|  6173|35286206| 80773684|    |      |23|00|119|Y|000000000000|Y|1|00000085|0|        |S of SR 5383                                      
S|37|R07704|7|0|23|2U|2|T|2|3|N|2|3|F|13|N|0|0| |2|X|N|P|            |      |34867700| 79659700|    |      |22|00|000|N|            |N|1|      74|0|        |West of Bus. 74                                   
S|37|R06506|7|0|23|1U|1|T|2|3| |1|3|F|01| |0|0| |2|X|N|P| 10000140065|      |34312980| 77891090|    |      |21|00|129|N|      100178|N|1|     140|0|        |W OF I-40                                         
S|37|R08202|3|0|23|1R|2|T|2|3|N|2|3|F|13|N|0|0| |2|X|N|P| 10000285029|      |35209460| 78318950|    |      |21|00|000|N|            |N|1|      40|0|        |East of US 701                                    
S|37|R07704|3|0|23|2U|2|T|2|3|N|2|3|F|13|N|0|0| |2|X|N|P|            |      |34867700| 79659700|    |      |22|00|000|N|            |N|1|      74|0|        |West of Bus. 74                                   
S|37|T04109|5|1|23|1U|3|Y|3|0|Y|3|3|F|13| |3|0| |2|K|N|P| 10000085041|      |35972100| 79890600|    |      |22|00|000|N|            |N|0|       2|0|        |I-85 South of Bus I-85                            
S|37|T04109|5|0|23|1U|3|Y|3|0|Y|3|3|F|13| |3|0| |2|K|N|P| 10000085041|      |35972100| 79890600|    |      |22|00|000|N|            |N|0|       2|0|        |I-85 South of Bus I-85                            
S|37|R08202|7|0|23|1R|2|T|2|3|N|2|3|F|13|N|0|0| |2|X|N|P| 10000285029|      |35209460| 78318950|    |      |21|00|000|N|            |N|1|      40|0|        |East of US 701                                    
S|37|T04109|5|3|23|1U|3|Y|3|0|Y|3|3|F|13| |3|0| |2|K|N|P| 10000085041|      |35972100| 79890600|    |      |22|00|000|N|            |N|0|       2|0|        |I-85 South of Bus I-85                            
S|37|0A3104|5|0|23|2U|2|T|2|3| |0|0| |01| |0|0| |2|L|N|P|003000014731| 10716|35957600| 78864000|    |      |93|15|063|N|000000000000|Y|3|00000147|0|00000000|N OF SR 1954 (ELLIS RD)                           
S|37|0A3201|7|0|23|7R|1|T|1|3| |0|0| |01| |0|0| |2|L|N|P|  4000113532|      |35906300| 77779400|    |      |93|00|000|N|           0|N|3|    1135|0|       0|E OF SR 1002 (OLD WILSON RD)                      
S|37|0A3801|1|0|23|5R|1|T|1|3| |0|0| |01| |0|0| |2|L|N|P|004000100438| 12387|36216400| 78723900|    |      |54|95|077|N|000000000000|N|3|00001004|0|00000000|N OF SR 1138 (CULBRETH RD)                        
S|37|0A4009|1|0|23|4U|2|T|2|3| |0|0| |01| |0|0| |2|L|N|P|004000130040|  3395|35952100| 80012000|    |      |67|07|081|N|000000000000|N|3|00001300|0|00000000|E OF GRIMES AVENUE                                
S|37|0A4010|1|0|23|3U|2|T|2|3| |0|0| |01| |0|0| |2|L|N|P|004000100940|  2685|35936600| 79993400|    |      |68|07|081|Y|000000101729|N|3|00001009|0|00000000|N OF I-85 BUSINESS                                
S|37|0A4201|1|0|23|3R|2|T|2|3| |0|0| |01| |0|0| |2|L|N|P|  2000042142|      |35411000| 78788600|    |      |93|00|000|N|           0|N|2|     421|3|      27|E OF US 401 / NC 210                              
S|37|0A5903|5|2|23|1U|3|T|3|3|N|0|0| |13|N|0|0| |2|L|N|P|010000277060|  2946|35228095| 80829144|    |      |93|00|119|Y|000000000000|Y|1|00000277|3|00000016|S OF US 29 (GRAHAM ST)                            
S|37|0A6407|3|0|23|1U|2|T|2|3| |0|0| |01| |0|0| |2|L|N|P|008000503664|   331|34274700| 77868400|    |      |93|07|129|N|000000000000|Y|1|00000040|0|00000000|W OF NC132 (COLLEGE RD)                           
S|37|0A9001|5|0|23|7R|1|T|1|3| |0|0| |01| |0|0| |2|L|N|P|004000150190|   213|36396400| 78324400|    |      |93|00|181|N|000000000000|N|3|00001501|0|00000000|S OF US 1 (BROAD STREET)                          
S|37|0A9103|5|0|23|3U|3|T|3|3| |0|0| |01| |0|0| |2|L|N|P|002000000191| 48047|35845700| 78579900|    |      |93|06|183|N|000000000000|Y|2|00000001|0|00000000|N OF CALVARY DR.                                  
S|37|0A9109|3|0|23|1U|3|T|3|3| |0|0| |01| |0|0| |2|L|N|P|001000004091| 31475|35741400| 78591500|    |      |01|06|183|Y|000000100095|Y|1|00000040|0|00000000|W OF SR 5220 (JONES SAUSAGE ROAD)                 
S|37|0A9109|7|0|23|1U|3|T|3|3| |0|0| |01| |0|0| |2|L|N|P|001000004091| 31475|35741400| 78591500|    |      |01|06|183|Y|000000100095|Y|1|00000040|0|00000000|W OF SR 5220 (JONES SAUSAGE ROAD)                 
S|37|0R1201|1|2|23|1U|5|T|5|3|N|0|3|C|13|N|0|0| |2|W|N|P|010000085013|  1864|35386189| 80704161|    |      |15|00|025|Y|000000102958|Y|1|00000085|0|00000000|S OF SR 1394 (POPULAR TENT RD) EXIT 52            
S|37|0R2201|3|0|23|3R|2|T|2|3| |0|0| |01| |0|0| |2|X|N|P|002000007422|  5502|35296200| 81671700|    |      |15|00|045|N|000000000000|Y|2|00000074|0|00000000|W OF SR 1162 (PEACHTREE RD)                       
S|37|0R3501|1|2|23|1U|3|T|3|3|N|0|0| |13|N|0|0| |2|W|N|P|010000085036| 16090|35264145| 81070607|    |      |15|00|071|Y|000000000000|Y|1|00000085|0|00000000|N OF NC 7                                         
S|37|0R5901|1|1|23|1U|4|T|4|3|N|0|0| |13|N|0|0| |2|W|N|P|010000077060|   137|35105204| 80930184|    |      |18|00|119|Y|000000000000|Y|1|00000077|2|00000021|South of Westinghouse Blvd (SR 1128)              
S|37|0R9103|7|0|23|1U|3|T|3|3| |0|0| |01| |0|0| |2|X|N|P|  1000004091|      |35629600| 78566500|    |      |17|00|183|N|           0|N|1|      40|0|       0|E OF US 70 BYPASS                                 
S|37|0R9105|3|0|23|1U|4|T|4|3| |0|0| |01| |0|0| |2|X|N|P|001000004091|485700|35444360| 78353290|    |      |17|00|183|N|000000000000|Y|1|00000040|0|00000000|E OF I-440                                        
S|37|R04106|1|0|23|1U|3|T|3|3|N|3|3|F|13|N|0|0| |2|X|N|P| 10000040018|      |36028351| 79723971|    |      |22|00|000|N|            |N|1|        |0|        |I-85 North of Alamance Church Rd                  
S|37|R04111|5|2|23|1U|3|T|3|3|N|0|0| |13|N|0|0| |2|W|N|P|010000073041| 16950|36102757| 79913547|    |      |22|00|081|Y|000000102719|Y|1|00000073|0|        |I-73 N of W Friendly Ave                          
S|37|R06003|1|2|23|1U|3|T|3|3|N|0|0| |13|N|0|0| |2|W|N|P|010800485060| 50710|35301341| 80955991|    |      |22|00|119|Y|000000000000|Y|1|00000485|0|        |I-485 N of NC 27                                  
S|37|R06007|1|3|23|1U|4|T|4|3|N|0|0| |13|N|0|0| |2|W|N|P|010900485060|  7966|35355471| 80860598|    |      |22|00|119|Y|000000000000|Y|1|00000485|0|        |I-485 N of Harris Blvd                            
S|37|R06009|5|2|23|1U|5|T|5|3|N|0|0| |13|N|0|0| |2|W|N|P|010000085060|  8288|35258989| 80883235|    |      |23|00|119|Y|000000000000|Y|1|00000085|0|        |I-85 N of Glenwood Dr                             
