record_type|state_code|station_id|travel_dir|travel_lane|year_record|f_system|num_lanes|sample_type_volume|num_lanes_volume|method_volume|sample_type_class|num_lanes_class|method_class|algorithm_volume|num_classes|sample_type_truck|num_lanes_truck|method_truck|calibration|data_retrieval|type_sensor_1|type_sensor_2|primary_purpose|lrs_id|lrs_point|latitude|longitude|shrp_id|prev_station_id|year_established|year_discontinued|county_code|is_sample|sample_id|nhs|posted_route_signing|posted_signed_route|con_route_signing|con_signed_route|station_location
S|05|010009|5|1|22|3R|1|T|1|3|H|1|3|G|15|B|1|5|M|2|P|L|R|000000105000| 20161|34369080| 91151660|3048|      |99|00|001|Y|001005008170|Y|3|00000001|0|        |SH 001 Sec 050 LM 012.50 0.5 mi. East of S.H. 17  
S|05|080004|5|1|22|5R|1|T|1|3|H|1|3|G|15|T|1|5|M|2|P|L|L|000002105000| 25267|36329490| 93565106|    |      |87|00|015|N|            |N|3|00000021|0|        |SH 021 Sec 050 LM 016.02 South of U.S. 62         
S|05|230001|5|1|22|3R|2|T|2|3|H|2|3|G|15|T|2|5|M|2|P|L|L|000006509000| 10645|35282470| 92387190|    |      |00|00|045|Y|065009000390|Y|2|00000065|0|        |US 065 Sec 090 LM 006.60 North of S.H. 25 East    
S|05|230001|5|2|22|3R|2|T|2|3|H|2|3|G|15|T|2|5|M|2|P|L|L|000006509000| 10645|35282470| 92387190|    |      |00|00|045|Y|065009000390|Y|2|00000065|0|        |US 065 Sec 090 LM 006.60 North of S.H. 25 East    
S|05|290002|7|1|22|4R|1|N|1|3|N|1|3|G|15|N|1|1|U|1|R|P|L|000027805000| 11748|33852371| 93762466|    |      |83|00|057|N|            |N|2|00000278|0|        | US 278 Sec 050 LM 007.30 East                    
S|05|360009|3|1|22|1R|2|T|1|3|H|2|3|G|15|B|2|5|T|2|R|P|P|000004021000| 96741|35441230| 93421250|    |      |86|00|115|N|		  N1000000|Y|0|00000000|0|IN040 Se|c 210 LM 063.19 West of U.S. 64                   
S|05|170064|1|1|22|1R|2|T|2|3|H|2|3|G|15|T|2|5|M|2|P|L|L|000054003000| 36129|35521158| 94235062|    |      |95|00|033|Y|540020001070|Y|1|00000540|0|        |IN 540 Sec 030 LM 022.40 at Newberry  Rd OP       
S|05|420010|3|1|22|4R|1|T|1|3|H|1|3|G|15|T|1|5|M|2|P|L|R|000000000000| 22531|35294861| 93670624|    |      |01|00|083|N|            |N|3|00000022|0|        |SH 022 Sec 030 LM 014.00 East of Logan C.R. 71    
S|05|180210|1|1|22|1U|2|T|2|3|H|2|3|M|13|T|2|5|T|2|P|L|P|18x00055x110|   133|35136030| 90089120|0000|000000|09|00|035|N|180551100000|Y|1|00000055|0|        |I-55 Sec 110 LM 35.136 West Memphis**             
S|05|460286|5|1|22|1U|2|T|2|3|H|2|3|G|15|T|2|5|M|2|P|L|P|000024501000|  3225|33253884| 94002520|    |      |98|00|091|N|            |N|3|00000245|0|        | SH 245 Sec 010 LM 002.20 bet S.H. 196 U.S.82     
S|05|220024|1|1|22|4R|1|T|1|3|N|1|3|G|15|N|1|1|U|2|L|R|P|000003508000|  9355|33588526| 91677909|    |      |87|00|043|Y|035080001280|Y|3|00000035|0|        |SH 035 Sec 080 LM 005.80 Southeast of U.S. 278    
S|05|481524|7|1|22|1R|2|N|1|3|H|2|3|G|15|N|1|1|U|1|R|P|P|000004043000|346290|34905370| 91226090|    |      |86|00|095|N|            |N|1|00000040|0|        |IN 040 Sec 430 LM 214.70 1.0 mi West of U.S.49    
S|05|350019|5|2|22|1R|2|T|2|3|H|2|3|G|15|B|2|5|M|2|P|L|R|000053005000|      |34330170| 92159500|A600|      |96|00|069|Y|065014006620|Y|1|00000530|0|        |IN 530 Sec 050 LM 026.70 at Gr                    
S|05|181501|1|2|22|1R|2|T|2|3|H|2|3|G|15|T|2|5|M|2|P|L|L|000005511000| 43225|35414270| 90237170|    |      |95|00|035|Y|055110023820|Y|1|00000055|0|        |IN 055 Sec 110 LM 026.00 at Miss. County Line     
S|05|620176|1|1|22|4U|1|T|1|3|H|1|3|G|15|T|1|5|M|2|P|L|P|000001830100| 29453|34579440| 92495000|    |      |10|00|125|N|            |N|3|00000183|0|        |SH 183 Sec. 1 LM 4.18                             
S|05|360009|7|2|22|1R|2|T|1|3|H|2|3|G|15|B|2|5|T|2|R|P|P|000004021000| 96741|35441230| 93421250|    |      |86|00|115|N|		  N1000000|Y|0|00000000|0|IN040 Se|c 210 LM 063.19 West of U.S. 64                   
S|05|300052|3|1|22|3U|1|T|1|3|N|1|3|G|15|N|1|1|U|1|R|P|L|000027008000|      |34375670| 92768200|    |      |06|00|059|N|            |N|2|00000270|0|        |US 270 Sec 080 LM 003.60 S. of                    
S|05|600870|7|2|22|2U|3|T|3|3|H|3|3|G|15|T|3|5|M|2|P|L|P|000044002000| 17742|34817101| 92153976|    |      |03|00|119|Y|440020010550|Y|3|00000440|0|        |"SH 440 Sec 020 LM 002.00 South S.H.161Rixey"     
S|05|460006|3|2|22|1R|2|T|2|3|H|2|3|G|15|B|2|5|M|2|P|L|L|000003011000| 12903|33525940| 93927260|9100|      |94|00|091|Y|030011006990|Y|1|00000030|0|        |IN 030 Sec 110 LM 008.00 Miller C.R.63 Overpass   
S|05|170049|3|2|22|1R|2|T|2|3|H|2|3|G|15|T|2|5|M|2|P|L|L|000004011000|   242|35452139| 94440276|    |172172|95|00|033|Y|040110000050|Y|1|00000040|0|        |IN 040 Sec 110 LM 000.15 Oklahoma State Line Dora 
S|05|050026|1|2|22|3R|2|T|2|3|H|2|3|G|15|T|2|5|M|2|P|P|L|000006501000|   690|36489000| 93221000|    |      |86|00|009|N|            |N|2|00000065|0|        | US 065 bet SH 14 & State Line                    
S|05|040432|5|2|22|1U|2|T|2|3|H|2|3|G|15|T|2|5|M|2|P|L|L|000054005000|133870|36341789| 94181366|    |      |95|07|007|Y|540050084510|Y|1|00000540|0|        |IN 540 Sec 050 LM 083.00 Olive St Overpass Rogers 
S|05|160460|1|2|22|2R|2|N|2|3|H|2|3|M|15|T|2|5|T|2|P|L|P|16x00067x160|113748|35883108| 91000364|0000|000000|16|00|031|N|000000000000|Y|1|00000067|0|        |300 ft South of Lawerance Co. line, U             
S|05|080004|1|1|22|5R|1|T|1|3|H|1|3|G|15|T|1|5|M|2|P|L|L|000002105000| 25267|36329490| 93565106|    |      |87|00|015|N|            |N|3|00000021|0|        |SH 021 Sec 050 LM 016.02 South of U.S. 62         
S|05|040432|5|1|22|1U|2|T|2|3|H|2|3|G|15|T|2|5|M|2|P|L|L|000054005000|133870|36341789| 94181366|    |      |95|07|007|Y|540050084510|Y|1|00000540|0|        |IN 540 Sec 050 LM 083.00 Olive St Overpass Rogers 
S|05|040432|1|2|22|1U|2|T|2|3|H|2|3|G|15|T|2|5|M|2|P|L|L|000054005000|133870|36341789| 94181366|    |      |95|07|007|Y|540050084510|Y|1|00000540|0|        |IN 540 Sec 050 LM 083.00 Olive St Overpass Rogers 
S|05|010009|1|1|22|3R|1|T|1|3|H|1|3|G|15|B|1|5|M|2|P|L|R|000000105000| 20161|34369080| 91151660|3048|      |99|00|001|Y|001005008170|Y|3|00000001|0|        |SH 001 Sec 050 LM 012.50 0.5 mi. East of S.H. 17  
S|05|040432|1|1|22|1U|2|T|2|3|H|2|3|G|15|T|2|5|M|2|P|L|L|000054005000|133870|36341789| 94181366|    |      |95|07|007|Y|540050084510|Y|1|00000540|0|        |IN 540 Sec 050 LM 083.00 Olive St Overpass Rogers 
S|05|160095|1|1|22|3R|1|T|1|3|H|1|3|G|15|N|2|1|M|2|P|L|P|000001804000| 40780|35890280| 90337250|    |      |14|00|031|N|            |Y|3|00000018|0|        |SH 018 Sec.040 LM 25.34 Monette						             
S|05|160095|5|1|22|3R|1|T|1|3|H|1|3|G|15|N|2|1|M|2|P|L|P|000001804000| 40780|35890280| 90337250|    |      |14|00|031|N|            |Y|3|00000018|0|        |SH 018 Sec.040 LM 25.34 Monette						             
S|05|071813|5|1|22|3R|2|T|2|3|H|2|3|G|15|T|2|5|M|2|P|L|L|000007905000| 13197|33795994| 92461227|    |      |95|01|013|Y|000792000001|Y|2|00000079|0|        |US 079 Sec 050 LM 008.20 North of U.S. 169        
S|05|230001|1|2|22|3R|2|T|2|3|H|2|3|G|15|T|2|5|M|2|P|L|L|000006509000| 10645|35282470| 92387190|    |      |00|00|045|Y|065009000390|Y|2|00000065|0|        |US 065 Sec 090 LM 006.60 North of S.H. 25 East    
S|05|160058|1|2|22|2U|2|T|2|3|H|2|3|G|15|B|2|5|M|2|P|L|R|000006306000| 16129|35847632| 90765843|4046|      |90|00|031|Y|063060011310|Y|2|00000063|0|        |US 063 Sec 060 LM 010.00 South of S.H.91Jonesboro 
S|05|050026|5|1|22|3R|2|T|2|3|H|2|3|G|15|T|2|5|M|2|P|P|L|000006501000|   690|36489000| 93221000|    |      |86|00|009|N|            |N|2|00000065|0|        | US 065 bet SH 14 & State Line                    
S|05|050026|1|1|22|3R|2|T|2|3|H|2|3|G|15|T|2|5|M|2|P|P|L|000006501000|   690|36489000| 93221000|    |      |86|00|009|N|            |N|2|00000065|0|        | US 065 bet SH 14 & State Line                    
S|05|181501|1|1|22|1R|2|T|2|3|H|2|3|G|15|T|2|5|M|2|P|L|L|000005511000| 43225|35414270| 90237170|    |      |95|00|035|Y|055110023820|Y|1|00000055|0|        |IN 055 Sec 110 LM 026.00 at Miss. County Line     
S|05|400062|5|1|22|3R|2|T|2|3|N|2|3|G|15|N|2|1|U|2|L|R|P|000006516000| 14016|34003660| 91577380|    |      |79|00|079|Y|065016000250|Y|2|00000065|0|        | US 065 Sec 160 LM 008.69 1.5mi                   
S|05|170049|7|1|22|1R|2|T|2|3|H|2|3|G|15|T|2|5|M|2|P|L|L|000004011000|   242|35452139| 94440276|    |172172|95|00|033|Y|040110000050|Y|1|00000040|0|        |IN 040 Sec 110 LM 000.15 Oklahoma State Line Dora 
S|05|160460|5|2|22|2R|2|N|2|3|H|2|3|M|15|T|2|5|T|2|P|L|P|16x00067x160|113748|35883108| 91000364|0000|000000|16|00|031|N|000000000000|Y|1|00000067|0|        |300 ft South of Lawerance Co. line, U             
S|05|160460|1|1|22|2R|2|N|2|3|H|2|3|M|15|T|2|5|T|2|P|L|P|16x00067x160|113748|35883108| 91000364|0000|000000|16|00|031|N|000000000000|Y|1|00000067|0|        |300 ft South of Lawerance Co. line, U             
S|05|170064|5|1|22|1R|2|T|2|3|H|2|3|G|15|T|2|5|M|2|P|L|L|000054003000| 36129|35521158| 94235062|    |      |95|00|033|Y|540020001070|Y|1|00000540|0|        |IN 540 Sec 030 LM 022.40 at Newberry  Rd OP       
S|05|071813|1|1|22|3R|2|T|2|3|H|2|3|G|15|T|2|5|M|2|P|L|L|000007905000| 13197|33795994| 92461227|    |      |95|01|013|Y|000792000001|Y|2|00000079|0|        |US 079 Sec 050 LM 008.20 North of U.S. 167        
S|05|460006|7|2|22|1R|2|T|2|3|H|2|3|G|15|B|2|5|M|2|P|L|L|000003011000| 12903|33525940| 93927260|9110|      |94|00|091|Y|030011006990|Y|1|00000030|0|        |IN 030 Sec 110 LM 008.00 Miller C.R.63 Overpass   
S|05|600870|7|1|22|2U|3|T|3|3|H|3|3|G|15|T|3|5|M|2|P|L|P|000044002000| 17742|34817101| 92153976|    |      |03|00|119|Y|440020010550|Y|3|00000440|0|        |"SH 440 Sec 020 LM 002.00 South S.H.161Rixey"     
S|05|171651|5|1|22|4R|1|T|1|3|H|1|3|G|15|T|1|5|M|2|P|L|L|000005905000| 16093|35656440| 94398276|    |      |00|00|033|N|            |N|3|00000059|0|        |SH 059 Sec 050 LM 010.00 North of Natural Dam     
S|05|260059|3|2|22|2U|2|T|2|3|H|1|3|G|15|B|2|5|T|2|P|P|P|000007009000|      |34490627| 92978365|    |      |05|00|051|N|            |N|2|00000070|0|00000000|US070 Sec 090 LM 0.00 2.95                        
S|05|071813|1|2|22|3R|2|T|2|3|H|2|3|G|15|T|2|5|M|2|P|L|L|000007905000| 13197|33795994| 92461227|    |      |95|01|013|Y|000792000001|Y|2|00000079|0|        |US 079 Sec 050 LM 008.20 North of U.S. 168        
S|05|170064|5|2|22|1R|2|T|2|3|H|2|3|G|15|T|2|5|M|2|P|L|L|000054003000| 36129|35521158| 94235062|    |      |95|00|033|Y|540020001070|Y|1|00000540|0|        |IN 540 Sec 030 LM 022.40 at Newberry  Rd OP       
S|05|071813|5|2|22|3R|2|T|2|3|H|2|3|G|15|T|2|5|M|2|P|L|L|000007905000| 13197|33795994| 92461227|    |      |95|01|013|Y|000792000001|Y|2|00000079|0|        |US 079 Sec 050 LM 008.20 North of U.S. 170        
S|05|460011|5|1|22|1R|2|T|2|3|H|2|3|G|15|L|2|5|M|2|P|L|L|000054901000|  1609|33293510| 93922050|    |      |05|00|091|N|            |N|3|00000549|0|        |SH 549 Sec 010 LM 33.92 1 Mile N of CR 4          
S|05|170049|3|1|22|1R|2|T|2|3|H|2|3|G|15|T|2|5|M|2|P|L|L|000004011000|   242|35452139| 94440276|    |172172|95|00|033|Y|040110000050|Y|1|00000040|0|        |IN 040 Sec 110 LM 000.15 Oklahoma State Line Dora 
S|05|300052|7|1|22|3U|1|T|1|3|N|1|3|G|15|N|1|1|U|1|R|P|L|000027008000|      |34375670| 92768200|    |      |06|00|059|N|            |N|2|00000270|0|        |US 270 Sec 080 LM 003.60 S. of                    
S|05|170049|7|2|22|1R|2|T|2|3|H|2|3|G|15|T|2|5|M|2|P|L|L|000004011000|   242|35452439| 94440276|    |172172|95|00|033|Y|040110000050|Y|1|00000040|0|        |IN 040 Sec 110 LM 000.15 Oklahoma State Line Dora 
S|05|740035|7|1|22|4R|1|T|1|3|H|1|3|G|15|T|1|5|M|2|P|L|P|000006413000|  8870|35277412| 91260162|    |      |02|00|147|Y|064130000770|Y|2|00000064|0|        |US 064 Sec 130 LM 005.50 West if S.H. 17          
S|05|301769|7|1|22|1R|2|T|2|3|N|2|3|G|15|N|2|1|U|1|R|P|P|000003021000|132080|34437328| 92781487|    |      |06|00|059|N|            |N|1|00000030|0|        |IN 030 Sec 210 LM 101.83 CR 74                    
S|05|050026|5|2|22|3R|2|T|2|3|H|2|3|G|15|T|2|5|M|2|P|P|L|000006501000|   690|36489000| 93221000|    |      |86|00|009|N|            |N|2|00000065|0|        | US 065 bet SH 14 & State Line                    
S|05|260059|7|2|22|2U|2|T|2|3|H|1|3|G|15|B|2|5|T|2|P|P|P|000007009000|      |34490627| 92978365|    |      |05|00|051|N|            |N|2|00000070|0|00000000|US070 Sec 090 LM 0.00 2.95                        
S|05|160058|5|2|22|2U|2|T|2|3|H|2|3|G|15|B|2|5|M|2|P|L|R|000006306000| 16129|35847632| 90765843|4046|      |90|00|031|Y|063060011310|Y|2|00000063|0|        |US 063 Sec 060 LM 010.00 South of S.H.91Jonesboro 
S|05|230001|1|1|22|3R|2|T|2|3|H|2|3|G|15|T|2|5|M|2|P|L|L|000006509000| 10645|35282470| 92387190|    |      |00|00|045|Y|065009000390|Y|2|00000065|0|        |US 065 Sec 090 LM 006.60 North of S.H. 25 East    
S|05|171651|1|1|22|4R|1|T|1|3|H|1|3|G|15|T|1|5|M|2|P|L|L|000005905000| 16093|35656440| 94398276|    |      |00|00|033|N|            |N|3|00000059|0|        | SH 059 Sec 050 LM 010.00 North of Natural Dam    
S|05|180210|5|1|22|1U|2|T|2|3|H|2|3|M|13|T|2|5|T|2|P|L|P|18x00055x110|   133|35136030| 90089120|0000|000000|09|00|035|N|180551100000|Y|1|00000055|0|        |I-55 Sec 110 LM 35.136 West Memphis**             
S|05|430037|7|1|22|1R|2|T|2|3|N|2|3|G|15|N|2|1|U|1|P|L|R|000004041000|291451|34481300| 91512300|    |      |86|00|085|Y|040410178420|Y|1|00000040|0|        |IN 040 Sec 410 LM 180.00 Ricke                    
S|05|160058|1|1|22|2U|2|T|2|3|H|2|3|G|15|B|2|5|M|2|P|L|R|000006306000| 16129|35847632| 90765843|4046|      |90|00|031|Y|063060011310|Y|2|00000063|0|        |US 063 Sec 060 LM 010.00 South of S.H.91Jonesboro 
S|05|270012|3|1|22|5R|1|T|1|3|N|1|3|G|15|N|1|1|U|2|L|R|P|000004602000| 28742|34292180| 92424270|    |      |83|00|053|N|            |N|3|00000046|0|        | SH 046 Sec 020 LM 017.82 3.30                    
S|05|650284|1|2|22|1U|2|T|2|3|H|2|3|G|15|T|2|5|M|2|P|L|L|000054001000| 11290|35369630| 94364470|    |      |91|00|131|Y|540012003530|Y|1|00000540|0|        |"IN 540 Sec 010 LM 007.00 East S.H.22Ft Smith"    
S|05|160460|5|1|22|2R|2|N|2|3|H|2|3|M|15|T|2|5|T|2|P|L|P|16x00067x160|113748|35883108| 91000364|0000|000000|16|00|031|N|000000000000|Y|1|00000067|0|        |300 ft South of Lawerance Co. line, U             
S|05|370001|1|1|22|4R|1|T|1|3|H|1|3|G|15|T|1|5|M|2|P|L|L|000002901000|  6451|33085928| 93657410|    |      |95|00|073|Y|029001000000|Y|3|00000029|0|        |SH 029 Sec 010 LM 004.00 Northof Louisiana State  
S|05|430037|3|1|22|1R|2|T|2|3|N|2|3|G|15|N|2|1|U|1|P|L|R|000004041000|291451|34481300| 91512300|    |      |86|00|085|Y|040410178420|Y|1|00000040|0|        |IN 040 Sec 410 LM 180.00 Ricke                    
S|05|160058|5|1|22|2U|2|T|2|3|H|2|3|G|15|B|2|5|M|2|P|L|R|000006306000| 16129|35847632| 90765843|4046|      |90|00|031|Y|063060011310|Y|2|00000063|0|        |US 063 Sec 060 LM 010.00 South of S.H.91Jonesboro 
S|05|181501|5|1|22|1R|2|T|2|3|H|2|3|G|15|T|2|5|M|2|P|L|L|000005511000| 43225|35414270| 90237170|    |      |95|00|035|Y|055110023820|Y|1|00000055|0|        |IN 055 Sec 110 LM 026.00 at Miss. County Line     
S|05|170064|1|2|22|1R|2|T|2|3|H|2|3|G|15|T|2|5|M|2|P|L|L|000054003000| 36129|35521158| 94235062|    |      |95|00|033|Y|540020001070|Y|1|00000540|0|        |IN 540 Sec 030 LM 022.40 at Newberry  Rd OP       
S|05|301769|3|2|22|1R|2|T|2|3|N|2|3|G|15|N|2|1|U|1|R|P|P|000003021000|132080|34437328| 92781487|    |      |06|00|059|N|            |N|1|00000030|0|        |IN 030 Sec 210 LM 101.83 CR 74                    
S|05|460286|5|2|22|1U|2|T|2|3|H|2|3|G|15|T|2|5|M|2|P|L|P|000024501000|  3225|33253884| 94002520|    |      |98|00|091|N|            |N|3|00000245|0|        | SH 245 Sec 010 LM 002.20 bet S.H. 196 U.S.82     
S|05|260059|7|1|22|2U|2|T|2|3|H|1|3|G|15|B|2|5|T|2|P|P|P|000007009000|      |34490627| 92978365|    |      |05|00|051|N|            |N|2|00000070|0|00000000|US070 Sec 090 LM 0.00 2.95                        
S|05|460011|1|1|22|1R|2|T|2|3|H|2|3|G|15|L|2|5|M|2|P|L|L|000054901000|  1609|33293510| 93922050|    |      |05|00|091|N|            |N|3|00000549|0|        |SH 549 Sec 010 LM 33.92 1 Mile N of CR 4          
S|05|480037|7|1|22|5R|1|T|1|3|H|1|3|G|15|T|1|5|M|2|P|L|L|000000000000| 14290|34861757| 91212737|    |      |98|00|095|Y|070017007290|Y|2|00000070|0|        |US 070 Sec 170 LM 008.86 at Burnt Creek Bridge    
S|05|430038|1|1|22|2U|2|T|2|3|H|2|3|G|15|B|2|5|M|2|P|L|R|000006711000|  2065|34965240| 92046980|4021|      |95|00|085|Y|067011000710|Y|2|00000067|0|        |US 067 Sec 110 LM 001.28 South of S.H. 89         
S|05|220024|5|1|22|4R|1|T|1|3|N|1|3|G|15|N|1|1|U|2|L|R|P|000003508000|  9355|33588526| 91677909|    |      |87|00|043|Y|035080001280|Y|3|00000035|0|        |SH 035 Sec 080 LM 005.80 Southeast of U.S. 278    
S|05|641932|5|1|22|3R|1|T|1|3|H|1|3|G|15|T|1|5|M|2|P|L|L|000006504000|  8709|36059340| 92869152|    |      |96|00|129|Y|065040000000|Y|2|00000065|0|        |US 065 Sec 040 LM 005.40 North of S.H.235         
S|05|360009|3|2|22|1R|2|T|1|3|H|2|3|G|15|B|2|5|T|2|R|P|P|000004021000| 96741|35441230| 93421250|    |      |86|00|115|N|		  N1000000|Y|0|00000000|0|IN040 Se|c 210 LM 063.19 West of U.S. 64                   
S|05|260059|3|1|22|2U|2|T|2|3|H|1|3|G|15|B|2|5|T|2|P|P|P|000007009000|      |34490627| 92978365|    |      |05|00|051|N|            |N|2|00000070|0|00000000|US070 Sec 090 LM 0.00 2.95                        
S|05|400062|1|1|22|3R|2|T|2|3|N|2|3|G|15|N|2|1|U|2|L|R|P|000006516000| 14016|34003660| 91577380|    |      |79|00|079|Y|065016000250|Y|2|00000065|0|        | US 065 Sec 160 LM 008.69 1.5mi                   
S|05|480086|5|1|22|3R|1|T|1|3|H|1|3|G|15|N|2|1|M|2|P|L|P|     7913000|      |34670883| 91354767|    |      |15|00|000|N|            |N|3|      79|0|        |SH 79 Sec. 14  LM 6.19 Clarendon							           
S|05|290002|3|1|22|4R|1|N|1|3|N|1|3|G|15|N|1|1|U|1|R|P|L|000027805000| 11748|33852371| 93762466|    |      |83|00|057|N|            |N|2|00000278|0|        | US 278 Sec 050 LM 007.30 East                    
S|05|730068|1|1|22|2R|2|T|2|3|H|2|3|M|13|T|2|5|T|2|P|L|P|000000000000|      |35332471| 91542000|3011|     0|99|00|145|N| 7.30671E+11|N|2|     067|0|        |US 067 Sec 130 LM 010.40 at S.H. 258  Overpass    
S|05|380020|5|1|22|3R|1|T|1|3|H|1|3|G|15|T|1|5|M|2|P|L|P|000006303000| 10143|36009670| 91009190|    |      |11|00|075|N|            |N|3|00000063|0|        |SH 63 Sec 3 LM 15.71 to 19.52 South of Black Rock 
S|05|301769|7|2|22|1R|2|T|2|3|N|2|3|G|15|N|2|1|U|1|R|P|P|000003021000|132080|34437328| 92781487|    |      |06|00|059|N|            |N|1|00000030|0|        |IN 030 Sec 210 LM 101.83 CR 74                    
S|05|430037|3|2|22|1R|2|T|2|3|N|2|3|G|15|N|2|1|U|1|P|L|R|000004041000|291451|34481300| 91512300|    |      |86|00|085|Y|040410178420|Y|1|00000040|0|        |IN 040 Sec 410 LM 180.00 Ricke                    
S|05|600870|3|2|22|2U|3|T|3|3|H|3|3|G|15|T|3|5|M|2|P|L|P|000044002000| 17742|34817101| 92153976|    |      |03|00|119|Y|440020010550|Y|3|00000440|0|        |"SH 440 Sec 020 LM 002.00 South S.H.161Rixey"     
S|05|350019|1|1|22|1R|2|T|2|3|H|2|3|G|15|B|2|5|M|2|P|L|R|000053005000|      |34330170| 92159500|A600|      |96|00|069|Y|065014006620|Y|1|00000530|0|        |IN 530 Sec 050 LM 026.70 at Gr                    
S|05|730222|5|1|22|5U|1|T|1|3|H|1|3|M|13|T|1|5|T|2|P|L|P|73x00367x160|242039|35238620| 91691840|0000|000000|10|00|145|N|730367160024|N|3|00000367|0|        |S.H.367 Sec. 160 L.M. 3.03***********             
S|05|460006|7|1|22|1R|2|T|2|3|H|2|3|G|15|B|2|5|M|2|P|L|L|000003011000| 12903|33525940| 93927260|9110|      |94|00|091|Y|030011006990|Y|1|00000030|0|        |IN 030 Sec 110 LM 008.00 Miller C.R.63 Overpass   
S|05|350019|5|1|22|1R|2|T|2|3|H|2|3|G|15|B|2|5|M|2|P|L|R|000053005000|      |34330170| 92159500|A600|      |96|00|069|Y|065014006620|Y|1|00000530|0|        |IN 530 Sec 050 LM 026.70 at Gr                    
S|05|460286|1|2|22|1U|2|T|2|3|H|2|3|G|15|T|2|5|M|2|P|L|P|000024501000|  3225|33253884| 94002520|    |      |98|00|091|N|            |N|3|00000245|0|        | SH 245 Sec 010 LM 002.20 bet S.H. 196 U.S.82     
S|05|680025|7|1|22|1R|2|T|2|3|H|2|3|G|15|B|2|5|M|2|P|L|R|000004051000|385000|35023194| 90822080|3074|      |91|00|123|Y|040051233420|Y|1|00000040|0|        |IN 040 Sec 510 LM 238.70 1 mi. West of S.H.1      
S|05|350314|5|1|22|1U|2|T|2|3|H|2|3|G|15|T|2|5|M|2|P|L|L|000053005000| 59545|34221830| 92074330|    |      |00|00|069|Y|530050036040|Y|1|00000530|0|        |IN 530 Sec 050 LM 037.00 North of S.H. 190        
S|05|750006|1|1|22|3R|1|T|1|3|H|1|3|G|15|T|1|5|M|2|P|L|L|000000713000| 29354|35178669| 93156412|    |      |00|00|149|Y|007013006900|Y|3|00000007|0|        |SH 007 Sec 130 LM 011.66 South of S.H. 155        
S|05|481524|3|1|22|1R|2|N|1|3|N|2|3|G|15|N|1|1|U|1|R|P|P|000004043000|346290|34905370| 91226090|    |      |86|00|095|N|            |N|1|00000040|0|        |IN 040 Sec 430 LM 214.70 1.0 mi West of U.S.49    
S|05|420010|7|1|22|4R|1|T|1|3|H|1|3|G|15|T|1|5|M|2|P|L|R|000000000000| 22531|35294861| 93670624|    |      |01|00|083|N|            |N|3|00000022|0|        |SH 022 Sec 030 LM 014.00 East of Logan C.R. 71    
S|05|600345|1|2|22|1U|3|T|3|3|H|3|3|G|15|B|3|5|M|2|P|L|P|000043021000|  4250|34722431| 92401337|5805|      |86|00|119|Y|430210003570|Y|1|00000430|0|        |IN 430 Sec 210 LM 004.25 N. of Colonel Glenn Rd.  
S|05|750010|3|1|22|4R|1|T|1|3|H|1|3|G|15|T|1|5|M|2|P|L|L|000001003000| 11587|35114029| 93593178|    |      |02|00|149|N|            |N|3|00000010|0|        |SH 010 Sec 030 LM 007.20 East of C.R. 537         
S|05|360009|7|1|22|1R|2|T|1|3|H|2|3|G|15|B|2|5|T|2|R|P|P|000004021000| 96741|35441230| 93421250|    |      |86|00|115|N|		  N1000000|Y|0|00000000|0|IN040 Se|c 210 LM 063.19 West of U.S. 64                   
S|05|460011|1|2|22|1R|2|T|2|3|H|2|3|G|15|L|2|5|M|2|P|L|L|000054901000|  1609|33293510| 93922050|    |      |05|00|091|N|            |N|3|00000549|0|        |SH 549 Sec 010 LM 33.92 1 Mile N of CR 4          
S|05|680025|7|2|22|1R|2|T|2|3|H|2|3|G|15|B|2|5|M|2|P|L|R|000004051000|385000|35023194| 90822080|3074|      |91|00|123|Y|040051233420|Y|1|00000040|0|        |IN 040 Sec 510 LM 238.70 1 mi. West of S.H.1      
S|05|480086|5|2|22|3R|1|T|1|3|H|1|3|M|15|T|1|5|T|2|P|L|P|000000000000|      |34670883| 91354767|   0|     0|15|00|000|N|            |N|2|      79|0|        |S.H.79 Sec 130 West of White River Br             
S|05|430038|5|2|22|2U|2|T|2|3|H|2|3|G|15|B|2|5|M|2|P|L|R|000006711000|  2065|34965240| 92046980|4021|      |95|00|085|Y|067011000710|Y|2|00000067|0|        |US 067 Sec 110 LM 001.28 South of S.H. 89         
S|05|600345|5|1|22|1U|3|T|3|3|H|3|3|G|15|B|3|5|M|2|P|L|P|000043021000|  4250|34722431| 92401337|5805|      |86|00|119|Y|430210003570|Y|1|00000430|0|        |IN 430 Sec 210 LM 004.25 N. of Colonel Glenn Rd.  
S|05|180210|1|2|22|1U|2|T|2|3|H|2|3|M|13|T|2|5|T|2|P|L|P|18x00055x110|   133|35136030| 90089120|0000|000000|09|00|035|N|180551100000|Y|1|00000055|0|        |I-55 Sec 110 LM 35.136 West Memphis**             
S|05|301769|3|1|22|1R|2|T|2|3|N|2|3|G|15|N|2|1|U|1|R|P|P|000003021000|132080|34437328| 92781487|    |      |06|00|059|N|            |N|1|00000030|0|        |IN 030 Sec 210 LM 101.83 CR 74                    
S|05|600870|3|1|22|2U|3|T|3|3|H|3|3|G|15|T|3|5|M|2|P|L|P|000044002000| 17742|34817101| 92153976|    |      |03|00|119|Y|440020010550|Y|3|00000440|0|        |"SH 440 Sec 020 LM 002.00 South S.H.161Rixey"     
S|05|370001|5|1|22|4R|1|T|1|3|H|1|3|G|15|T|1|5|M|2|P|L|L|000002901000|  6451|33085928| 93657410|    |      |95|00|073|Y|029001000000|Y|3|00000029|0|        |SH 029 Sec 010 LM 004.00 Northof Louisiana State  
S|05|600613|1|1|22|2U|2|T|2|3|N|2|3|G|15|N|0|1|U|1|L|R|P|000006710000| 12596|34851450| 92141890|    |      |87|00|119|Y|067010006110|Y|2|00000067|0|        |US 067 Sec 100 LM 007.81 South of Redmond Road    
S|05|180210|5|2|22|1U|2|T|2|3|H|2|3|M|13|T|2|5|T|2|P|L|P|18x00055x110|   133|35136030| 90089120|0000|000000|09|00|035|N|180551100000|Y|1|00000055|0|        |I-55 Sec 110 LM 35.136 West Memphis**             
S|05|350314|1|1|22|1U|2|T|2|3|H|2|3|G|15|T|2|5|M|2|P|L|L|000053005000| 59545|34221830| 92074330|    |      |00|00|069|Y|530050036040|Y|1|00000530|0|        |IN 530 Sec 050 LM 037.00 North of S.H. 190        
S|05|680032|7|1|22|5R|1|T|1|3|H|1|3|G|15|T|1|5|M|2|P|L|L|000005001000|  1609|35018239| 90709905|    |      |83|00|123|N|            |N|3|00000050|0|        |SH 050 Sec 010 LM 001.01 0.40 mi.West of S.H.38   
S|05|600613|5|2|22|2U|2|T|2|3|N|2|3|G|15|N|0|1|U|1|L|R|P|000006710000| 12596|34851450| 92141890|    |      |87|00|119|Y|067010006110|Y|2|00000067|0|        |US 067 Sec 100 LM 007.81 South of Redmond Road    
S|05|480037|3|1|22|5R|1|T|1|3|H|1|3|G|15|T|1|5|M|2|P|L|L|000000000000| 14290|34861757| 91212737|    |      |98|00|095|Y|070017007290|Y|2|00000070|0|        |US 070 Sec 170 LM 008.86 at Burnt Creek Bridge    
S|05|560093|1|1|22|3R|2|T|2|3|H|2|3|M|15|T|2|5|U|2|P|L|P|56x00063x080|724127|35356717| 90497000|    |      |15|00|111|Y|560063090075|Y|0|30000006|3|        | US 63 L.M. 7.24 ending L.M. 12.78                
S|05|560093|1|2|22|3R|2|T|2|3|H|2|3|M|15|T|2|5|U|2|P|L|P|56x00063x080|724127|35356717| 90497000|    |      |15|00|111|Y|560063090075|Y|0|30000006|3|        | US 63 L.M. 7.24 ending L.M. 12.78                
S|05|680032|3|1|22|5R|1|T|1|3|H|1|3|G|15|T|1|5|M|2|P|L|L|000005001000|  1609|35018239| 90709905|    |      |83|00|123|N|            |N|3|00000050|0|        |SH 050 Sec 010 LM 001.01 0.40 mi.West of S.H.38   
S|05|630009|1|1|22|3R|1|T|1|3|N|1|3|G|15|N|1|5|M|2|P|L|P|000007110000| 16496|34748240| 94075706|    |      |09|00|127|N|            |N|2|00000071|0|        |US 071 Sec 100 LM 010.25 2 miles N.of U.S.270     
S|05|481524|3|2|22|1R|2|N|1|3|N|2|3|G|15|N|1|1|U|1|R|P|P|000004043000|346290|34905370| 91226090|    |      |86|00|095|N|            |N|1|00000040|0|        |IN 040 Sec 430 LM 214.70 1.0 mi West of U.S.49    
S|05|560093|5|2|22|3R|2|T|2|3|H|2|3|M|15|T|2|5|U|2|P|L|P|56x00063x080|724127|35356717| 90497000|    |      |15|00|111|Y|560063090075|Y|0|30000006|3|        | US 63 L.M. 7.24 ending L.M. 12.78                
S|05|600613|5|1|22|2U|2|T|2|3|N|2|3|G|15|N|0|1|U|1|L|R|P|000006710000| 12596|34851450| 92141890|    |      |87|00|119|Y|067010006110|Y|2|00000067|0|        |US 067 Sec 100 LM 007.81 South of Redmond Road    
S|05|730068|5|1|22|2R|2|T|2|3|H|2|3|M|13|T|2|5|T|2|P|L|P|000000000000|      |35332471| 91542000|3011|     0|99|00|145|N| 7.30671E+11|N|2|      67|0|        |US 067 Sec 130 LM 010.40 at S.H. 258  Overpass    
S|05|641932|1|1|22|3R|1|T|1|3|H|1|3|G|15|T|1|5|M|2|P|L|L|000006504000|  8709|36059340| 92869152|    |      |96|00|129|Y|065040000000|Y|2|00000065|0|        |US 065 Sec 040 LM 005.40 North of S.H.235         
S|05|730068|5|2|22|2R|2|T|2|3|H|2|3|M|13|T|2|5|T|2|P|L|P|000000000000|      |35332471| 91542000|3011|     0|99|00|145|N| 7.30671E+11|N|2|      67|0|        |US 067 Sec 130 LM 010.40 at S.H. 258  Overpass    
S|05|600345|5|2|22|1U|3|T|3|3|H|3|3|G|15|B|3|5|M|2|P|L|P|000043021000|  4250|34722431| 92401337|5805|      |86|00|119|Y|430210003570|Y|1|00000430|0|        |IN 430 Sec 210 LM 004.25 N. of Colonel Glenn Rd.  
S|05|720236|1|1|22|1U|2|N|2|3|H|2|3|G|15|T|2|5|M|2|P|L|P|000054004000| 61300|36045171| 94190832|    |      |86|00|143|Y|540040061370|Y|1|00000540|0|        |IN 540 Sec 040 LM 061.30 S.of U.S.62 Interchange  
S|05|700040|1|1|22|3R|2|T|2|3|N|2|3|G|15|T|2|5|M|2|P|L|L|000016701000|      |33176940| 92634720|    |      |00|00|139|N|            |N|2|00000167|0|        |US 167 Sec 010 LM 013.41 South                    
S|05|430037|7|2|22|1R|2|T|2|3|N|2|3|G|15|N|2|1|U|1|P|L|R|000004041000|291451|34481300| 91512300|    |      |86|00|085|Y|040410178420|Y|1|00000040|0|        |IN 040 Sec 410 LM 180.00 Ricke                    
S|05|460006|3|1|22|1R|2|T|2|3|H|2|3|G|15|B|2|5|M|2|P|L|L|000003011000| 12903|33525940| 93927260|9100|      |94|00|091|Y|030011006990|Y|1|00000030|0|        |IN 030 Sec 110 LM 008.00 Miller C.R.63 Overpass   
S|05|650284|5|2|22|1U|2|T|2|3|H|2|3|G|15|T|2|5|M|2|P|L|L|000054001000| 11290|35369630| 94364470|    |      |91|00|131|Y|540012003530|Y|1|00000540|0|        |"IN 540 Sec 010 LM 007.00 East S.H.22Ft Smith"    
S|05|730076|1|1|22|5R|1|T|1|3|H|1|3|G|15|T|1|5|M|2|P|L|P|000012401200| 19957|35448460| 91072871|    |      |11|00|145|N|            |N|3|00000124|0|        |SH 124 Sec 12 LM 8.95                             
S|05|700040|5|1|22|3R|2|T|2|3|N|2|3|G|15|T|2|5|M|2|P|L|L|000016701000|      |33176940| 92634720|    |      |00|00|139|N|000000000000|N|2|00000167|0|        |US 167 Sec 010 LM 013.41 South                    
S|05|720236|5|1|22|1U|2|N|2|3|H|2|3|G|15|T|2|5|M|2|P|L|P|000054004000| 61300|36045171| 94190832|    |      |86|00|143|Y|540040061370|Y|1|00000540|0|        |IN 540 Sec 040 LM 061.30 S.of U.S.62 Interchange  
S|05|460286|1|1|22|1U|2|T|2|3|H|2|3|G|15|T|2|5|M|2|P|L|P|000024501000|  3225|33253884| 94002520|    |      |98|00|091|N|            |N|3|00000245|0|        | SH 245 Sec 010 LM 002.20 bet S.H. 196 U.S.82     
S|05|670027|1|1|22|5R|1|T|1|3|H|1|3|G|15|T|1|5|M|2|P|L|L|000011503000| 22109|35959352| 91539125|    |      |86|00|135|N|            |N|3|00000115|0|        |SH 115 Sec 030 LM 013.80 East of U.S. 167         
S|05|750006|5|1|22|3R|1|T|1|3|H|1|3|G|15|T|1|5|M|2|P|L|L|000000713000| 29354|35178669| 93156412|    |      |00|00|149|Y|007013006900|Y|3|00000007|0|        |SH 007 Sec 130 LM 011.66 South of S.H. 155        
S|05|380020|1|1|22|3R|1|T|1|3|H|1|3|G|15|T|1|5|M|2|P|L|P|000006303000| 10143|36009670| 91009190|    |      |11|00|075|N|            |N|3|00000063|0|        |SH 63 Sec 3 LM 15.71 to 19.52 South of Black Rock 
S|05|600870|3|3|22|2U|3|T|3|3|H|3|3|G|15|T|3|5|M|2|P|L|P|000044002000| 17742|34817101| 92153976|    |      |03|00|119|Y|440020010550|Y|3|00000440|0|        |"SH 440 Sec 020 LM 002.00 South S.H.161Rixey"     
S|05|680025|3|1|22|1R|2|T|2|3|H|2|3|G|15|B|2|5|M|2|P|L|R|000004051000|385000|35023194| 90822080|3074|      |91|00|123|Y|040051233420|Y|1|00000040|0|        |IN 040 Sec 510 LM 238.70 1 mi. West of S.H.1      
S|05|181501|5|2|22|1R|2|T|2|3|H|2|3|G|15|T|2|5|M|2|P|L|L|000005511000| 43225|35414270| 90237170|    |      |95|00|035|Y|055110023820|Y|1|00000055|0|        |IN 055 Sec 110 LM 026.00 at Miss. County Line     
S|05|730018|1|1|22|4R|1|T|1|3|H|1|3|G|15|T|1|5|M|2|P|L|P|000001601300|      |35425830| 91839720|    |      |11|00|145|N|            |N|3|00000016|0|        |SH 16  Sec 13 LM 1.49                             
S|05|730076|5|1|22|5R|1|T|1|3|H|1|3|G|15|T|1|5|M|2|P|L|P|000012401200| 19957|35448460| 91072871|    |      |11|00|145|N|            |N|3|00000124|0|        |SH 124 Sec 12 LM 8.95                             
S|05|670027|5|1|22|5R|1|T|1|3|H|1|3|G|15|T|1|5|M|2|P|L|L|000011503000| 22109|35959352| 91539125|    |      |86|00|135|N|            |N|3|00000115|0|        |SH 115 Sec 030 LM 013.80 East of U.S. 167         
S|05|630009|5|1|22|3R|1|T|1|3|N|1|3|G|15|N|1|5|M|2|P|L|P|000007110000| 16496|34748240| 94075706|    |      |09|00|127|N|            |N|2|00000071|0|        |US 071 Sec 100 LM 010.25 2 miles N.of U.S.270     
S|05|270012|7|1|22|5R|1|T|1|3|N|1|3|G|15|N|1|1|U|2|L|R|P|000004602000| 28742|34292180| 92424270|    |      |83|00|053|N|            |N|3|00000046|0|        | SH 046 Sec 020 LM 017.82 3.30                    
S|05|400062|5|2|22|3R|2|T|2|3|N|2|3|G|15|N|2|1|U|2|L|R|P|000006516000| 14016|34003660| 91577380|    |      |79|00|079|Y|065016000250|Y|2|00000065|0|        | US 065 Sec 160 LM 008.69 1.5mi                   
S|05|730018|5|1|22|4R|1|T|1|3|H|1|3|G|15|T|1|5|M|2|P|L|P|000001601300|      |35425830| 91839720|    |      |11|00|145|N|            |N|3|00000016|0|        |SH 16 Sec 13 LM 1.49                              
S|05|650284|1|1|22|1U|2|T|2|3|H|2|3|G|15|T|2|5|M|2|P|L|L|000054001000| 11290|35369630| 94364470|    |      |91|00|131|Y|540012003530|Y|1|00000540|0|        |"IN 540 Sec 010 LM 007.00 East S.H.22Ft Smith"    
S|05|350314|1|2|22|1U|2|T|2|3|H|2|3|G|15|T|2|5|M|2|P|L|L|000053005000| 59545|34221830| 92074330|    |      |00|00|069|Y|530050036040|Y|1|00000530|0|        |IN 530 Sec 050 LM 037.00 North of S.H. 190        
S|05|580024|1|1|22|4R|1|T|1|3|N|1|3|G|15|N|0|1|U|2|L|R|P|000000716000| 25580|35483730| 93132370|    |      |87|00|115|Y|007016000000|Y|3|00000007|0|        |SH 007 Sec 150 LM 015.75 North of S.H. 164        
S|05|720236|5|2|22|1U|2|N|2|3|H|2|3|G|15|T|2|5|M|2|P|L|P|000054004000| 61300|36045171| 94190832|    |      |86|00|143|Y|540040061370|Y|1|00000540|0|        |IN 540 Sec 040 LM 061.30 S.of U.S.62 Interchange  
S|05|430038|5|1|22|2U|2|T|2|3|H|2|3|G|15|B|2|5|M|2|P|L|R|000006711000|  2065|34965240| 92046980|4021|      |95|00|085|Y|067011000710|Y|2|00000067|0|        |US 067 Sec 110 LM 001.28 South of S.H. 89         
S|05|580024|5|1|22|4R|1|T|1|3|N|1|3|G|15|N|0|1|U|2|L|R|P|000000716000| 25580|35483730| 93132370|    |      |87|00|115|Y|007016000000|Y|3|00000007|0|        |SH 007 Sec 150 LM 015.75 North of S.H. 164        
S|05|480086|1|1|22|3R|1|T|1|3|H|1|3|G|15|N|2|1|M|2|P|L|P|     7913000|      |34670883| 91354767|    |      |15|00|000|N|            |N|3|     079|0|        | SH 79 Sec. 14  LM 6.19 Clarendon                 
S|05|600345|1|1|22|1U|3|T|3|3|H|3|3|G|15|B|3|5|M|2|P|L|P|000043021000|  4250|34722431| 92401337|5805|      |86|00|119|Y|430210003570|Y|1|00000430|0|        |IN 430 Sec 210 LM 004.25 N. of Colonel Glenn Rd.  
S|05|481524|7|2|22|1R|2|N|1|3|H|2|3|G|15|N|1|1|U|1|R|P|P|000004043000|346290|34905370| 91226090|    |      |86|00|095|N|            |N|1|00000040|0|        |IN 040 Sec 430 LM 214.70 1.0 mi West of U.S.49    
S|05|600613|1|2|22|2U|2|T|2|3|N|2|3|G|15|N|0|1|U|1|L|R|P|000006710000| 12596|34851450| 92141890|    |      |87|00|119|Y|067010006110|Y|2|00000067|0|        |US 067 Sec 100 LM 007.81 South of Redmond Road    
S|05|600870|7|3|22|2U|3|T|3|3|H|3|3|G|15|T|3|5|M|2|P|L|P|000044002000| 17742|34817101| 92153976|    |      |03|00|119|Y|440020010550|Y|3|00000440|0|        |"SH 440 Sec 020 LM 002.00 South S.H.161Rixey"     
S|05|620176|5|1|22|4U|1|T|1|3|H|1|3|G|15|T|1|5|M|2|P|L|P|000001830100| 29453|34579440| 92495000|    |      |10|00|125|N|            |N|3|00000183|0|        |SH 183 Sec. 1 LM 4.18                             
S|05|680025|3|2|22|1R|2|T|2|3|H|2|3|G|15|B|2|5|M|2|P|L|R|000004051000|385000|35023194| 90822080|3074|      |91|00|123|Y|040051233420|Y|1|00000040|0|        |IN 040 Sec 510 LM 238.70 1 mi. West of S.H.1      
S|05|650284|5|1|22|1U|2|T|2|3|H|2|3|G|15|T|2|5|M|2|P|L|L|000054001000| 11290|35369630| 94364470|    |      |91|00|131|Y|540012003530|Y|1|00000540|0|        |"IN 540 Sec 010 LM 007.00 East S.H.22Ft Smith"    
S|05|700040|1|2|22|3R|2|T|2|3|N|2|3|G|15|T|2|5|M|2|P|L|L|000016701000|      |33176940| 92634720|    |      |00|00|139|N|000000000000|N|2|00000167|0|        |US 167 Sec 010 LM 013.41 South                    
S|05|700040|5|2|22|3R|2|T|2|3|N|2|3|G|15|T|2|5|M|2|P|L|L|000016701000|      |33176940| 92634720|    |      |00|00|139|N|            |N|2|00000167|0|        |US 167 Sec 010 LM 013.41 South                    
S|05|730222|1|1|22|5U|1|T|1|3|H|1|3|M|13|T|1|5|T|2|P|L|P|73x00367x160|242039|35238620| 91691840|0000|000000|10|00|145|N|730367160024|N|3|00000367|0|        |S.H.367 Sec. 160 L.M. 3.03***********             
S|05|730068|1|2|22|2R|2|T|2|3|H|2|3|M|13|T|2|5|T|2|P|L|P|000000000000|      |35332471| 91542000|3011|     0|99|00|145|N| 7.30671E+11|N|2|      67|0|        |US 067 Sec 130 LM 010.40 at S.H. 258  Overpass    
S|05|740035|3|1|22|4R|1|T|1|3|H|1|3|G|15|T|1|5|M|2|P|L|P|000006413000|  8870|35277412| 91260162|    |      |02|00|147|Y|064130000770|Y|2|00000064|0|        |US 064 Sec 130 LM 005.50 West if S.H. 17          
S|05|350019|1|2|22|1R|2|T|2|3|H|2|3|G|15|B|2|5|M|2|P|L|R|000053005000|      |34330170| 92159500|A600|      |96|00|069|Y|065014006620|Y|1|00000530|0|        |IN 530 Sec 050 LM 026.70 at Gr                    
S|05|350314|5|2|22|1U|2|T|2|3|H|2|3|G|15|T|2|5|M|2|P|L|L|000053005000| 59545|34221830| 92074330|    |      |00|00|069|Y|530050036040|Y|1|00000530|0|        |IN 530 Sec 050 LM 037.00 North of S.H. 190        
S|05|400062|1|2|22|3R|2|T|2|3|N|2|3|G|15|N|2|1|U|2|L|R|P|000006516000| 14016|34003660| 91577380|    |      |79|00|079|Y|065016000250|Y|2|00000065|0|        | US 065 Sec 160 LM 008.69 1.5mi                   
S|05|430038|1|2|22|2U|2|T|2|3|H|2|3|G|15|B|2|5|M|2|P|L|R|000006711000|  2065|34965240| 92046980|4021|      |95|00|085|Y|067011000710|Y|2|00000067|0|        |US 067 Sec 110 LM 001.28 South of S.H. 89         
S|05|460011|5|2|22|1R|2|T|2|3|H|2|3|G|15|L|2|5|M|2|P|L|L|000054901000|  1609|33293510| 93922050|    |      |05|00|091|N|            |N|3|00000549|0|        |SH 549 Sec 010 LM 33.92 1 Mile N of CR 4          
S|05|560093|5|1|22|3R|2|T|2|3|H|2|3|M|15|T|2|5|U|2|P|L|P|56x00063x080|724127|35356717| 90497000|    |      |15|00|111|Y|560063090075|Y|0|30000006|3|        | US 63 L.M. 7.24 ending L.M. 12.78                
S|05|720236|1|2|22|1U|2|N|2|3|H|2|3|G|15|T|2|5|M|2|P|L|P|000054004000| 61300|36045171| 94190832|    |      |86|00|143|Y|540040061370|Y|1|00000540|0|        |IN 540 Sec 040 LM 061.30 S.of U.S.62 Interchange  
S|05|750010|7|1|22|4R|1|T|1|3|H|1|3|G|15|T|1|5|M|2|P|L|L|000001003000| 11587|35114029| 93593178|    |      |02|00|149|N|            |N|3|00000010|0|        |SH 010 Sec 030 LM 007.20 East of C.R. 537         
