record_type|state_code|station_id|travel_dir|travel_lane|year_record|f_system|num_lanes|sample_type_volume|num_lanes_volume|method_volume|sample_type_class|num_lanes_class|method_class|algorithm_volume|num_classes|sample_type_truck|num_lanes_truck|method_truck|calibration|data_retrieval|type_sensor_1|type_sensor_2|primary_purpose|lrs_id|lrs_point|latitude|longitude|shrp_id|prev_station_id|year_established|year_discontinued|county_code|is_sample|sample_id|nhs|posted_route_signing|posted_signed_route|con_route_signing|con_signed_route|station_location
S|11|S10012|4|0|22|1U|4|T|4|3|H|4|3|D|05| |0|0| |2|W| |I|000015048453|      |38867313| 76990787|    |      |18|00|001|Y|1301        |Y|0|00000295|0|        |I-295 0.2 Mile South of MLK Ave, SE               
S|11|000050|3|1|22|2U|3|T|3|3|H|3|3|K|15|T|3|5|T|2|E|L|P|            |      |38918060| 76944910|    |   112|02|00|000|N|        2502|N|2|     050|0|        |New York East 050                                 
S|11|S10038|3|0|22|1U|3|T|3|3|H|3|3|D|05| |0|0| |2|W| |I|000015048473|      |38881365| 77008066|    |      |18|00|001|Y|1402A       |Y|0|00000695|0|        |I-695 0.05 Mile East of S. Capitol St             
S|11|S30023|1|0|22|4U|2|T|2|3|H|2|3|F|13| |0|0| |2|P|L|I|000013009362|      |38854623| 76969982|    |      |06|00|001|Y|4502        |N|0|00000000|0|        |Alabama Avenue SE between Hartford St             
S|11|S10013|1|0|22|1U|5|T|5|3|H|5|3|D|05| |0|0| |2|W| |I|000015048451|      |38867313| 76990787|    |      |18|00|001|Y|1301        |Y|0|00000295|0|        |I-295 0.2 Mile South of MLK Ave, SE               
S|11|S10037|7|0|22|1U|4|T|4|3|H|4|3|D|05| |0|0| |2|W| |I|000015048471|      |38881525| 77008006|    |      |18|00|001|Y|1402A       |Y|0|00000695|0|        |I-695 0.05 Mile East of S. Capitol St             
S|11|000050|7|3|22|2U|3|T|3|3|H|3|3|K|15|T|3|5|T|2|E|L|P|            |      |38918060| 76944910|    |   116|02|00|000|N|        2502|N|2|      50|0|        |New York West 050                                 
S|11|001295|1|1|22|1U|3|T|3|3|H|3|3|K|15|T|3|5|T|2|E|L|P|            |      |38814200| 77019630|    |      |05|00|000|N|        1203|N|1|     295|0|        |Anacostia North ANN                               
S|11|S10046|4|0|22|1U|3|T|3|3|H|3|3|D|05| |0|0| |2|W| |I|000015048463|      |38882441| 77024164|    |      |18|00|001|Y|1601        |Y|0|00000395|0|        |I-395 at 9th St, SW                               
S|11|001295|1|3|22|1U|3|T|3|3|H|3|3|K|15|T|3|5|T|2|E|L|P|            |      |38814200| 77019630|    |      |05|00|000|N|        1203|N|1|     295|0|        |Anacostia North ANN                               
S|11|002295|5|1|22|1U|3|T|3|3|H|3|3|K|15|T|3|5|T|2|E|L|P|            |      |38817260| 77018580|    |      |05|00|000|N|        1203|N|1|     295|0|        |Anacostia South ANS                               
S|11|S30004|7|0|22|1U|4|T|4|3|H|4|3|F|13| |0|0| |2|P|L|I|000015048433|      |38893545| 77054839|    |      |18|00|001|Y|1202        |Y|0|00000066|0|        |Theodore Roosevelt Bridge (I-66)                  
S|11|S30005|3|0|22|1U|5|T|5|3|H|5|3|F|13| |0|0| |2|P|L|I|000015048431|      |38892570| 77053840|    |      |18|00|001|Y|1202        |Y|0|00000066|0|        |Theodore Roosevelt Bridge (I-66)                  
S|11|000050|3|2|22|2U|3|T|3|3|H|3|3|K|15|T|3|5|T|2|E|L|P|            |      |38918060| 76944910|    |   112|02|00|000|N|        2502|N|2|      50|0|        |New York East 050                                 
S|11|001295|1|2|22|1U|3|T|3|3|H|3|3|K|15|T|3|5|T|2|E|L|P|            |      |38814200| 77019630|    |      |05|00|000|N|        1203|N|1|     295|0|        |Anacostia North ANN                               
S|11|001295|1|0|22|1U|3|N|3|3|H|3|3|K|15|T|3|5|T|2|E|N|P|           0|124552|38814200| 77019630|    | 41528|07|00|000|N|        1203|N|1|000I-295|0|       0|I-295@DC Line                                     
S|11|S30014|4|0|22|3U|3|T|3|3|H|3|3|F|13| |0|0| |2|P|L|I|000011025152|      |38966234| 77076357|    |      |06|00|001|Y|7088        |Y|0|00000000|0|        |Connecticut Avenue NW between Chevy C             
S|11|002295|5|2|22|1U|3|T|3|3|H|3|3|K|15|T|3|5|T|2|E|L|P|            |      |38817260| 77018580|    |      |05|00|000|N|        1203|N|1|     295|0|        |Anacostia South ANS                               
S|11|S10022|4|0|22|2U|3|T|3|3|H|3|3|D|05| |0|0| |2|W| |I|000012051801|      |38894327| 76953503|    |      |18|00|001|Y|2501        |Y|0|00000295|0|        |DC-295 at Benning Rd, NE                          
S|11|S10045|1|0|22|1U|3|T|3|3|H|3|3|D|05| |0|0| |2|W| |I|000015048461|      |38882179| 77024300|    |      |18|00|001|Y|1601        |Y|0|00000395|0|        |I-395 at 9th St, SW                               
S|11|S10004|1|0|22|1U|2|T|2|3|H|2|3|D|05| |0|0| |2|W| |I|000015048451|      |38828974| 77016529|    |      |18|00|001|Y|1203        |Y|0|00000295|0|        |I-295 at Chesapeake Street, SW                    
S|11|S30011|1|0|22|4U|2|T|2|3|H|2|3|F|13| |0|0| |2|P|L|I|000012064222|      |38961125| 77005892|    |      |06|00|001|Y|7032        |Y|0|00000000|0|        |New Hampshire Avenue NE at CSX Transp             
S|11|S30024|4|0|22|4U|3|T|3|3|H|3|3|F|13| |0|0| |2|P|L|I|000011094052|      |38958337| 77084493|    |      |06|00|001|Y|3707        |Y|0|00000000|0|        |Wisconsin Avenue NW at District / Mar             
S|11|000050|3|3|22|2U|3|T|3|3|H|3|3|K|15|T|3|5|T|2|E|L|P|            |      |38918060| 76944910|    |   112|02|00|000|N|        2502|N|2|      50|0|        |New York East 050                                 
S|11|S30011|4|0|22|4U|2|T|2|3|H|2|3|F|13| |0|0| |2|P|L|I|000012064222|      |38961125| 77005892|    |      |06|00|001|Y|7032        |Y|0|00000000|0|        |New Hampshire Avenue NE at CSX Transp             
S|11|002295|5|3|22|1U|3|T|3|3|H|3|3|K|15|T|3|5|T|2|E|L|P|            |      |38817260| 77018580|    |      |05|00|000|N|        1203|N|1|     295|0|        |Anacostia South ANS                               
S|11|S30014|1|0|22|3U|3|T|3|3|H|3|3|F|13| |0|0| |2|P|L|I|000011025152|      |38966234| 77076357|    |      |06|00|001|Y|7088        |Y|0|00000000|0|        |Connecticut Avenue NW between Chevy C             
S|11|S30019|3|0|22|4U|2|T|2|3|H|2|3|F|13| |0|0| |2|P|L|I|000011050892|      |38902466| 77043001|    |      |06|00|001|N|            |Y|0|00000000|0|        |K Street NW between 18th Street NW an             
S|11|S10023|1|0|22|2U|3|T|3|3|H|3|3|D|05| |0|0| |2|W| |I|000012051803|      |38895356| 76952367|    |      |18|00|001|Y|2501        |Y|0|00000295|0|        |DC-295 at Benning Rd, NE                          
S|11|S30013|1|0|22|3U|3|T|3|3|H|3|3|F|13| |0|0| |2|P|L|I|000011040042|      |38983073| 77026519|    |      |06|00|001|Y|7051        |Y|0|00000000|0|        |Georgia Avenue NE between Eastern Ave             
S|11|S30023|4|0|22|4U|2|T|2|3|H|2|3|F|13| |0|0| |2|P|L|I|000013009362|      |38854623| 76969982|    |      |06|00|001|Y|4502        |N|0|00000000|0|        |Alabama Avenue SE between Hartford St             
S|11|S30024|1|0|22|4U|3|T|3|3|H|3|3|F|13| |0|0| |2|P|L|I|000011094052|      |38958337| 77084493|    |      |06|00|001|Y|3707        |Y|0|00000000|0|        |Wisconsin Avenue NW at District / Mar             
S|11|S10005|4|0|22|1U|2|T|2|3|H|2|3|D|05| |0|0| |2|W| |I|000015048453|      |38830937| 77015385|    |      |18|00|001|Y|1203        |Y|0|00000295|0|        |I-295 0.2 Mile North of Chesapeake St             
S|11|S30012|4|0|22|3U|3|T|3|3|H|3|3|F|13| |0|0| |2|P|L|I|000011040042|      |38983338| 77026630|    |      |06|00|001|Y|7051        |Y|0|00000000|0|        |Georgia Avenue NE between Eastern Ave             
S|11|S30029|3|0|22|3U|2|T|2|3|H|2|3|F|13| |0|0| |2|P|L|I|000013069812|      |38864224| 76947923|    |      |06|00|001|Y|3603        |Y|0|00000000|0|        |Pennsylvania Avenue SE between 40th S             
S|11|S30029|7|0|22|3U|2|T|2|3|H|2|3|F|13| |0|0| |2|P|L|I|000013069812|      |38864224| 76947923|    |      |06|00|001|Y|3603        |Y|0|00000000|0|        |Pennsylvania Avenue SE between 40th S             
